Archive member included to satisfy reference by file (symbol)

d:/atmel/7.0/toolchain/avr8/avr8-gnu-toolchain/bin/../lib/gcc/avr/5.4.0/../../../../avr/lib/avr5\libprintf_flt.a(vfprintf_flt.o)
                              (vfprintf)
d:/atmel/7.0/toolchain/avr8/avr8-gnu-toolchain/bin/../lib/gcc/avr/5.4.0/avr5\libgcc.a(_divmodhi4.o)
                              AirCond.o (__divmodhi4)
d:/atmel/7.0/toolchain/avr8/avr8-gnu-toolchain/bin/../lib/gcc/avr/5.4.0/avr5\libgcc.a(_exit.o)
                              D:/Atmel/7.0/Packs/atmel/ATmega_DFP/1.3.300/gcc/dev/atmega328p/avr5/crtatmega328p.o (exit)
d:/atmel/7.0/toolchain/avr8/avr8-gnu-toolchain/bin/../lib/gcc/avr/5.4.0/avr5\libgcc.a(_tablejump2.o)
                              MenuStatus.o (__tablejump2__)
d:/atmel/7.0/toolchain/avr8/avr8-gnu-toolchain/bin/../lib/gcc/avr/5.4.0/avr5\libgcc.a(_copy_data.o)
                              AutoSet.o (__do_copy_data)
d:/atmel/7.0/toolchain/avr8/avr8-gnu-toolchain/bin/../lib/gcc/avr/5.4.0/avr5\libgcc.a(_clear_bss.o)
                              ADConverter.o (__do_clear_bss)
d:/atmel/7.0/toolchain/avr8/avr8-gnu-toolchain/bin/../lib/gcc/avr/5.4.0/avr5\libgcc.a(_umulhisi3.o)
                              LCD.o (__umulhisi3)
d:/atmel/7.0/toolchain/avr8/avr8-gnu-toolchain/bin/../lib/gcc/avr/5.4.0/avr5\libgcc.a(_prologue.o)
                              d:/atmel/7.0/toolchain/avr8/avr8-gnu-toolchain/bin/../lib/gcc/avr/5.4.0/../../../../avr/lib/avr5\libprintf_flt.a(vfprintf_flt.o) (__prologue_saves__)
d:/atmel/7.0/toolchain/avr8/avr8-gnu-toolchain/bin/../lib/gcc/avr/5.4.0/avr5\libgcc.a(_epilogue.o)
                              d:/atmel/7.0/toolchain/avr8/avr8-gnu-toolchain/bin/../lib/gcc/avr/5.4.0/../../../../avr/lib/avr5\libprintf_flt.a(vfprintf_flt.o) (__epilogue_restores__)
d:/atmel/7.0/toolchain/avr8/avr8-gnu-toolchain/bin/../lib/gcc/avr/5.4.0/avr5\libgcc.a(_udivmodhi4.o)
                              d:/atmel/7.0/toolchain/avr8/avr8-gnu-toolchain/bin/../lib/gcc/avr/5.4.0/avr5\libgcc.a(_divmodhi4.o) (__udivmodhi4)
d:/atmel/7.0/toolchain/avr8/avr8-gnu-toolchain/bin/../lib/gcc/avr/5.4.0/../../../../avr/lib/avr5\libm.a(addsf3.o)
                              AirCond.o (__subsf3)
d:/atmel/7.0/toolchain/avr8/avr8-gnu-toolchain/bin/../lib/gcc/avr/5.4.0/../../../../avr/lib/avr5\libm.a(addsf3x.o)
                              d:/atmel/7.0/toolchain/avr8/avr8-gnu-toolchain/bin/../lib/gcc/avr/5.4.0/../../../../avr/lib/avr5\libm.a(addsf3.o) (__addsf3x)
d:/atmel/7.0/toolchain/avr8/avr8-gnu-toolchain/bin/../lib/gcc/avr/5.4.0/../../../../avr/lib/avr5\libm.a(cmpsf2.o)
                              ServiceMenu.o (__ltsf2)
d:/atmel/7.0/toolchain/avr8/avr8-gnu-toolchain/bin/../lib/gcc/avr/5.4.0/../../../../avr/lib/avr5\libm.a(divsf3.o)
                              Led_driver.o (__divsf3)
d:/atmel/7.0/toolchain/avr8/avr8-gnu-toolchain/bin/../lib/gcc/avr/5.4.0/../../../../avr/lib/avr5\libm.a(divsf3x.o)
                              d:/atmel/7.0/toolchain/avr8/avr8-gnu-toolchain/bin/../lib/gcc/avr/5.4.0/../../../../avr/lib/avr5\libm.a(divsf3.o) (__divsf3x)
d:/atmel/7.0/toolchain/avr8/avr8-gnu-toolchain/bin/../lib/gcc/avr/5.4.0/../../../../avr/lib/avr5\libm.a(fixsfsi.o)
                              DHT.o (__fixsfsi)
d:/atmel/7.0/toolchain/avr8/avr8-gnu-toolchain/bin/../lib/gcc/avr/5.4.0/../../../../avr/lib/avr5\libm.a(fixunssfsi.o)
                              ServiceMenu.o (__fixunssfsi)
d:/atmel/7.0/toolchain/avr8/avr8-gnu-toolchain/bin/../lib/gcc/avr/5.4.0/../../../../avr/lib/avr5\libm.a(floatsisf.o)
                              main.o (__floatunsisf)
d:/atmel/7.0/toolchain/avr8/avr8-gnu-toolchain/bin/../lib/gcc/avr/5.4.0/../../../../avr/lib/avr5\libm.a(fp_cmp.o)
                              d:/atmel/7.0/toolchain/avr8/avr8-gnu-toolchain/bin/../lib/gcc/avr/5.4.0/../../../../avr/lib/avr5\libm.a(cmpsf2.o) (__fp_cmp)
d:/atmel/7.0/toolchain/avr8/avr8-gnu-toolchain/bin/../lib/gcc/avr/5.4.0/../../../../avr/lib/avr5\libm.a(fp_inf.o)
                              d:/atmel/7.0/toolchain/avr8/avr8-gnu-toolchain/bin/../lib/gcc/avr/5.4.0/../../../../avr/lib/avr5\libm.a(addsf3x.o) (__fp_inf)
d:/atmel/7.0/toolchain/avr8/avr8-gnu-toolchain/bin/../lib/gcc/avr/5.4.0/../../../../avr/lib/avr5\libm.a(fp_nan.o)
                              d:/atmel/7.0/toolchain/avr8/avr8-gnu-toolchain/bin/../lib/gcc/avr/5.4.0/../../../../avr/lib/avr5\libm.a(addsf3x.o) (__fp_nan)
d:/atmel/7.0/toolchain/avr8/avr8-gnu-toolchain/bin/../lib/gcc/avr/5.4.0/../../../../avr/lib/avr5\libm.a(fp_pscA.o)
                              d:/atmel/7.0/toolchain/avr8/avr8-gnu-toolchain/bin/../lib/gcc/avr/5.4.0/../../../../avr/lib/avr5\libm.a(addsf3x.o) (__fp_pscA)
d:/atmel/7.0/toolchain/avr8/avr8-gnu-toolchain/bin/../lib/gcc/avr/5.4.0/../../../../avr/lib/avr5\libm.a(fp_pscB.o)
                              d:/atmel/7.0/toolchain/avr8/avr8-gnu-toolchain/bin/../lib/gcc/avr/5.4.0/../../../../avr/lib/avr5\libm.a(addsf3x.o) (__fp_pscB)
d:/atmel/7.0/toolchain/avr8/avr8-gnu-toolchain/bin/../lib/gcc/avr/5.4.0/../../../../avr/lib/avr5\libm.a(fp_round.o)
                              d:/atmel/7.0/toolchain/avr8/avr8-gnu-toolchain/bin/../lib/gcc/avr/5.4.0/../../../../avr/lib/avr5\libm.a(addsf3.o) (__fp_round)
d:/atmel/7.0/toolchain/avr8/avr8-gnu-toolchain/bin/../lib/gcc/avr/5.4.0/../../../../avr/lib/avr5\libm.a(fp_split3.o)
                              d:/atmel/7.0/toolchain/avr8/avr8-gnu-toolchain/bin/../lib/gcc/avr/5.4.0/../../../../avr/lib/avr5\libm.a(addsf3x.o) (__fp_split3)
d:/atmel/7.0/toolchain/avr8/avr8-gnu-toolchain/bin/../lib/gcc/avr/5.4.0/../../../../avr/lib/avr5\libm.a(fp_zero.o)
                              d:/atmel/7.0/toolchain/avr8/avr8-gnu-toolchain/bin/../lib/gcc/avr/5.4.0/../../../../avr/lib/avr5\libm.a(addsf3x.o) (__fp_zero)
d:/atmel/7.0/toolchain/avr8/avr8-gnu-toolchain/bin/../lib/gcc/avr/5.4.0/../../../../avr/lib/avr5\libm.a(gesf2.o)
                              AirCond.o (__gesf2)
d:/atmel/7.0/toolchain/avr8/avr8-gnu-toolchain/bin/../lib/gcc/avr/5.4.0/../../../../avr/lib/avr5\libm.a(mulsf3.o)
                              DHT.o (__mulsf3)
d:/atmel/7.0/toolchain/avr8/avr8-gnu-toolchain/bin/../lib/gcc/avr/5.4.0/../../../../avr/lib/avr5\libm.a(mulsf3x.o)
                              d:/atmel/7.0/toolchain/avr8/avr8-gnu-toolchain/bin/../lib/gcc/avr/5.4.0/../../../../avr/lib/avr5\libm.a(mulsf3.o) (__mulsf3x)
d:/atmel/7.0/toolchain/avr8/avr8-gnu-toolchain/bin/../lib/gcc/avr/5.4.0/../../../../avr/lib/avr5\libc.a(ftoa_engine.o)
                              d:/atmel/7.0/toolchain/avr8/avr8-gnu-toolchain/bin/../lib/gcc/avr/5.4.0/../../../../avr/lib/avr5\libprintf_flt.a(vfprintf_flt.o) (__ftoa_engine)
d:/atmel/7.0/toolchain/avr8/avr8-gnu-toolchain/bin/../lib/gcc/avr/5.4.0/../../../../avr/lib/avr5\libc.a(strnlen_P.o)
                              d:/atmel/7.0/toolchain/avr8/avr8-gnu-toolchain/bin/../lib/gcc/avr/5.4.0/../../../../avr/lib/avr5\libprintf_flt.a(vfprintf_flt.o) (strnlen_P)
d:/atmel/7.0/toolchain/avr8/avr8-gnu-toolchain/bin/../lib/gcc/avr/5.4.0/../../../../avr/lib/avr5\libc.a(strnlen.o)
                              d:/atmel/7.0/toolchain/avr8/avr8-gnu-toolchain/bin/../lib/gcc/avr/5.4.0/../../../../avr/lib/avr5\libprintf_flt.a(vfprintf_flt.o) (strnlen)
d:/atmel/7.0/toolchain/avr8/avr8-gnu-toolchain/bin/../lib/gcc/avr/5.4.0/../../../../avr/lib/avr5\libc.a(fputc.o)
                              d:/atmel/7.0/toolchain/avr8/avr8-gnu-toolchain/bin/../lib/gcc/avr/5.4.0/../../../../avr/lib/avr5\libprintf_flt.a(vfprintf_flt.o) (fputc)
d:/atmel/7.0/toolchain/avr8/avr8-gnu-toolchain/bin/../lib/gcc/avr/5.4.0/../../../../avr/lib/avr5\libc.a(sprintf.o)
                              DHT.o (sprintf)
d:/atmel/7.0/toolchain/avr8/avr8-gnu-toolchain/bin/../lib/gcc/avr/5.4.0/../../../../avr/lib/avr5\libc.a(ultoa_invert.o)
                              d:/atmel/7.0/toolchain/avr8/avr8-gnu-toolchain/bin/../lib/gcc/avr/5.4.0/../../../../avr/lib/avr5\libprintf_flt.a(vfprintf_flt.o) (__ultoa_invert)

Allocating common symbols
Common symbol       size              file

hum                 0x1               ADConverter.o
tmp                 0x2               ADConverter.o
tct                 0x2               ADConverter.o
latch_1             0x1               ADConverter.o
pwr_count           0x2               ADConverter.o
v_1                 0x2               ADConverter.o
temp_alarm          0x1               ADConverter.o
soft_start          0x1               ADConverter.o
j                   0x2               ADConverter.o
search              0x1               ADConverter.o
dt2                 0x2               ADConverter.o
run_status          0x2               ADConverter.o
flv_alarm           0x1               ADConverter.o
tk                  0x2               ADConverter.o
dh                  0x4               ADConverter.o
input_bit           0x2               ADConverter.o
delta_U             0x2               ADConverter.o
pwr                 0x2               ADConverter.o
volt_2              0x2               ADConverter.o
u_1                 0x2               ADConverter.o
buff                0x10              ADConverter.o
mn_tm               0x2               Manual.o
w                   0x2               ADConverter.o
dh2                 0x2               ADConverter.o
revers              0x1               ADConverter.o
measure             0x2               ADConverter.o
temp_ID             0x2               ADConverter.o
relay               0x2               ADConverter.o
v_curr              0x2               ADConverter.o
flag2               0x1               ADConverter.o
volt_3              0x2               ADConverter.o
run_relay           0x1               ADConverter.o
active              0x2               ADConverter.o
voltage             0x2               ADConverter.o
adress_t            0x2               ADConverter.o
adres_call          0x2               ADConverter.o
lvl_1               0x1               ADConverter.o
pwr_flag            0x1               ADConverter.o
blink               0x2               ADConverter.o
norm                0x14              ADConverter.o
mode                0x1               ADConverter.o
dh1                 0x2               ADConverter.o
delta_H             0x4               ADConverter.o
test                0x2               ADConverter.o
device_ID           0x2               ADConverter.o
flag1               0x1               ADConverter.o
bit_flag            0x1               ADConverter.o
mcount              0x2               Manual.o
low                 0x2               ADConverter.o
v                   0x2               ADConverter.o
timer_M             0x2               ADConverter.o
hd                  0x4               ADConverter.o
tm                  0x4               ADConverter.o
faza                0x2               ADConverter.o
volts_level         0x1               ADConverter.o
faza_fall           0x1               ADConverter.o
al                  0x1               ADConverter.o
tt                  0x2               ADConverter.o
w_1                 0x2               ADConverter.o
pwm_finish          0x1               ADConverter.o
peak                0x2               ADConverter.o
counter             0x2               ADConverter.o
regim_fall          0x1               ADConverter.o
data                0x5               ADConverter.o
mn_time             0x2               ADConverter.o
lvl_2               0x1               ADConverter.o
interval            0x2               ADConverter.o
milis               0x2               ADConverter.o
external            0x1               ADConverter.o
d                   0x2               ADConverter.o
directive           0x2               ADConverter.o
answer              0x2               ADConverter.o
adress              0x2               ADConverter.o
w_curr              0x2               ADConverter.o
hi_flag             0x1               ADConverter.o
blink_detect        0x2               ADConverter.o
delta_T             0x4               ADConverter.o
lvl_3               0x1               ADConverter.o
past2               0x2               ADConverter.o
frame               0x2               ADConverter.o
check_sum           0x2               ADConverter.o
hum_alarm           0x1               ADConverter.o
rd                  0x4               ADConverter.o
u_curr              0x2               ADConverter.o
past                0x2               ADConverter.o
timer_U             0x2               ADConverter.o
faza_fall_1         0x1               ADConverter.o
stats               0x2               ADConverter.o
delta_F             0x2               ADConverter.o
stat                0x14              ADConverter.o
timer_FLV           0x2               ADConverter.o
detect              0x122             ADConverter.o
timing              0x2               ADConverter.o
dt                  0x4               ADConverter.o
flag3               0x1               ADConverter.o
volt_1              0x2               ADConverter.o
arm                 0x1               ADConverter.o
faza_fall_2         0x1               ADConverter.o
time_loop           0x1               ADConverter.o
receivemode         0x1               ADConverter.o
faza_counter        0x2               ADConverter.o
u                   0x2               ADConverter.o
dt1                 0x2               ADConverter.o
millis              0x2               ADConverter.o
regim               0x1               ADConverter.o
service             0x1               ADConverter.o

Discarded input sections

 .data          0x00000000        0x0 D:/Atmel/7.0/Packs/atmel/ATmega_DFP/1.3.300/gcc/dev/atmega328p/avr5/crtatmega328p.o
 .bss           0x00000000        0x0 D:/Atmel/7.0/Packs/atmel/ATmega_DFP/1.3.300/gcc/dev/atmega328p/avr5/crtatmega328p.o
 .text          0x00000000        0x0 ADConverter.o
 .data          0x00000000        0x0 ADConverter.o
 .bss           0x00000000        0x0 ADConverter.o
 .bss.tempdata  0x00000000        0x4 ADConverter.o
 .text          0x00000000        0x0 AirCond.o
 .data          0x00000000        0x0 AirCond.o
 .bss           0x00000000        0x0 AirCond.o
 .text.valve_status
                0x00000000       0x7e AirCond.o
 .bss.tempdata  0x00000000        0x4 AirCond.o
 .text          0x00000000        0x0 AutoSet.o
 .data          0x00000000        0x0 AutoSet.o
 .bss           0x00000000        0x0 AutoSet.o
 .rodata.str1.1
                0x00000000       0x52 AutoSet.o
 .text.AutoSet  0x00000000      0x1ec AutoSet.o
 .bss.tempdata  0x00000000        0x4 AutoSet.o
 .debug_info    0x00000000      0xc1e AutoSet.o
 .debug_abbrev  0x00000000      0x15e AutoSet.o
 .debug_loc     0x00000000       0xa9 AutoSet.o
 .debug_aranges
                0x00000000       0x20 AutoSet.o
 .debug_ranges  0x00000000       0x10 AutoSet.o
 .debug_line    0x00000000      0x2b0 AutoSet.o
 .debug_str     0x00000000      0x4d3 AutoSet.o
 .comment       0x00000000       0x31 AutoSet.o
 .debug_frame   0x00000000       0x38 AutoSet.o
 .text          0x00000000        0x0 AutoTemp.o
 .data          0x00000000        0x0 AutoTemp.o
 .bss           0x00000000        0x0 AutoTemp.o
 .bss.tempdata  0x00000000        0x4 AutoTemp.o
 .text          0x00000000        0x0 DHT.o
 .data          0x00000000        0x0 DHT.o
 .bss           0x00000000        0x0 DHT.o
 .bss.tempdata  0x00000000        0x4 DHT.o
 .text          0x00000000        0x0 EepromDATA.o
 .data          0x00000000        0x0 EepromDATA.o
 .bss           0x00000000        0x0 EepromDATA.o
 .bss.tempdata  0x00000000        0x4 EepromDATA.o
 .text          0x00000000        0x0 Inputs.o
 .data          0x00000000        0x0 Inputs.o
 .bss           0x00000000        0x0 Inputs.o
 .bss.tempdata  0x00000000        0x4 Inputs.o
 .text          0x00000000        0x0 LCD.o
 .data          0x00000000        0x0 LCD.o
 .bss           0x00000000        0x0 LCD.o
 .bss.tempdata  0x00000000        0x4 LCD.o
 .text          0x00000000        0x0 Led_driver.o
 .data          0x00000000        0x0 Led_driver.o
 .bss           0x00000000        0x0 Led_driver.o
 .bss.tempdata  0x00000000        0x4 Led_driver.o
 .text          0x00000000        0x0 main.o
 .data          0x00000000        0x0 main.o
 .bss           0x00000000        0x0 main.o
 .bss.read_enable
                0x00000000        0x1 main.o
 .bss.temperatur
                0x00000000        0x2 main.o
 .bss.tempdata  0x00000000        0x4 main.o
 .text          0x00000000        0x0 Manual.o
 .data          0x00000000        0x0 Manual.o
 .bss           0x00000000        0x0 Manual.o
 .bss.tempdata  0x00000000        0x4 Manual.o
 COMMON         0x00000000        0x4 Manual.o
 .text          0x00000000        0x0 ManualSet.o
 .data          0x00000000        0x0 ManualSet.o
 .bss           0x00000000        0x0 ManualSet.o
 .rodata.str1.1
                0x00000000       0x88 ManualSet.o
 .text.ManualSet
                0x00000000      0x32c ManualSet.o
 .bss.tempdata  0x00000000        0x4 ManualSet.o
 .debug_info    0x00000000      0xe43 ManualSet.o
 .debug_abbrev  0x00000000      0x160 ManualSet.o
 .debug_loc     0x00000000      0x19b ManualSet.o
 .debug_aranges
                0x00000000       0x20 ManualSet.o
 .debug_ranges  0x00000000       0x10 ManualSet.o
 .debug_line    0x00000000      0x3fd ManualSet.o
 .debug_str     0x00000000      0x4d8 ManualSet.o
 .comment       0x00000000       0x31 ManualSet.o
 .debug_frame   0x00000000       0x38 ManualSet.o
 .text          0x00000000        0x0 MenuStatus.o
 .data          0x00000000        0x0 MenuStatus.o
 .bss           0x00000000        0x0 MenuStatus.o
 .bss.tempdata  0x00000000        0x4 MenuStatus.o
 .text          0x00000000        0x0 Omega.o
 .data          0x00000000        0x0 Omega.o
 .bss           0x00000000        0x0 Omega.o
 .bss.tempdata  0x00000000        0x4 Omega.o
 .text          0x00000000        0x0 Registr.o
 .data          0x00000000        0x0 Registr.o
 .bss           0x00000000        0x0 Registr.o
 .text.write_to_74HC595
                0x00000000      0x16a Registr.o
 .text          0x00000000        0x0 Service.o
 .data          0x00000000        0x0 Service.o
 .bss           0x00000000        0x0 Service.o
 .rodata.str1.1
                0x00000000      0x12b Service.o
 .text.Service  0x00000000      0xa0a Service.o
 .bss.tempdata  0x00000000        0x4 Service.o
 .debug_info    0x00000000     0x1b8e Service.o
 .debug_abbrev  0x00000000      0x14a Service.o
 .debug_loc     0x00000000      0x510 Service.o
 .debug_aranges
                0x00000000       0x20 Service.o
 .debug_ranges  0x00000000       0x10 Service.o
 .debug_line    0x00000000      0x82d Service.o
 .debug_str     0x00000000      0x4e3 Service.o
 .comment       0x00000000       0x31 Service.o
 .debug_frame   0x00000000       0x24 Service.o
 .text          0x00000000        0x0 ServiceMenu.o
 .data          0x00000000        0x0 ServiceMenu.o
 .bss           0x00000000        0x0 ServiceMenu.o
 .bss.tempdata  0x00000000        0x4 ServiceMenu.o
 .text          0x00000000        0x0 Voltmeter.o
 .data          0x00000000        0x0 Voltmeter.o
 .bss           0x00000000        0x0 Voltmeter.o
 .bss.tempdata  0x00000000        0x4 Voltmeter.o
 .text          0x00000000        0x0 d:/atmel/7.0/toolchain/avr8/avr8-gnu-toolchain/bin/../lib/gcc/avr/5.4.0/../../../../avr/lib/avr5\libprintf_flt.a(vfprintf_flt.o)
 .data          0x00000000        0x0 d:/atmel/7.0/toolchain/avr8/avr8-gnu-toolchain/bin/../lib/gcc/avr/5.4.0/../../../../avr/lib/avr5\libprintf_flt.a(vfprintf_flt.o)
 .bss           0x00000000        0x0 d:/atmel/7.0/toolchain/avr8/avr8-gnu-toolchain/bin/../lib/gcc/avr/5.4.0/../../../../avr/lib/avr5\libprintf_flt.a(vfprintf_flt.o)
 .text          0x00000000        0x0 d:/atmel/7.0/toolchain/avr8/avr8-gnu-toolchain/bin/../lib/gcc/avr/5.4.0/avr5\libgcc.a(_divmodhi4.o)
 .data          0x00000000        0x0 d:/atmel/7.0/toolchain/avr8/avr8-gnu-toolchain/bin/../lib/gcc/avr/5.4.0/avr5\libgcc.a(_divmodhi4.o)
 .bss           0x00000000        0x0 d:/atmel/7.0/toolchain/avr8/avr8-gnu-toolchain/bin/../lib/gcc/avr/5.4.0/avr5\libgcc.a(_divmodhi4.o)
 .text.libgcc.mul
                0x00000000        0x0 d:/atmel/7.0/toolchain/avr8/avr8-gnu-toolchain/bin/../lib/gcc/avr/5.4.0/avr5\libgcc.a(_divmodhi4.o)
 .text.libgcc   0x00000000        0x0 d:/atmel/7.0/toolchain/avr8/avr8-gnu-toolchain/bin/../lib/gcc/avr/5.4.0/avr5\libgcc.a(_divmodhi4.o)
 .text.libgcc.prologue
                0x00000000        0x0 d:/atmel/7.0/toolchain/avr8/avr8-gnu-toolchain/bin/../lib/gcc/avr/5.4.0/avr5\libgcc.a(_divmodhi4.o)
 .text.libgcc.builtins
                0x00000000        0x0 d:/atmel/7.0/toolchain/avr8/avr8-gnu-toolchain/bin/../lib/gcc/avr/5.4.0/avr5\libgcc.a(_divmodhi4.o)
 .text.libgcc.fmul
                0x00000000        0x0 d:/atmel/7.0/toolchain/avr8/avr8-gnu-toolchain/bin/../lib/gcc/avr/5.4.0/avr5\libgcc.a(_divmodhi4.o)
 .text.libgcc.fixed
                0x00000000        0x0 d:/atmel/7.0/toolchain/avr8/avr8-gnu-toolchain/bin/../lib/gcc/avr/5.4.0/avr5\libgcc.a(_divmodhi4.o)
 .text          0x00000000        0x0 d:/atmel/7.0/toolchain/avr8/avr8-gnu-toolchain/bin/../lib/gcc/avr/5.4.0/avr5\libgcc.a(_exit.o)
 .data          0x00000000        0x0 d:/atmel/7.0/toolchain/avr8/avr8-gnu-toolchain/bin/../lib/gcc/avr/5.4.0/avr5\libgcc.a(_exit.o)
 .bss           0x00000000        0x0 d:/atmel/7.0/toolchain/avr8/avr8-gnu-toolchain/bin/../lib/gcc/avr/5.4.0/avr5\libgcc.a(_exit.o)
 .text.libgcc.mul
                0x00000000        0x0 d:/atmel/7.0/toolchain/avr8/avr8-gnu-toolchain/bin/../lib/gcc/avr/5.4.0/avr5\libgcc.a(_exit.o)
 .text.libgcc.div
                0x00000000        0x0 d:/atmel/7.0/toolchain/avr8/avr8-gnu-toolchain/bin/../lib/gcc/avr/5.4.0/avr5\libgcc.a(_exit.o)
 .text.libgcc   0x00000000        0x0 d:/atmel/7.0/toolchain/avr8/avr8-gnu-toolchain/bin/../lib/gcc/avr/5.4.0/avr5\libgcc.a(_exit.o)
 .text.libgcc.prologue
                0x00000000        0x0 d:/atmel/7.0/toolchain/avr8/avr8-gnu-toolchain/bin/../lib/gcc/avr/5.4.0/avr5\libgcc.a(_exit.o)
 .text.libgcc.builtins
                0x00000000        0x0 d:/atmel/7.0/toolchain/avr8/avr8-gnu-toolchain/bin/../lib/gcc/avr/5.4.0/avr5\libgcc.a(_exit.o)
 .text.libgcc.fmul
                0x00000000        0x0 d:/atmel/7.0/toolchain/avr8/avr8-gnu-toolchain/bin/../lib/gcc/avr/5.4.0/avr5\libgcc.a(_exit.o)
 .text.libgcc.fixed
                0x00000000        0x0 d:/atmel/7.0/toolchain/avr8/avr8-gnu-toolchain/bin/../lib/gcc/avr/5.4.0/avr5\libgcc.a(_exit.o)
 .text          0x00000000        0x0 d:/atmel/7.0/toolchain/avr8/avr8-gnu-toolchain/bin/../lib/gcc/avr/5.4.0/avr5\libgcc.a(_tablejump2.o)
 .data          0x00000000        0x0 d:/atmel/7.0/toolchain/avr8/avr8-gnu-toolchain/bin/../lib/gcc/avr/5.4.0/avr5\libgcc.a(_tablejump2.o)
 .bss           0x00000000        0x0 d:/atmel/7.0/toolchain/avr8/avr8-gnu-toolchain/bin/../lib/gcc/avr/5.4.0/avr5\libgcc.a(_tablejump2.o)
 .text.libgcc.mul
                0x00000000        0x0 d:/atmel/7.0/toolchain/avr8/avr8-gnu-toolchain/bin/../lib/gcc/avr/5.4.0/avr5\libgcc.a(_tablejump2.o)
 .text.libgcc.div
                0x00000000        0x0 d:/atmel/7.0/toolchain/avr8/avr8-gnu-toolchain/bin/../lib/gcc/avr/5.4.0/avr5\libgcc.a(_tablejump2.o)
 .text.libgcc.prologue
                0x00000000        0x0 d:/atmel/7.0/toolchain/avr8/avr8-gnu-toolchain/bin/../lib/gcc/avr/5.4.0/avr5\libgcc.a(_tablejump2.o)
 .text.libgcc.builtins
                0x00000000        0x0 d:/atmel/7.0/toolchain/avr8/avr8-gnu-toolchain/bin/../lib/gcc/avr/5.4.0/avr5\libgcc.a(_tablejump2.o)
 .text.libgcc.fmul
                0x00000000        0x0 d:/atmel/7.0/toolchain/avr8/avr8-gnu-toolchain/bin/../lib/gcc/avr/5.4.0/avr5\libgcc.a(_tablejump2.o)
 .text.libgcc.fixed
                0x00000000        0x0 d:/atmel/7.0/toolchain/avr8/avr8-gnu-toolchain/bin/../lib/gcc/avr/5.4.0/avr5\libgcc.a(_tablejump2.o)
 .text          0x00000000        0x0 d:/atmel/7.0/toolchain/avr8/avr8-gnu-toolchain/bin/../lib/gcc/avr/5.4.0/avr5\libgcc.a(_copy_data.o)
 .data          0x00000000        0x0 d:/atmel/7.0/toolchain/avr8/avr8-gnu-toolchain/bin/../lib/gcc/avr/5.4.0/avr5\libgcc.a(_copy_data.o)
 .bss           0x00000000        0x0 d:/atmel/7.0/toolchain/avr8/avr8-gnu-toolchain/bin/../lib/gcc/avr/5.4.0/avr5\libgcc.a(_copy_data.o)
 .text.libgcc.mul
                0x00000000        0x0 d:/atmel/7.0/toolchain/avr8/avr8-gnu-toolchain/bin/../lib/gcc/avr/5.4.0/avr5\libgcc.a(_copy_data.o)
 .text.libgcc.div
                0x00000000        0x0 d:/atmel/7.0/toolchain/avr8/avr8-gnu-toolchain/bin/../lib/gcc/avr/5.4.0/avr5\libgcc.a(_copy_data.o)
 .text.libgcc   0x00000000        0x0 d:/atmel/7.0/toolchain/avr8/avr8-gnu-toolchain/bin/../lib/gcc/avr/5.4.0/avr5\libgcc.a(_copy_data.o)
 .text.libgcc.prologue
                0x00000000        0x0 d:/atmel/7.0/toolchain/avr8/avr8-gnu-toolchain/bin/../lib/gcc/avr/5.4.0/avr5\libgcc.a(_copy_data.o)
 .text.libgcc.builtins
                0x00000000        0x0 d:/atmel/7.0/toolchain/avr8/avr8-gnu-toolchain/bin/../lib/gcc/avr/5.4.0/avr5\libgcc.a(_copy_data.o)
 .text.libgcc.fmul
                0x00000000        0x0 d:/atmel/7.0/toolchain/avr8/avr8-gnu-toolchain/bin/../lib/gcc/avr/5.4.0/avr5\libgcc.a(_copy_data.o)
 .text.libgcc.fixed
                0x00000000        0x0 d:/atmel/7.0/toolchain/avr8/avr8-gnu-toolchain/bin/../lib/gcc/avr/5.4.0/avr5\libgcc.a(_copy_data.o)
 .text          0x00000000        0x0 d:/atmel/7.0/toolchain/avr8/avr8-gnu-toolchain/bin/../lib/gcc/avr/5.4.0/avr5\libgcc.a(_clear_bss.o)
 .data          0x00000000        0x0 d:/atmel/7.0/toolchain/avr8/avr8-gnu-toolchain/bin/../lib/gcc/avr/5.4.0/avr5\libgcc.a(_clear_bss.o)
 .bss           0x00000000        0x0 d:/atmel/7.0/toolchain/avr8/avr8-gnu-toolchain/bin/../lib/gcc/avr/5.4.0/avr5\libgcc.a(_clear_bss.o)
 .text.libgcc.mul
                0x00000000        0x0 d:/atmel/7.0/toolchain/avr8/avr8-gnu-toolchain/bin/../lib/gcc/avr/5.4.0/avr5\libgcc.a(_clear_bss.o)
 .text.libgcc.div
                0x00000000        0x0 d:/atmel/7.0/toolchain/avr8/avr8-gnu-toolchain/bin/../lib/gcc/avr/5.4.0/avr5\libgcc.a(_clear_bss.o)
 .text.libgcc   0x00000000        0x0 d:/atmel/7.0/toolchain/avr8/avr8-gnu-toolchain/bin/../lib/gcc/avr/5.4.0/avr5\libgcc.a(_clear_bss.o)
 .text.libgcc.prologue
                0x00000000        0x0 d:/atmel/7.0/toolchain/avr8/avr8-gnu-toolchain/bin/../lib/gcc/avr/5.4.0/avr5\libgcc.a(_clear_bss.o)
 .text.libgcc.builtins
                0x00000000        0x0 d:/atmel/7.0/toolchain/avr8/avr8-gnu-toolchain/bin/../lib/gcc/avr/5.4.0/avr5\libgcc.a(_clear_bss.o)
 .text.libgcc.fmul
                0x00000000        0x0 d:/atmel/7.0/toolchain/avr8/avr8-gnu-toolchain/bin/../lib/gcc/avr/5.4.0/avr5\libgcc.a(_clear_bss.o)
 .text.libgcc.fixed
                0x00000000        0x0 d:/atmel/7.0/toolchain/avr8/avr8-gnu-toolchain/bin/../lib/gcc/avr/5.4.0/avr5\libgcc.a(_clear_bss.o)
 .text          0x00000000        0x0 d:/atmel/7.0/toolchain/avr8/avr8-gnu-toolchain/bin/../lib/gcc/avr/5.4.0/avr5\libgcc.a(_umulhisi3.o)
 .data          0x00000000        0x0 d:/atmel/7.0/toolchain/avr8/avr8-gnu-toolchain/bin/../lib/gcc/avr/5.4.0/avr5\libgcc.a(_umulhisi3.o)
 .bss           0x00000000        0x0 d:/atmel/7.0/toolchain/avr8/avr8-gnu-toolchain/bin/../lib/gcc/avr/5.4.0/avr5\libgcc.a(_umulhisi3.o)
 .text.libgcc.div
                0x00000000        0x0 d:/atmel/7.0/toolchain/avr8/avr8-gnu-toolchain/bin/../lib/gcc/avr/5.4.0/avr5\libgcc.a(_umulhisi3.o)
 .text.libgcc   0x00000000        0x0 d:/atmel/7.0/toolchain/avr8/avr8-gnu-toolchain/bin/../lib/gcc/avr/5.4.0/avr5\libgcc.a(_umulhisi3.o)
 .text.libgcc.prologue
                0x00000000        0x0 d:/atmel/7.0/toolchain/avr8/avr8-gnu-toolchain/bin/../lib/gcc/avr/5.4.0/avr5\libgcc.a(_umulhisi3.o)
 .text.libgcc.builtins
                0x00000000        0x0 d:/atmel/7.0/toolchain/avr8/avr8-gnu-toolchain/bin/../lib/gcc/avr/5.4.0/avr5\libgcc.a(_umulhisi3.o)
 .text.libgcc.fmul
                0x00000000        0x0 d:/atmel/7.0/toolchain/avr8/avr8-gnu-toolchain/bin/../lib/gcc/avr/5.4.0/avr5\libgcc.a(_umulhisi3.o)
 .text.libgcc.fixed
                0x00000000        0x0 d:/atmel/7.0/toolchain/avr8/avr8-gnu-toolchain/bin/../lib/gcc/avr/5.4.0/avr5\libgcc.a(_umulhisi3.o)
 .text          0x00000000        0x0 d:/atmel/7.0/toolchain/avr8/avr8-gnu-toolchain/bin/../lib/gcc/avr/5.4.0/avr5\libgcc.a(_prologue.o)
 .data          0x00000000        0x0 d:/atmel/7.0/toolchain/avr8/avr8-gnu-toolchain/bin/../lib/gcc/avr/5.4.0/avr5\libgcc.a(_prologue.o)
 .bss           0x00000000        0x0 d:/atmel/7.0/toolchain/avr8/avr8-gnu-toolchain/bin/../lib/gcc/avr/5.4.0/avr5\libgcc.a(_prologue.o)
 .text.libgcc.mul
                0x00000000        0x0 d:/atmel/7.0/toolchain/avr8/avr8-gnu-toolchain/bin/../lib/gcc/avr/5.4.0/avr5\libgcc.a(_prologue.o)
 .text.libgcc.div
                0x00000000        0x0 d:/atmel/7.0/toolchain/avr8/avr8-gnu-toolchain/bin/../lib/gcc/avr/5.4.0/avr5\libgcc.a(_prologue.o)
 .text.libgcc   0x00000000        0x0 d:/atmel/7.0/toolchain/avr8/avr8-gnu-toolchain/bin/../lib/gcc/avr/5.4.0/avr5\libgcc.a(_prologue.o)
 .text.libgcc.builtins
                0x00000000        0x0 d:/atmel/7.0/toolchain/avr8/avr8-gnu-toolchain/bin/../lib/gcc/avr/5.4.0/avr5\libgcc.a(_prologue.o)
 .text.libgcc.fmul
                0x00000000        0x0 d:/atmel/7.0/toolchain/avr8/avr8-gnu-toolchain/bin/../lib/gcc/avr/5.4.0/avr5\libgcc.a(_prologue.o)
 .text.libgcc.fixed
                0x00000000        0x0 d:/atmel/7.0/toolchain/avr8/avr8-gnu-toolchain/bin/../lib/gcc/avr/5.4.0/avr5\libgcc.a(_prologue.o)
 .text          0x00000000        0x0 d:/atmel/7.0/toolchain/avr8/avr8-gnu-toolchain/bin/../lib/gcc/avr/5.4.0/avr5\libgcc.a(_epilogue.o)
 .data          0x00000000        0x0 d:/atmel/7.0/toolchain/avr8/avr8-gnu-toolchain/bin/../lib/gcc/avr/5.4.0/avr5\libgcc.a(_epilogue.o)
 .bss           0x00000000        0x0 d:/atmel/7.0/toolchain/avr8/avr8-gnu-toolchain/bin/../lib/gcc/avr/5.4.0/avr5\libgcc.a(_epilogue.o)
 .text.libgcc.mul
                0x00000000        0x0 d:/atmel/7.0/toolchain/avr8/avr8-gnu-toolchain/bin/../lib/gcc/avr/5.4.0/avr5\libgcc.a(_epilogue.o)
 .text.libgcc.div
                0x00000000        0x0 d:/atmel/7.0/toolchain/avr8/avr8-gnu-toolchain/bin/../lib/gcc/avr/5.4.0/avr5\libgcc.a(_epilogue.o)
 .text.libgcc   0x00000000        0x0 d:/atmel/7.0/toolchain/avr8/avr8-gnu-toolchain/bin/../lib/gcc/avr/5.4.0/avr5\libgcc.a(_epilogue.o)
 .text.libgcc.builtins
                0x00000000        0x0 d:/atmel/7.0/toolchain/avr8/avr8-gnu-toolchain/bin/../lib/gcc/avr/5.4.0/avr5\libgcc.a(_epilogue.o)
 .text.libgcc.fmul
                0x00000000        0x0 d:/atmel/7.0/toolchain/avr8/avr8-gnu-toolchain/bin/../lib/gcc/avr/5.4.0/avr5\libgcc.a(_epilogue.o)
 .text.libgcc.fixed
                0x00000000        0x0 d:/atmel/7.0/toolchain/avr8/avr8-gnu-toolchain/bin/../lib/gcc/avr/5.4.0/avr5\libgcc.a(_epilogue.o)
 .text          0x00000000        0x0 d:/atmel/7.0/toolchain/avr8/avr8-gnu-toolchain/bin/../lib/gcc/avr/5.4.0/avr5\libgcc.a(_udivmodhi4.o)
 .data          0x00000000        0x0 d:/atmel/7.0/toolchain/avr8/avr8-gnu-toolchain/bin/../lib/gcc/avr/5.4.0/avr5\libgcc.a(_udivmodhi4.o)
 .bss           0x00000000        0x0 d:/atmel/7.0/toolchain/avr8/avr8-gnu-toolchain/bin/../lib/gcc/avr/5.4.0/avr5\libgcc.a(_udivmodhi4.o)
 .text.libgcc.mul
                0x00000000        0x0 d:/atmel/7.0/toolchain/avr8/avr8-gnu-toolchain/bin/../lib/gcc/avr/5.4.0/avr5\libgcc.a(_udivmodhi4.o)
 .text.libgcc   0x00000000        0x0 d:/atmel/7.0/toolchain/avr8/avr8-gnu-toolchain/bin/../lib/gcc/avr/5.4.0/avr5\libgcc.a(_udivmodhi4.o)
 .text.libgcc.prologue
                0x00000000        0x0 d:/atmel/7.0/toolchain/avr8/avr8-gnu-toolchain/bin/../lib/gcc/avr/5.4.0/avr5\libgcc.a(_udivmodhi4.o)
 .text.libgcc.builtins
                0x00000000        0x0 d:/atmel/7.0/toolchain/avr8/avr8-gnu-toolchain/bin/../lib/gcc/avr/5.4.0/avr5\libgcc.a(_udivmodhi4.o)
 .text.libgcc.fmul
                0x00000000        0x0 d:/atmel/7.0/toolchain/avr8/avr8-gnu-toolchain/bin/../lib/gcc/avr/5.4.0/avr5\libgcc.a(_udivmodhi4.o)
 .text.libgcc.fixed
                0x00000000        0x0 d:/atmel/7.0/toolchain/avr8/avr8-gnu-toolchain/bin/../lib/gcc/avr/5.4.0/avr5\libgcc.a(_udivmodhi4.o)
 .text          0x00000000        0x0 d:/atmel/7.0/toolchain/avr8/avr8-gnu-toolchain/bin/../lib/gcc/avr/5.4.0/../../../../avr/lib/avr5\libm.a(addsf3.o)
 .data          0x00000000        0x0 d:/atmel/7.0/toolchain/avr8/avr8-gnu-toolchain/bin/../lib/gcc/avr/5.4.0/../../../../avr/lib/avr5\libm.a(addsf3.o)
 .bss           0x00000000        0x0 d:/atmel/7.0/toolchain/avr8/avr8-gnu-toolchain/bin/../lib/gcc/avr/5.4.0/../../../../avr/lib/avr5\libm.a(addsf3.o)
 .text          0x00000000        0x0 d:/atmel/7.0/toolchain/avr8/avr8-gnu-toolchain/bin/../lib/gcc/avr/5.4.0/../../../../avr/lib/avr5\libm.a(addsf3x.o)
 .data          0x00000000        0x0 d:/atmel/7.0/toolchain/avr8/avr8-gnu-toolchain/bin/../lib/gcc/avr/5.4.0/../../../../avr/lib/avr5\libm.a(addsf3x.o)
 .bss           0x00000000        0x0 d:/atmel/7.0/toolchain/avr8/avr8-gnu-toolchain/bin/../lib/gcc/avr/5.4.0/../../../../avr/lib/avr5\libm.a(addsf3x.o)
 .text          0x00000000        0x0 d:/atmel/7.0/toolchain/avr8/avr8-gnu-toolchain/bin/../lib/gcc/avr/5.4.0/../../../../avr/lib/avr5\libm.a(cmpsf2.o)
 .data          0x00000000        0x0 d:/atmel/7.0/toolchain/avr8/avr8-gnu-toolchain/bin/../lib/gcc/avr/5.4.0/../../../../avr/lib/avr5\libm.a(cmpsf2.o)
 .bss           0x00000000        0x0 d:/atmel/7.0/toolchain/avr8/avr8-gnu-toolchain/bin/../lib/gcc/avr/5.4.0/../../../../avr/lib/avr5\libm.a(cmpsf2.o)
 .text          0x00000000        0x0 d:/atmel/7.0/toolchain/avr8/avr8-gnu-toolchain/bin/../lib/gcc/avr/5.4.0/../../../../avr/lib/avr5\libm.a(divsf3.o)
 .data          0x00000000        0x0 d:/atmel/7.0/toolchain/avr8/avr8-gnu-toolchain/bin/../lib/gcc/avr/5.4.0/../../../../avr/lib/avr5\libm.a(divsf3.o)
 .bss           0x00000000        0x0 d:/atmel/7.0/toolchain/avr8/avr8-gnu-toolchain/bin/../lib/gcc/avr/5.4.0/../../../../avr/lib/avr5\libm.a(divsf3.o)
 .text          0x00000000        0x0 d:/atmel/7.0/toolchain/avr8/avr8-gnu-toolchain/bin/../lib/gcc/avr/5.4.0/../../../../avr/lib/avr5\libm.a(divsf3x.o)
 .data          0x00000000        0x0 d:/atmel/7.0/toolchain/avr8/avr8-gnu-toolchain/bin/../lib/gcc/avr/5.4.0/../../../../avr/lib/avr5\libm.a(divsf3x.o)
 .bss           0x00000000        0x0 d:/atmel/7.0/toolchain/avr8/avr8-gnu-toolchain/bin/../lib/gcc/avr/5.4.0/../../../../avr/lib/avr5\libm.a(divsf3x.o)
 .text          0x00000000        0x0 d:/atmel/7.0/toolchain/avr8/avr8-gnu-toolchain/bin/../lib/gcc/avr/5.4.0/../../../../avr/lib/avr5\libm.a(fixsfsi.o)
 .data          0x00000000        0x0 d:/atmel/7.0/toolchain/avr8/avr8-gnu-toolchain/bin/../lib/gcc/avr/5.4.0/../../../../avr/lib/avr5\libm.a(fixsfsi.o)
 .bss           0x00000000        0x0 d:/atmel/7.0/toolchain/avr8/avr8-gnu-toolchain/bin/../lib/gcc/avr/5.4.0/../../../../avr/lib/avr5\libm.a(fixsfsi.o)
 .text          0x00000000        0x0 d:/atmel/7.0/toolchain/avr8/avr8-gnu-toolchain/bin/../lib/gcc/avr/5.4.0/../../../../avr/lib/avr5\libm.a(fixunssfsi.o)
 .data          0x00000000        0x0 d:/atmel/7.0/toolchain/avr8/avr8-gnu-toolchain/bin/../lib/gcc/avr/5.4.0/../../../../avr/lib/avr5\libm.a(fixunssfsi.o)
 .bss           0x00000000        0x0 d:/atmel/7.0/toolchain/avr8/avr8-gnu-toolchain/bin/../lib/gcc/avr/5.4.0/../../../../avr/lib/avr5\libm.a(fixunssfsi.o)
 .text          0x00000000        0x0 d:/atmel/7.0/toolchain/avr8/avr8-gnu-toolchain/bin/../lib/gcc/avr/5.4.0/../../../../avr/lib/avr5\libm.a(floatsisf.o)
 .data          0x00000000        0x0 d:/atmel/7.0/toolchain/avr8/avr8-gnu-toolchain/bin/../lib/gcc/avr/5.4.0/../../../../avr/lib/avr5\libm.a(floatsisf.o)
 .bss           0x00000000        0x0 d:/atmel/7.0/toolchain/avr8/avr8-gnu-toolchain/bin/../lib/gcc/avr/5.4.0/../../../../avr/lib/avr5\libm.a(floatsisf.o)
 .text          0x00000000        0x0 d:/atmel/7.0/toolchain/avr8/avr8-gnu-toolchain/bin/../lib/gcc/avr/5.4.0/../../../../avr/lib/avr5\libm.a(fp_cmp.o)
 .data          0x00000000        0x0 d:/atmel/7.0/toolchain/avr8/avr8-gnu-toolchain/bin/../lib/gcc/avr/5.4.0/../../../../avr/lib/avr5\libm.a(fp_cmp.o)
 .bss           0x00000000        0x0 d:/atmel/7.0/toolchain/avr8/avr8-gnu-toolchain/bin/../lib/gcc/avr/5.4.0/../../../../avr/lib/avr5\libm.a(fp_cmp.o)
 .text          0x00000000        0x0 d:/atmel/7.0/toolchain/avr8/avr8-gnu-toolchain/bin/../lib/gcc/avr/5.4.0/../../../../avr/lib/avr5\libm.a(fp_inf.o)
 .data          0x00000000        0x0 d:/atmel/7.0/toolchain/avr8/avr8-gnu-toolchain/bin/../lib/gcc/avr/5.4.0/../../../../avr/lib/avr5\libm.a(fp_inf.o)
 .bss           0x00000000        0x0 d:/atmel/7.0/toolchain/avr8/avr8-gnu-toolchain/bin/../lib/gcc/avr/5.4.0/../../../../avr/lib/avr5\libm.a(fp_inf.o)
 .text          0x00000000        0x0 d:/atmel/7.0/toolchain/avr8/avr8-gnu-toolchain/bin/../lib/gcc/avr/5.4.0/../../../../avr/lib/avr5\libm.a(fp_nan.o)
 .data          0x00000000        0x0 d:/atmel/7.0/toolchain/avr8/avr8-gnu-toolchain/bin/../lib/gcc/avr/5.4.0/../../../../avr/lib/avr5\libm.a(fp_nan.o)
 .bss           0x00000000        0x0 d:/atmel/7.0/toolchain/avr8/avr8-gnu-toolchain/bin/../lib/gcc/avr/5.4.0/../../../../avr/lib/avr5\libm.a(fp_nan.o)
 .text          0x00000000        0x0 d:/atmel/7.0/toolchain/avr8/avr8-gnu-toolchain/bin/../lib/gcc/avr/5.4.0/../../../../avr/lib/avr5\libm.a(fp_pscA.o)
 .data          0x00000000        0x0 d:/atmel/7.0/toolchain/avr8/avr8-gnu-toolchain/bin/../lib/gcc/avr/5.4.0/../../../../avr/lib/avr5\libm.a(fp_pscA.o)
 .bss           0x00000000        0x0 d:/atmel/7.0/toolchain/avr8/avr8-gnu-toolchain/bin/../lib/gcc/avr/5.4.0/../../../../avr/lib/avr5\libm.a(fp_pscA.o)
 .text          0x00000000        0x0 d:/atmel/7.0/toolchain/avr8/avr8-gnu-toolchain/bin/../lib/gcc/avr/5.4.0/../../../../avr/lib/avr5\libm.a(fp_pscB.o)
 .data          0x00000000        0x0 d:/atmel/7.0/toolchain/avr8/avr8-gnu-toolchain/bin/../lib/gcc/avr/5.4.0/../../../../avr/lib/avr5\libm.a(fp_pscB.o)
 .bss           0x00000000        0x0 d:/atmel/7.0/toolchain/avr8/avr8-gnu-toolchain/bin/../lib/gcc/avr/5.4.0/../../../../avr/lib/avr5\libm.a(fp_pscB.o)
 .text          0x00000000        0x0 d:/atmel/7.0/toolchain/avr8/avr8-gnu-toolchain/bin/../lib/gcc/avr/5.4.0/../../../../avr/lib/avr5\libm.a(fp_round.o)
 .data          0x00000000        0x0 d:/atmel/7.0/toolchain/avr8/avr8-gnu-toolchain/bin/../lib/gcc/avr/5.4.0/../../../../avr/lib/avr5\libm.a(fp_round.o)
 .bss           0x00000000        0x0 d:/atmel/7.0/toolchain/avr8/avr8-gnu-toolchain/bin/../lib/gcc/avr/5.4.0/../../../../avr/lib/avr5\libm.a(fp_round.o)
 .text          0x00000000        0x0 d:/atmel/7.0/toolchain/avr8/avr8-gnu-toolchain/bin/../lib/gcc/avr/5.4.0/../../../../avr/lib/avr5\libm.a(fp_split3.o)
 .data          0x00000000        0x0 d:/atmel/7.0/toolchain/avr8/avr8-gnu-toolchain/bin/../lib/gcc/avr/5.4.0/../../../../avr/lib/avr5\libm.a(fp_split3.o)
 .bss           0x00000000        0x0 d:/atmel/7.0/toolchain/avr8/avr8-gnu-toolchain/bin/../lib/gcc/avr/5.4.0/../../../../avr/lib/avr5\libm.a(fp_split3.o)
 .text          0x00000000        0x0 d:/atmel/7.0/toolchain/avr8/avr8-gnu-toolchain/bin/../lib/gcc/avr/5.4.0/../../../../avr/lib/avr5\libm.a(fp_zero.o)
 .data          0x00000000        0x0 d:/atmel/7.0/toolchain/avr8/avr8-gnu-toolchain/bin/../lib/gcc/avr/5.4.0/../../../../avr/lib/avr5\libm.a(fp_zero.o)
 .bss           0x00000000        0x0 d:/atmel/7.0/toolchain/avr8/avr8-gnu-toolchain/bin/../lib/gcc/avr/5.4.0/../../../../avr/lib/avr5\libm.a(fp_zero.o)
 .text          0x00000000        0x0 d:/atmel/7.0/toolchain/avr8/avr8-gnu-toolchain/bin/../lib/gcc/avr/5.4.0/../../../../avr/lib/avr5\libm.a(gesf2.o)
 .data          0x00000000        0x0 d:/atmel/7.0/toolchain/avr8/avr8-gnu-toolchain/bin/../lib/gcc/avr/5.4.0/../../../../avr/lib/avr5\libm.a(gesf2.o)
 .bss           0x00000000        0x0 d:/atmel/7.0/toolchain/avr8/avr8-gnu-toolchain/bin/../lib/gcc/avr/5.4.0/../../../../avr/lib/avr5\libm.a(gesf2.o)
 .text          0x00000000        0x0 d:/atmel/7.0/toolchain/avr8/avr8-gnu-toolchain/bin/../lib/gcc/avr/5.4.0/../../../../avr/lib/avr5\libm.a(mulsf3.o)
 .data          0x00000000        0x0 d:/atmel/7.0/toolchain/avr8/avr8-gnu-toolchain/bin/../lib/gcc/avr/5.4.0/../../../../avr/lib/avr5\libm.a(mulsf3.o)
 .bss           0x00000000        0x0 d:/atmel/7.0/toolchain/avr8/avr8-gnu-toolchain/bin/../lib/gcc/avr/5.4.0/../../../../avr/lib/avr5\libm.a(mulsf3.o)
 .text          0x00000000        0x0 d:/atmel/7.0/toolchain/avr8/avr8-gnu-toolchain/bin/../lib/gcc/avr/5.4.0/../../../../avr/lib/avr5\libm.a(mulsf3x.o)
 .data          0x00000000        0x0 d:/atmel/7.0/toolchain/avr8/avr8-gnu-toolchain/bin/../lib/gcc/avr/5.4.0/../../../../avr/lib/avr5\libm.a(mulsf3x.o)
 .bss           0x00000000        0x0 d:/atmel/7.0/toolchain/avr8/avr8-gnu-toolchain/bin/../lib/gcc/avr/5.4.0/../../../../avr/lib/avr5\libm.a(mulsf3x.o)
 .text          0x00000000        0x0 d:/atmel/7.0/toolchain/avr8/avr8-gnu-toolchain/bin/../lib/gcc/avr/5.4.0/../../../../avr/lib/avr5\libc.a(ftoa_engine.o)
 .data          0x00000000        0x0 d:/atmel/7.0/toolchain/avr8/avr8-gnu-toolchain/bin/../lib/gcc/avr/5.4.0/../../../../avr/lib/avr5\libc.a(ftoa_engine.o)
 .bss           0x00000000        0x0 d:/atmel/7.0/toolchain/avr8/avr8-gnu-toolchain/bin/../lib/gcc/avr/5.4.0/../../../../avr/lib/avr5\libc.a(ftoa_engine.o)
 .text          0x00000000        0x0 d:/atmel/7.0/toolchain/avr8/avr8-gnu-toolchain/bin/../lib/gcc/avr/5.4.0/../../../../avr/lib/avr5\libc.a(strnlen_P.o)
 .data          0x00000000        0x0 d:/atmel/7.0/toolchain/avr8/avr8-gnu-toolchain/bin/../lib/gcc/avr/5.4.0/../../../../avr/lib/avr5\libc.a(strnlen_P.o)
 .bss           0x00000000        0x0 d:/atmel/7.0/toolchain/avr8/avr8-gnu-toolchain/bin/../lib/gcc/avr/5.4.0/../../../../avr/lib/avr5\libc.a(strnlen_P.o)
 .text          0x00000000        0x0 d:/atmel/7.0/toolchain/avr8/avr8-gnu-toolchain/bin/../lib/gcc/avr/5.4.0/../../../../avr/lib/avr5\libc.a(strnlen.o)
 .data          0x00000000        0x0 d:/atmel/7.0/toolchain/avr8/avr8-gnu-toolchain/bin/../lib/gcc/avr/5.4.0/../../../../avr/lib/avr5\libc.a(strnlen.o)
 .bss           0x00000000        0x0 d:/atmel/7.0/toolchain/avr8/avr8-gnu-toolchain/bin/../lib/gcc/avr/5.4.0/../../../../avr/lib/avr5\libc.a(strnlen.o)
 .text          0x00000000        0x0 d:/atmel/7.0/toolchain/avr8/avr8-gnu-toolchain/bin/../lib/gcc/avr/5.4.0/../../../../avr/lib/avr5\libc.a(fputc.o)
 .data          0x00000000        0x0 d:/atmel/7.0/toolchain/avr8/avr8-gnu-toolchain/bin/../lib/gcc/avr/5.4.0/../../../../avr/lib/avr5\libc.a(fputc.o)
 .bss           0x00000000        0x0 d:/atmel/7.0/toolchain/avr8/avr8-gnu-toolchain/bin/../lib/gcc/avr/5.4.0/../../../../avr/lib/avr5\libc.a(fputc.o)
 .text          0x00000000        0x0 d:/atmel/7.0/toolchain/avr8/avr8-gnu-toolchain/bin/../lib/gcc/avr/5.4.0/../../../../avr/lib/avr5\libc.a(sprintf.o)
 .data          0x00000000        0x0 d:/atmel/7.0/toolchain/avr8/avr8-gnu-toolchain/bin/../lib/gcc/avr/5.4.0/../../../../avr/lib/avr5\libc.a(sprintf.o)
 .bss           0x00000000        0x0 d:/atmel/7.0/toolchain/avr8/avr8-gnu-toolchain/bin/../lib/gcc/avr/5.4.0/../../../../avr/lib/avr5\libc.a(sprintf.o)
 .text          0x00000000        0x0 d:/atmel/7.0/toolchain/avr8/avr8-gnu-toolchain/bin/../lib/gcc/avr/5.4.0/../../../../avr/lib/avr5\libc.a(ultoa_invert.o)
 .data          0x00000000        0x0 d:/atmel/7.0/toolchain/avr8/avr8-gnu-toolchain/bin/../lib/gcc/avr/5.4.0/../../../../avr/lib/avr5\libc.a(ultoa_invert.o)
 .bss           0x00000000        0x0 d:/atmel/7.0/toolchain/avr8/avr8-gnu-toolchain/bin/../lib/gcc/avr/5.4.0/../../../../avr/lib/avr5\libc.a(ultoa_invert.o)

Memory Configuration

Name             Origin             Length             Attributes
text             0x00000000         0x00020000         xr
data             0x00800060         0x0000ffa0         rw !x
eeprom           0x00810000         0x00010000         rw !x
fuse             0x00820000         0x00000003         rw !x
lock             0x00830000         0x00000400         rw !x
signature        0x00840000         0x00000400         rw !x
user_signatures  0x00850000         0x00000400         rw !x
*default*        0x00000000         0xffffffff

Linker script and memory map

Address of section .data set to 0x800100
LOAD D:/Atmel/7.0/Packs/atmel/ATmega_DFP/1.3.300/gcc/dev/atmega328p/avr5/crtatmega328p.o
LOAD ADConverter.o
LOAD AirCond.o
LOAD AutoSet.o
LOAD AutoTemp.o
LOAD DHT.o
LOAD EepromDATA.o
LOAD Inputs.o
LOAD LCD.o
LOAD Led_driver.o
LOAD main.o
LOAD Manual.o
LOAD ManualSet.o
LOAD MenuStatus.o
LOAD Omega.o
LOAD Registr.o
LOAD Service.o
LOAD ServiceMenu.o
LOAD Voltmeter.o
START GROUP
END GROUP
LOAD d:/atmel/7.0/toolchain/avr8/avr8-gnu-toolchain/bin/../lib/gcc/avr/5.4.0/../../../../avr/lib/avr5\libprintf_flt.a
LOAD d:/atmel/7.0/toolchain/avr8/avr8-gnu-toolchain/bin/../lib/gcc/avr/5.4.0/avr5\libgcc.a
LOAD d:/atmel/7.0/toolchain/avr8/avr8-gnu-toolchain/bin/../lib/gcc/avr/5.4.0/../../../../avr/lib/avr5\libm.a
START GROUP
LOAD d:/atmel/7.0/toolchain/avr8/avr8-gnu-toolchain/bin/../lib/gcc/avr/5.4.0/avr5\libgcc.a
LOAD d:/atmel/7.0/toolchain/avr8/avr8-gnu-toolchain/bin/../lib/gcc/avr/5.4.0/../../../../avr/lib/avr5\libm.a
LOAD d:/atmel/7.0/toolchain/avr8/avr8-gnu-toolchain/bin/../lib/gcc/avr/5.4.0/../../../../avr/lib/avr5\libc.a
LOAD D:/Atmel/7.0/Packs/atmel/ATmega_DFP/1.3.300/gcc/dev/atmega328p/avr5\libatmega328p.a
END GROUP
                0x00000000                __TEXT_REGION_ORIGIN__ = DEFINED (__TEXT_REGION_ORIGIN__)?__TEXT_REGION_ORIGIN__:0x0
                0x00800060                __DATA_REGION_ORIGIN__ = DEFINED (__DATA_REGION_ORIGIN__)?__DATA_REGION_ORIGIN__:0x800060
                0x00020000                __TEXT_REGION_LENGTH__ = DEFINED (__TEXT_REGION_LENGTH__)?__TEXT_REGION_LENGTH__:0x20000
                0x0000ffa0                __DATA_REGION_LENGTH__ = DEFINED (__DATA_REGION_LENGTH__)?__DATA_REGION_LENGTH__:0xffa0
                0x00010000                __EEPROM_REGION_LENGTH__ = DEFINED (__EEPROM_REGION_LENGTH__)?__EEPROM_REGION_LENGTH__:0x10000
                [0x00000003]                __FUSE_REGION_LENGTH__ = DEFINED (__FUSE_REGION_LENGTH__)?__FUSE_REGION_LENGTH__:0x400
                0x00000400                __LOCK_REGION_LENGTH__ = DEFINED (__LOCK_REGION_LENGTH__)?__LOCK_REGION_LENGTH__:0x400
                0x00000400                __SIGNATURE_REGION_LENGTH__ = DEFINED (__SIGNATURE_REGION_LENGTH__)?__SIGNATURE_REGION_LENGTH__:0x400
                0x00000400                __USER_SIGNATURE_REGION_LENGTH__ = DEFINED (__USER_SIGNATURE_REGION_LENGTH__)?__USER_SIGNATURE_REGION_LENGTH__:0x400

.hash
 *(.hash)

.dynsym
 *(.dynsym)

.dynstr
 *(.dynstr)

.gnu.version
 *(.gnu.version)

.gnu.version_d
 *(.gnu.version_d)

.gnu.version_r
 *(.gnu.version_r)

.rel.init
 *(.rel.init)

.rela.init
 *(.rela.init)

.rel.text
 *(.rel.text)
 *(.rel.text.*)
 *(.rel.gnu.linkonce.t*)

.rela.text
 *(.rela.text)
 *(.rela.text.*)
 *(.rela.gnu.linkonce.t*)

.rel.fini
 *(.rel.fini)

.rela.fini
 *(.rela.fini)

.rel.rodata
 *(.rel.rodata)
 *(.rel.rodata.*)
 *(.rel.gnu.linkonce.r*)

.rela.rodata
 *(.rela.rodata)
 *(.rela.rodata.*)
 *(.rela.gnu.linkonce.r*)

.rel.data
 *(.rel.data)
 *(.rel.data.*)
 *(.rel.gnu.linkonce.d*)

.rela.data
 *(.rela.data)
 *(.rela.data.*)
 *(.rela.gnu.linkonce.d*)

.rel.ctors
 *(.rel.ctors)

.rela.ctors
 *(.rela.ctors)

.rel.dtors
 *(.rel.dtors)

.rela.dtors
 *(.rela.dtors)

.rel.got
 *(.rel.got)

.rela.got
 *(.rela.got)

.rel.bss
 *(.rel.bss)

.rela.bss
 *(.rela.bss)

.rel.plt
 *(.rel.plt)

.rela.plt
 *(.rela.plt)

.text           0x00000000     0x556a
 *(.vectors)
 .vectors       0x00000000       0x68 D:/Atmel/7.0/Packs/atmel/ATmega_DFP/1.3.300/gcc/dev/atmega328p/avr5/crtatmega328p.o
                0x00000000                __vector_default
                0x00000000                __vectors
 *(.vectors)
 *(.progmem.gcc*)
 .progmem.gcc_sw_table.StatusBarTemp
                0x00000068       0x1c MenuStatus.o
                0x00000084                . = ALIGN (0x2)
                0x00000084                __trampolines_start = .
 *(.trampolines)
 .trampolines   0x00000084        0x0 linker stubs
 *(.trampolines*)
                0x00000084                __trampolines_end = .
 *libprintf_flt.a:*(.progmem.data)
 .progmem.data  0x00000084        0x8 d:/atmel/7.0/toolchain/avr8/avr8-gnu-toolchain/bin/../lib/gcc/avr/5.4.0/../../../../avr/lib/avr5\libprintf_flt.a(vfprintf_flt.o)
 *libc.a:*(.progmem.data)
 .progmem.data  0x0000008c       0xfa d:/atmel/7.0/toolchain/avr8/avr8-gnu-toolchain/bin/../lib/gcc/avr/5.4.0/../../../../avr/lib/avr5\libc.a(ftoa_engine.o)
 *(.progmem*)
                0x00000186                . = ALIGN (0x2)
 *(.jumptables)
 *(.jumptables*)
 *(.lowtext)
 *(.lowtext*)
                0x00000186                __ctors_start = .
 *(.ctors)
                0x00000186                __ctors_end = .
                0x00000186                __dtors_start = .
 *(.dtors)
                0x00000186                __dtors_end = .
 SORT(*)(.ctors)
 SORT(*)(.dtors)
 *(.init0)
 .init0         0x00000186        0x0 D:/Atmel/7.0/Packs/atmel/ATmega_DFP/1.3.300/gcc/dev/atmega328p/avr5/crtatmega328p.o
                0x00000186                __init
 *(.init0)
 *(.init1)
 *(.init1)
 *(.init2)
 .init2         0x00000186        0xc D:/Atmel/7.0/Packs/atmel/ATmega_DFP/1.3.300/gcc/dev/atmega328p/avr5/crtatmega328p.o
 *(.init2)
 *(.init3)
 *(.init3)
 *(.init4)
 .init4         0x00000192       0x16 d:/atmel/7.0/toolchain/avr8/avr8-gnu-toolchain/bin/../lib/gcc/avr/5.4.0/avr5\libgcc.a(_copy_data.o)
                0x00000192                __do_copy_data
 .init4         0x000001a8       0x10 d:/atmel/7.0/toolchain/avr8/avr8-gnu-toolchain/bin/../lib/gcc/avr/5.4.0/avr5\libgcc.a(_clear_bss.o)
                0x000001a8                __do_clear_bss
 *(.init4)
 *(.init5)
 *(.init5)
 *(.init6)
 *(.init6)
 *(.init7)
 *(.init7)
 *(.init8)
 *(.init8)
 *(.init9)
 .init9         0x000001b8        0x8 D:/Atmel/7.0/Packs/atmel/ATmega_DFP/1.3.300/gcc/dev/atmega328p/avr5/crtatmega328p.o
 *(.init9)
 *(.text)
 .text          0x000001c0        0x4 D:/Atmel/7.0/Packs/atmel/ATmega_DFP/1.3.300/gcc/dev/atmega328p/avr5/crtatmega328p.o
                0x000001c0                __vector_22
                0x000001c0                __vector_1
                0x000001c0                __vector_24
                0x000001c0                __vector_12
                0x000001c0                __bad_interrupt
                0x000001c0                __vector_6
                0x000001c0                __vector_3
                0x000001c0                __vector_23
                0x000001c0                __vector_25
                0x000001c0                __vector_13
                0x000001c0                __vector_17
                0x000001c0                __vector_19
                0x000001c0                __vector_5
                0x000001c0                __vector_4
                0x000001c0                __vector_9
                0x000001c0                __vector_2
                0x000001c0                __vector_21
                0x000001c0                __vector_15
                0x000001c0                __vector_8
                0x000001c0                __vector_14
                0x000001c0                __vector_10
                0x000001c0                __vector_16
                0x000001c0                __vector_18
                0x000001c0                __vector_20
                0x000001c4                . = ALIGN (0x2)
 *(.text.*)
 .text.read_adc
                0x000001c4       0x2c ADConverter.o
                0x000001c4                read_adc
 .text.current_adc
                0x000001f0       0xf0 ADConverter.o
                0x000001f0                current_adc
 .text.vent_status
                0x000002e0      0x1a4 AirCond.o
                0x000002e0                vent_status
 .text.AutoTemp
                0x00000484      0x19c AutoTemp.o
                0x00000484                AutoTemp
 .text.read_dht_hum
                0x00000620       0xa0 DHT.o
                0x00000620                read_dht_hum
 .text.dht_read
                0x000006c0      0x1d2 DHT.o
                0x000006c0                dht_read
 .text.pr       0x00000892       0x6a DHT.o
                0x00000892                pr
 .text.EEPROM_write
                0x000008fc       0x10 EepromDATA.o
                0x000008fc                EEPROM_write
 .text.EEPROM_read
                0x0000090c        0xe EepromDATA.o
                0x0000090c                EEPROM_read
 .text.Alarm_line
                0x0000091a       0x80 Inputs.o
                0x0000091a                Alarm_line
 .text.PS500_line
                0x0000099a       0xf4 Inputs.o
                0x0000099a                PS500_line
 .text.write_to_lcd
                0x00000a8e      0x18a LCD.o
                0x00000a8e                write_to_lcd
 .text.lcd_init
                0x00000c18       0x22 LCD.o
                0x00000c18                lcd_init
 .text.lcd_puts
                0x00000c3a       0x2e LCD.o
                0x00000c3a                lcd_puts
 .text.lcd_num_to_str
                0x00000c68      0x130 LCD.o
                0x00000c68                lcd_num_to_str
 .text.meter    0x00000d98      0x164 Led_driver.o
                0x00000d98                meter
 .text.status   0x00000efc      0x1c4 Led_driver.o
                0x00000efc                status
 .text.__vector_7
                0x000010c0       0x62 main.o
                0x000010c0                __vector_7
 .text.__vector_11
                0x00001122       0x2e main.o
                0x00001122                __vector_11
 .text.main     0x00001150      0x5cc main.o
                0x00001150                main
 .text.Manual   0x0000171c      0x312 Manual.o
                0x0000171c                Manual
 .text.StatusBarTemp
                0x00001a2e      0x438 MenuStatus.o
                0x00001a2e                StatusBarTemp
 .text.protocol
                0x00001e66      0x666 Omega.o
                0x00001e66                protocol
 .text.Omega_slave
                0x000024cc      0x2e6 Omega.o
                0x000024cc                Omega_slave
 .text.start    0x000027b2      0x13c Omega.o
                0x000027b2                start
 .text.registr  0x000028ee      0x254 Registr.o
                0x000028ee                registr
 .text.ServiceMenu
                0x00002b42     0x18c4 ServiceMenu.o
                0x00002b42                ServiceMenu
 .text.volts    0x00004406      0x1ae Voltmeter.o
                0x00004406                volts
 .text.avr-libc
                0x000045b4      0x6fa d:/atmel/7.0/toolchain/avr8/avr8-gnu-toolchain/bin/../lib/gcc/avr/5.4.0/../../../../avr/lib/avr5\libprintf_flt.a(vfprintf_flt.o)
                0x000045b4                vfprintf
 .text.libgcc.div
                0x00004cae       0x28 d:/atmel/7.0/toolchain/avr8/avr8-gnu-toolchain/bin/../lib/gcc/avr/5.4.0/avr5\libgcc.a(_divmodhi4.o)
                0x00004cae                _div
                0x00004cae                __divmodhi4
 .text.libgcc   0x00004cd6        0xc d:/atmel/7.0/toolchain/avr8/avr8-gnu-toolchain/bin/../lib/gcc/avr/5.4.0/avr5\libgcc.a(_tablejump2.o)
                0x00004cd6                __tablejump2__
 .text.libgcc.mul
                0x00004ce2       0x1e d:/atmel/7.0/toolchain/avr8/avr8-gnu-toolchain/bin/../lib/gcc/avr/5.4.0/avr5\libgcc.a(_umulhisi3.o)
                0x00004ce2                __umulhisi3
 .text.libgcc.prologue
                0x00004d00       0x38 d:/atmel/7.0/toolchain/avr8/avr8-gnu-toolchain/bin/../lib/gcc/avr/5.4.0/avr5\libgcc.a(_prologue.o)
                0x00004d00                __prologue_saves__
 .text.libgcc.prologue
                0x00004d38       0x36 d:/atmel/7.0/toolchain/avr8/avr8-gnu-toolchain/bin/../lib/gcc/avr/5.4.0/avr5\libgcc.a(_epilogue.o)
                0x00004d38                __epilogue_restores__
 .text.libgcc.div
                0x00004d6e       0x28 d:/atmel/7.0/toolchain/avr8/avr8-gnu-toolchain/bin/../lib/gcc/avr/5.4.0/avr5\libgcc.a(_udivmodhi4.o)
                0x00004d6e                __udivmodhi4
 .text.avr-libc.fplib
                0x00004d96        0xe d:/atmel/7.0/toolchain/avr8/avr8-gnu-toolchain/bin/../lib/gcc/avr/5.4.0/../../../../avr/lib/avr5\libm.a(addsf3.o)
                0x00004d96                __subsf3
                0x00004d98                __addsf3
 .text.avr-libc.fplib
                0x00004da4       0xcc d:/atmel/7.0/toolchain/avr8/avr8-gnu-toolchain/bin/../lib/gcc/avr/5.4.0/../../../../avr/lib/avr5\libm.a(addsf3x.o)
                0x00004dc6                __addsf3x
 .text.avr-libc.fplib
                0x00004e70        0xa d:/atmel/7.0/toolchain/avr8/avr8-gnu-toolchain/bin/../lib/gcc/avr/5.4.0/../../../../avr/lib/avr5\libm.a(cmpsf2.o)
                0x00004e70                __nesf2
                0x00004e70                __eqsf2
                0x00004e70                __cmpsf2
                0x00004e70                __ltsf2
                0x00004e70                __lesf2
 .text.avr-libc.fplib
                0x00004e7a        0x8 d:/atmel/7.0/toolchain/avr8/avr8-gnu-toolchain/bin/../lib/gcc/avr/5.4.0/../../../../avr/lib/avr5\libm.a(divsf3.o)
                0x00004e7a                __divsf3
 .text.avr-libc.fplib
                0x00004e82       0xdc d:/atmel/7.0/toolchain/avr8/avr8-gnu-toolchain/bin/../lib/gcc/avr/5.4.0/../../../../avr/lib/avr5\libm.a(divsf3x.o)
                0x00004ea2                __divsf3x
                0x00004ea8                __divsf3_pse
 .text.avr-libc.fplib
                0x00004f5e        0xe d:/atmel/7.0/toolchain/avr8/avr8-gnu-toolchain/bin/../lib/gcc/avr/5.4.0/../../../../avr/lib/avr5\libm.a(fixsfsi.o)
                0x00004f5e                __fixsfsi
 .text.avr-libc.fplib
                0x00004f6c       0x5e d:/atmel/7.0/toolchain/avr8/avr8-gnu-toolchain/bin/../lib/gcc/avr/5.4.0/../../../../avr/lib/avr5\libm.a(fixunssfsi.o)
                0x00004f6c                __fixunssfsi
 .text.avr-libc.fplib
                0x00004fca       0x7a d:/atmel/7.0/toolchain/avr8/avr8-gnu-toolchain/bin/../lib/gcc/avr/5.4.0/../../../../avr/lib/avr5\libm.a(floatsisf.o)
                0x00004fca                __floatunsisf
                0x00004fce                __floatsisf
 .text.avr-libc.fplib
                0x00005044       0x48 d:/atmel/7.0/toolchain/avr8/avr8-gnu-toolchain/bin/../lib/gcc/avr/5.4.0/../../../../avr/lib/avr5\libm.a(fp_cmp.o)
                0x00005044                __fp_cmp
 .text.avr-libc.fplib
                0x0000508c        0xc d:/atmel/7.0/toolchain/avr8/avr8-gnu-toolchain/bin/../lib/gcc/avr/5.4.0/../../../../avr/lib/avr5\libm.a(fp_inf.o)
                0x0000508c                __fp_inf
 .text.avr-libc.fplib
                0x00005098        0x6 d:/atmel/7.0/toolchain/avr8/avr8-gnu-toolchain/bin/../lib/gcc/avr/5.4.0/../../../../avr/lib/avr5\libm.a(fp_nan.o)
                0x00005098                __fp_nan
 .text.avr-libc.fplib
                0x0000509e        0xe d:/atmel/7.0/toolchain/avr8/avr8-gnu-toolchain/bin/../lib/gcc/avr/5.4.0/../../../../avr/lib/avr5\libm.a(fp_pscA.o)
                0x0000509e                __fp_pscA
 .text.avr-libc.fplib
                0x000050ac        0xe d:/atmel/7.0/toolchain/avr8/avr8-gnu-toolchain/bin/../lib/gcc/avr/5.4.0/../../../../avr/lib/avr5\libm.a(fp_pscB.o)
                0x000050ac                __fp_pscB
 .text.avr-libc.fplib
                0x000050ba       0x22 d:/atmel/7.0/toolchain/avr8/avr8-gnu-toolchain/bin/../lib/gcc/avr/5.4.0/../../../../avr/lib/avr5\libm.a(fp_round.o)
                0x000050ba                __fp_round
 .text.avr-libc.fplib
                0x000050dc       0x44 d:/atmel/7.0/toolchain/avr8/avr8-gnu-toolchain/bin/../lib/gcc/avr/5.4.0/../../../../avr/lib/avr5\libm.a(fp_split3.o)
                0x000050dc                __fp_split3
                0x000050ec                __fp_splitA
 .text.avr-libc.fplib
                0x00005120        0xe d:/atmel/7.0/toolchain/avr8/avr8-gnu-toolchain/bin/../lib/gcc/avr/5.4.0/../../../../avr/lib/avr5\libm.a(fp_zero.o)
                0x00005120                __fp_zero
                0x00005122                __fp_szero
 .text.avr-libc.fplib
                0x0000512e        0xa d:/atmel/7.0/toolchain/avr8/avr8-gnu-toolchain/bin/../lib/gcc/avr/5.4.0/../../../../avr/lib/avr5\libm.a(gesf2.o)
                0x0000512e                __gesf2
                0x0000512e                __gtsf2
 .text.avr-libc.fplib
                0x00005138        0x8 d:/atmel/7.0/toolchain/avr8/avr8-gnu-toolchain/bin/../lib/gcc/avr/5.4.0/../../../../avr/lib/avr5\libm.a(mulsf3.o)
                0x00005138                __mulsf3
 .text.avr-libc.fplib
                0x00005140       0xd2 d:/atmel/7.0/toolchain/avr8/avr8-gnu-toolchain/bin/../lib/gcc/avr/5.4.0/../../../../avr/lib/avr5\libm.a(mulsf3x.o)
                0x0000515e                __mulsf3x
                0x00005164                __mulsf3_pse
 .text.avr-libc
                0x00005212      0x1b0 d:/atmel/7.0/toolchain/avr8/avr8-gnu-toolchain/bin/../lib/gcc/avr/5.4.0/../../../../avr/lib/avr5\libc.a(ftoa_engine.o)
                0x00005212                __ftoa_engine
 .text.avr-libc
                0x000053c2       0x16 d:/atmel/7.0/toolchain/avr8/avr8-gnu-toolchain/bin/../lib/gcc/avr/5.4.0/../../../../avr/lib/avr5\libc.a(strnlen_P.o)
                0x000053c2                strnlen_P
 .text.avr-libc
                0x000053d8       0x16 d:/atmel/7.0/toolchain/avr8/avr8-gnu-toolchain/bin/../lib/gcc/avr/5.4.0/../../../../avr/lib/avr5\libc.a(strnlen.o)
                0x000053d8                strnlen
 .text.avr-libc
                0x000053ee       0x78 d:/atmel/7.0/toolchain/avr8/avr8-gnu-toolchain/bin/../lib/gcc/avr/5.4.0/../../../../avr/lib/avr5\libc.a(fputc.o)
                0x000053ee                fputc
 .text.avr-libc
                0x00005466       0x44 d:/atmel/7.0/toolchain/avr8/avr8-gnu-toolchain/bin/../lib/gcc/avr/5.4.0/../../../../avr/lib/avr5\libc.a(sprintf.o)
                0x00005466                sprintf
 .text.avr-libc
                0x000054aa       0xbc d:/atmel/7.0/toolchain/avr8/avr8-gnu-toolchain/bin/../lib/gcc/avr/5.4.0/../../../../avr/lib/avr5\libc.a(ultoa_invert.o)
                0x000054aa                __ultoa_invert
                0x00005566                . = ALIGN (0x2)
 *(.fini9)
 .fini9         0x00005566        0x0 d:/atmel/7.0/toolchain/avr8/avr8-gnu-toolchain/bin/../lib/gcc/avr/5.4.0/avr5\libgcc.a(_exit.o)
                0x00005566                _exit
                0x00005566                exit
 *(.fini9)
 *(.fini8)
 *(.fini8)
 *(.fini7)
 *(.fini7)
 *(.fini6)
 *(.fini6)
 *(.fini5)
 *(.fini5)
 *(.fini4)
 *(.fini4)
 *(.fini3)
 *(.fini3)
 *(.fini2)
 *(.fini2)
 *(.fini1)
 *(.fini1)
 *(.fini0)
 .fini0         0x00005566        0x4 d:/atmel/7.0/toolchain/avr8/avr8-gnu-toolchain/bin/../lib/gcc/avr/5.4.0/avr5\libgcc.a(_exit.o)
 *(.fini0)
                0x0000556a                _etext = .

.data           0x00800100      0x27a load address 0x0000556a
                0x00800100                PROVIDE (__data_start, .)
 *(.data)
 *(.data*)
 .data.k        0x00800100        0x2 main.o
                0x00800100                k
 *(.gnu.linkonce.d*)
 *(.rodata)
 *(.rodata*)
 .rodata.str1.1
                0x00800102       0x33 AutoTemp.o
 .rodata.str1.1
                0x00800135       0x14 DHT.o
 .rodata.str1.1
                0x00800149       0x26 main.o
 .rodata.str1.1
                0x0080016f       0x22 Manual.o
                                 0x33 (size before relaxing)
 .rodata.str1.1
                0x00800191       0x77 MenuStatus.o
 .rodata.str1.1
                0x00800208      0x168 ServiceMenu.o
                                0x175 (size before relaxing)
 .rodata.str1.1
                0x00800370        0xa Voltmeter.o
 *(.gnu.linkonce.r*)
                0x0080037a                . = ALIGN (0x2)
                0x0080037a                _edata = .
                0x0080037a                PROVIDE (__data_end, .)

.bss            0x0080037a      0x226
                0x0080037a                PROVIDE (__bss_start, .)
 *(.bss)
 *(.bss*)
 .bss.ind_h     0x0080037a        0x1 AirCond.o
                0x0080037a                ind_h
 .bss.ind_t     0x0080037b        0x1 AirCond.o
                0x0080037b                ind_t
 .bss.flag      0x0080037c        0x1 main.o
                0x0080037c                flag
 .bss.autorun   0x0080037d        0x1 main.o
                0x0080037d                autorun
 .bss.working   0x0080037e        0x1 main.o
                0x0080037e                working
 .bss.technic   0x0080037f        0x1 main.o
                0x0080037f                technic
 .bss.preasure  0x00800380        0x2 main.o
                0x00800380                preasure
 .bss.preority  0x00800382        0x1 main.o
                0x00800382                preority
 .bss.fire      0x00800383        0x2 main.o
                0x00800383                fire
 .bss.TypeAL    0x00800385        0x1 main.o
                0x00800385                TypeAL
 .bss.TypePS    0x00800386        0x1 main.o
                0x00800386                TypePS
 .bss.tempdata  0x00800387        0x4 Registr.o
 .bss.menu_t    0x0080038b        0x2 ServiceMenu.o
                0x0080038b                menu_t
 *(COMMON)
 COMMON         0x0080038d      0x213 ADConverter.o
                0x0080038d                hum
                0x0080038e                tmp
                0x00800390                tct
                0x00800392                latch_1
                0x00800393                pwr_count
                0x00800395                v_1
                0x00800397                temp_alarm
                0x00800398                soft_start
                0x00800399                j
                0x0080039b                search
                0x0080039c                dt2
                0x0080039e                run_status
                0x008003a0                flv_alarm
                0x008003a1                tk
                0x008003a3                dh
                0x008003a7                input_bit
                0x008003a9                delta_U
                0x008003ab                pwr
                0x008003ad                volt_2
                0x008003af                u_1
                0x008003b1                buff
                0x008003c1                w
                0x008003c3                dh2
                0x008003c5                revers
                0x008003c6                measure
                0x008003c8                temp_ID
                0x008003ca                relay
                0x008003cc                v_curr
                0x008003ce                flag2
                0x008003cf                volt_3
                0x008003d1                run_relay
                0x008003d2                active
                0x008003d4                voltage
                0x008003d6                adress_t
                0x008003d8                adres_call
                0x008003da                lvl_1
                0x008003db                pwr_flag
                0x008003dc                blink
                0x008003de                norm
                0x008003f2                mode
                0x008003f3                dh1
                0x008003f5                delta_H
                0x008003f9                test
                0x008003fb                device_ID
                0x008003fd                flag1
                0x008003fe                bit_flag
                0x008003ff                low
                0x00800401                v
                0x00800403                timer_M
                0x00800405                hd
                0x00800409                tm
                0x0080040d                faza
                0x0080040f                volts_level
                0x00800410                faza_fall
                0x00800411                al
                0x00800412                tt
                0x00800414                w_1
                0x00800416                pwm_finish
                0x00800417                peak
                0x00800419                counter
                0x0080041b                regim_fall
                0x0080041c                data
                0x00800421                mn_time
                0x00800423                lvl_2
                0x00800424                interval
                0x00800426                milis
                0x00800428                external
                0x00800429                d
                0x0080042b                directive
                0x0080042d                answer
                0x0080042f                adress
                0x00800431                w_curr
                0x00800433                hi_flag
                0x00800434                blink_detect
                0x00800436                delta_T
                0x0080043a                lvl_3
                0x0080043b                past2
                0x0080043d                frame
                0x0080043f                check_sum
                0x00800441                hum_alarm
                0x00800442                rd
                0x00800446                u_curr
                0x00800448                past
                0x0080044a                timer_U
                0x0080044c                faza_fall_1
                0x0080044d                stats
                0x0080044f                delta_F
                0x00800451                stat
                0x00800465                timer_FLV
                0x00800467                detect
                0x00800589                timing
                0x0080058b                dt
                0x0080058f                flag3
                0x00800590                volt_1
                0x00800592                arm
                0x00800593                faza_fall_2
                0x00800594                time_loop
                0x00800595                receivemode
                0x00800596                faza_counter
                0x00800598                u
                0x0080059a                dt1
                0x0080059c                millis
                0x0080059e                regim
                0x0080059f                service
                0x008005a0                PROVIDE (__bss_end, .)
                0x0000556a                __data_load_start = LOADADDR (.data)
                0x000057e4                __data_load_end = (__data_load_start + SIZEOF (.data))

.noinit         0x008005a0        0x0
                [!provide]                PROVIDE (__noinit_start, .)
 *(.noinit*)
                [!provide]                PROVIDE (__noinit_end, .)
                0x008005a0                _end = .
                [!provide]                PROVIDE (__heap_start, .)

.eeprom         0x00810000        0x0
 *(.eeprom*)
                0x00810000                __eeprom_end = .

.fuse
 *(.fuse)
 *(.lfuse)
 *(.hfuse)
 *(.efuse)

.lock
 *(.lock*)

.signature
 *(.signature*)

.user_signatures
 *(.user_signatures*)

.stab
 *(.stab)

.stabstr
 *(.stabstr)

.stab.excl
 *(.stab.excl)

.stab.exclstr
 *(.stab.exclstr)

.stab.index
 *(.stab.index)

.stab.indexstr
 *(.stab.indexstr)

.comment        0x00000000       0x5c
 *(.comment)
 .comment       0x00000000       0x30 ADConverter.o
                                 0x31 (size before relaxing)
 .comment       0x00000030       0x31 AirCond.o
 .comment       0x00000030       0x31 AutoTemp.o
 .comment       0x00000030       0x31 DHT.o
 .comment       0x00000030       0x31 EepromDATA.o
 .comment       0x00000030       0x31 Inputs.o
 .comment       0x00000030       0x31 LCD.o
 .comment       0x00000030       0x31 Led_driver.o
 .comment       0x00000030       0x31 main.o
 .comment       0x00000030       0x31 Manual.o
 .comment       0x00000030       0x31 MenuStatus.o
 .comment       0x00000030       0x31 Omega.o
 .comment       0x00000030       0x31 Registr.o
 .comment       0x00000030       0x31 ServiceMenu.o
 .comment       0x00000030       0x31 Voltmeter.o
 .comment       0x00000030       0x2c d:/atmel/7.0/toolchain/avr8/avr8-gnu-toolchain/bin/../lib/gcc/avr/5.4.0/../../../../avr/lib/avr5\libprintf_flt.a(vfprintf_flt.o)
                                 0x2d (size before relaxing)
 .comment       0x0000005c       0x31 d:/atmel/7.0/toolchain/avr8/avr8-gnu-toolchain/bin/../lib/gcc/avr/5.4.0/../../../../avr/lib/avr5\libc.a(fputc.o)
 .comment       0x0000005c       0x31 d:/atmel/7.0/toolchain/avr8/avr8-gnu-toolchain/bin/../lib/gcc/avr/5.4.0/../../../../avr/lib/avr5\libc.a(sprintf.o)

.note.gnu.avr.deviceinfo
                0x00000000       0x40
 .note.gnu.avr.deviceinfo
                0x00000000       0x40 D:/Atmel/7.0/Packs/atmel/ATmega_DFP/1.3.300/gcc/dev/atmega328p/avr5/crtatmega328p.o

.note.gnu.build-id
 *(.note.gnu.build-id)

.debug
 *(.debug)

.line
 *(.line)

.debug_srcinfo
 *(.debug_srcinfo)

.debug_sfnames
 *(.debug_sfnames)

.debug_aranges  0x00000000      0x258
 *(.debug_aranges)
 .debug_aranges
                0x00000000       0x28 ADConverter.o
 .debug_aranges
                0x00000028       0x28 AirCond.o
 .debug_aranges
                0x00000050       0x20 AutoTemp.o
 .debug_aranges
                0x00000070       0x30 DHT.o
 .debug_aranges
                0x000000a0       0x28 EepromDATA.o
 .debug_aranges
                0x000000c8       0x28 Inputs.o
 .debug_aranges
                0x000000f0       0x38 LCD.o
 .debug_aranges
                0x00000128       0x28 Led_driver.o
 .debug_aranges
                0x00000150       0x30 main.o
 .debug_aranges
                0x00000180       0x20 Manual.o
 .debug_aranges
                0x000001a0       0x20 MenuStatus.o
 .debug_aranges
                0x000001c0       0x30 Omega.o
 .debug_aranges
                0x000001f0       0x28 Registr.o
 .debug_aranges
                0x00000218       0x20 ServiceMenu.o
 .debug_aranges
                0x00000238       0x20 Voltmeter.o

.debug_pubnames
 *(.debug_pubnames)

.debug_info     0x00000000     0xb509
 *(.debug_info .gnu.linkonce.wi.*)
 .debug_info    0x00000000      0x5f4 D:/Atmel/7.0/Packs/atmel/ATmega_DFP/1.3.300/gcc/dev/atmega328p/avr5/crtatmega328p.o
 .debug_info    0x000005f4      0x96b ADConverter.o
 .debug_info    0x00000f5f      0x9aa AirCond.o
 .debug_info    0x00001909      0xbc9 AutoTemp.o
 .debug_info    0x000024d2      0xaff DHT.o
 .debug_info    0x00002fd1      0x929 EepromDATA.o
 .debug_info    0x000038fa      0x9c7 Inputs.o
 .debug_info    0x000042c1      0xe02 LCD.o
 .debug_info    0x000050c3      0xa0f Led_driver.o
 .debug_info    0x00005ad2      0xf61 main.o
 .debug_info    0x00006a33      0xd90 Manual.o
 .debug_info    0x000077c3      0xcab MenuStatus.o
 .debug_info    0x0000846e      0x9ea Omega.o
 .debug_info    0x00008e58      0xc08 Registr.o
 .debug_info    0x00009a60      0xff0 ServiceMenu.o
 .debug_info    0x0000aa50      0xab9 Voltmeter.o

.debug_abbrev   0x00000000     0x1737
 *(.debug_abbrev)
 .debug_abbrev  0x00000000      0x5a2 D:/Atmel/7.0/Packs/atmel/ATmega_DFP/1.3.300/gcc/dev/atmega328p/avr5/crtatmega328p.o
 .debug_abbrev  0x000005a2      0x106 ADConverter.o
 .debug_abbrev  0x000006a8       0xeb AirCond.o
 .debug_abbrev  0x00000793      0x146 AutoTemp.o
 .debug_abbrev  0x000008d9      0x1ca DHT.o
 .debug_abbrev  0x00000aa3       0xd7 EepromDATA.o
 .debug_abbrev  0x00000b7a       0xe7 Inputs.o
 .debug_abbrev  0x00000c61      0x192 LCD.o
 .debug_abbrev  0x00000df3      0x107 Led_driver.o
 .debug_abbrev  0x00000efa      0x17d main.o
 .debug_abbrev  0x00001077      0x13b Manual.o
 .debug_abbrev  0x000011b2      0x19b MenuStatus.o
 .debug_abbrev  0x0000134d      0x110 Omega.o
 .debug_abbrev  0x0000145d       0xdf Registr.o
 .debug_abbrev  0x0000153c      0x11f ServiceMenu.o
 .debug_abbrev  0x0000165b       0xdc Voltmeter.o

.debug_line     0x00000000     0x3eeb
 *(.debug_line .debug_line.* .debug_line_end)
 .debug_line    0x00000000      0x133 D:/Atmel/7.0/Packs/atmel/ATmega_DFP/1.3.300/gcc/dev/atmega328p/avr5/crtatmega328p.o
 .debug_line    0x00000133      0x1ac ADConverter.o
 .debug_line    0x000002df      0x1f7 AirCond.o
 .debug_line    0x000004d6      0x2a5 AutoTemp.o
 .debug_line    0x0000077b      0x2f0 DHT.o
 .debug_line    0x00000a6b      0x13f EepromDATA.o
 .debug_line    0x00000baa      0x200 Inputs.o
 .debug_line    0x00000daa      0x2e3 LCD.o
 .debug_line    0x0000108d      0x2f5 Led_driver.o
 .debug_line    0x00001382      0x5d3 main.o
 .debug_line    0x00001955      0x3f0 Manual.o
 .debug_line    0x00001d45      0x467 MenuStatus.o
 .debug_line    0x000021ac      0x809 Omega.o
 .debug_line    0x000029b5      0x47b Registr.o
 .debug_line    0x00002e30      0xf36 ServiceMenu.o
 .debug_line    0x00003d66      0x185 Voltmeter.o

.debug_frame    0x00000000      0x4c8
 *(.debug_frame)
 .debug_frame   0x00000000       0x48 ADConverter.o
 .debug_frame   0x00000048       0x50 AirCond.o
 .debug_frame   0x00000098       0x24 AutoTemp.o
 .debug_frame   0x000000bc       0xb4 DHT.o
 .debug_frame   0x00000170       0x34 EepromDATA.o
 .debug_frame   0x000001a4       0x34 Inputs.o
 .debug_frame   0x000001d8       0x78 LCD.o
 .debug_frame   0x00000250       0x34 Led_driver.o
 .debug_frame   0x00000284       0xa0 main.o
 .debug_frame   0x00000324       0x24 Manual.o
 .debug_frame   0x00000348       0x30 MenuStatus.o
 .debug_frame   0x00000378       0x50 Omega.o
 .debug_frame   0x000003c8       0x54 Registr.o
 .debug_frame   0x0000041c       0x74 ServiceMenu.o
 .debug_frame   0x00000490       0x38 Voltmeter.o

.debug_str      0x00000000      0x8b6
 *(.debug_str)
 .debug_str     0x00000000      0x208 D:/Atmel/7.0/Packs/atmel/ATmega_DFP/1.3.300/gcc/dev/atmega328p/avr5/crtatmega328p.o
 .debug_str     0x00000208      0x40b ADConverter.o
                                0x463 (size before relaxing)
 .debug_str     0x00000613       0x3c AirCond.o
                                0x46e (size before relaxing)
 .debug_str     0x0000064f       0x88 AutoTemp.o
                                0x4c2 (size before relaxing)
 .debug_str     0x000006d7       0x38 DHT.o
                                0x4cb (size before relaxing)
 .debug_str     0x0000070f       0x3c EepromDATA.o
                                0x477 (size before relaxing)
 .debug_str     0x0000074b       0x24 Inputs.o
                                0x467 (size before relaxing)
 .debug_str     0x0000076f       0x30 LCD.o
                                0x4cb (size before relaxing)
 .debug_str     0x0000079f       0x18 Led_driver.o
                                0x459 (size before relaxing)
 .debug_str     0x000007b7       0x64 main.o
                                0x590 (size before relaxing)
 .debug_str     0x0000081b       0x1b Manual.o
                                0x4cb (size before relaxing)
 .debug_str     0x00000836       0x12 MenuStatus.o
                                0x4c4 (size before relaxing)
 .debug_str     0x00000848       0x16 Omega.o
                                0x46b (size before relaxing)
 .debug_str     0x0000085e       0x2d Registr.o
                                0x467 (size before relaxing)
 .debug_str     0x0000088b       0x1a ServiceMenu.o
                                0x4a3 (size before relaxing)
 .debug_str     0x000008a5       0x11 Voltmeter.o
                                0x47a (size before relaxing)

.debug_loc      0x00000000      0xed2
 *(.debug_loc)
 .debug_loc     0x00000000       0xba ADConverter.o
 .debug_loc     0x000000ba       0x56 AirCond.o
 .debug_loc     0x00000110       0x48 AutoTemp.o
 .debug_loc     0x00000158      0x32f DHT.o
 .debug_loc     0x00000487       0x24 EepromDATA.o
 .debug_loc     0x000004ab      0x251 LCD.o
 .debug_loc     0x000006fc       0x14 Led_driver.o
 .debug_loc     0x00000710      0x234 main.o
 .debug_loc     0x00000944      0x1b0 Manual.o
 .debug_loc     0x00000af4      0x13f MenuStatus.o
 .debug_loc     0x00000c33       0x2f Omega.o
 .debug_loc     0x00000c62       0xf4 Registr.o
 .debug_loc     0x00000d56      0x133 ServiceMenu.o
 .debug_loc     0x00000e89       0x49 Voltmeter.o

.debug_macinfo
 *(.debug_macinfo)

.debug_weaknames
 *(.debug_weaknames)

.debug_funcnames
 *(.debug_funcnames)

.debug_typenames
 *(.debug_typenames)

.debug_varnames
 *(.debug_varnames)

.debug_pubtypes
 *(.debug_pubtypes)

.debug_ranges   0x00000000      0x198
 *(.debug_ranges)
 .debug_ranges  0x00000000       0x18 ADConverter.o
 .debug_ranges  0x00000018       0x18 AirCond.o
 .debug_ranges  0x00000030       0x10 AutoTemp.o
 .debug_ranges  0x00000040       0x20 DHT.o
 .debug_ranges  0x00000060       0x18 EepromDATA.o
 .debug_ranges  0x00000078       0x18 Inputs.o
 .debug_ranges  0x00000090       0x28 LCD.o
 .debug_ranges  0x000000b8       0x18 Led_driver.o
 .debug_ranges  0x000000d0       0x20 main.o
 .debug_ranges  0x000000f0       0x10 Manual.o
 .debug_ranges  0x00000100       0x40 MenuStatus.o
 .debug_ranges  0x00000140       0x20 Omega.o
 .debug_ranges  0x00000160       0x18 Registr.o
 .debug_ranges  0x00000178       0x10 ServiceMenu.o
 .debug_ranges  0x00000188       0x10 Voltmeter.o

.debug_macro
 *(.debug_macro)
OUTPUT(Vent_box.elf elf32-avr)
LOAD linker stubs
