Archive member included to satisfy reference by file (symbol)

c:/program files (x86)/atmel/studio/7.0/toolchain/avr8/avr8-gnu-toolchain/bin/../lib/gcc/avr/5.4.0/../../../../avr/lib/avr5\libprintf_flt.a(vfprintf_flt.o)
                              (vfprintf)
c:/program files (x86)/atmel/studio/7.0/toolchain/avr8/avr8-gnu-toolchain/bin/../lib/gcc/avr/5.4.0/avr5\libgcc.a(_divmodhi4.o)
                              AirCond.o (__divmodhi4)
c:/program files (x86)/atmel/studio/7.0/toolchain/avr8/avr8-gnu-toolchain/bin/../lib/gcc/avr/5.4.0/avr5\libgcc.a(_exit.o)
                              C:/Program Files (x86)/Atmel/Studio/7.0/Packs/atmel/ATmega_DFP/1.3.300/gcc/dev/atmega328p/avr5/crtatmega328p.o (exit)
c:/program files (x86)/atmel/studio/7.0/toolchain/avr8/avr8-gnu-toolchain/bin/../lib/gcc/avr/5.4.0/avr5\libgcc.a(_tablejump2.o)
                              MenuStatus.o (__tablejump2__)
c:/program files (x86)/atmel/studio/7.0/toolchain/avr8/avr8-gnu-toolchain/bin/../lib/gcc/avr/5.4.0/avr5\libgcc.a(_copy_data.o)
                              AutoSet.o (__do_copy_data)
c:/program files (x86)/atmel/studio/7.0/toolchain/avr8/avr8-gnu-toolchain/bin/../lib/gcc/avr/5.4.0/avr5\libgcc.a(_clear_bss.o)
                              ADConverter.o (__do_clear_bss)
c:/program files (x86)/atmel/studio/7.0/toolchain/avr8/avr8-gnu-toolchain/bin/../lib/gcc/avr/5.4.0/avr5\libgcc.a(_umulhisi3.o)
                              LCD.o (__umulhisi3)
c:/program files (x86)/atmel/studio/7.0/toolchain/avr8/avr8-gnu-toolchain/bin/../lib/gcc/avr/5.4.0/avr5\libgcc.a(_prologue.o)
                              c:/program files (x86)/atmel/studio/7.0/toolchain/avr8/avr8-gnu-toolchain/bin/../lib/gcc/avr/5.4.0/../../../../avr/lib/avr5\libprintf_flt.a(vfprintf_flt.o) (__prologue_saves__)
c:/program files (x86)/atmel/studio/7.0/toolchain/avr8/avr8-gnu-toolchain/bin/../lib/gcc/avr/5.4.0/avr5\libgcc.a(_epilogue.o)
                              c:/program files (x86)/atmel/studio/7.0/toolchain/avr8/avr8-gnu-toolchain/bin/../lib/gcc/avr/5.4.0/../../../../avr/lib/avr5\libprintf_flt.a(vfprintf_flt.o) (__epilogue_restores__)
c:/program files (x86)/atmel/studio/7.0/toolchain/avr8/avr8-gnu-toolchain/bin/../lib/gcc/avr/5.4.0/avr5\libgcc.a(_udivmodhi4.o)
                              c:/program files (x86)/atmel/studio/7.0/toolchain/avr8/avr8-gnu-toolchain/bin/../lib/gcc/avr/5.4.0/avr5\libgcc.a(_divmodhi4.o) (__udivmodhi4)
c:/program files (x86)/atmel/studio/7.0/toolchain/avr8/avr8-gnu-toolchain/bin/../lib/gcc/avr/5.4.0/../../../../avr/lib/avr5\libm.a(addsf3.o)
                              AirCond.o (__subsf3)
c:/program files (x86)/atmel/studio/7.0/toolchain/avr8/avr8-gnu-toolchain/bin/../lib/gcc/avr/5.4.0/../../../../avr/lib/avr5\libm.a(addsf3x.o)
                              c:/program files (x86)/atmel/studio/7.0/toolchain/avr8/avr8-gnu-toolchain/bin/../lib/gcc/avr/5.4.0/../../../../avr/lib/avr5\libm.a(addsf3.o) (__addsf3x)
c:/program files (x86)/atmel/studio/7.0/toolchain/avr8/avr8-gnu-toolchain/bin/../lib/gcc/avr/5.4.0/../../../../avr/lib/avr5\libm.a(cmpsf2.o)
                              ServiceMenu.o (__ltsf2)
c:/program files (x86)/atmel/studio/7.0/toolchain/avr8/avr8-gnu-toolchain/bin/../lib/gcc/avr/5.4.0/../../../../avr/lib/avr5\libm.a(divsf3.o)
                              Led_driver.o (__divsf3)
c:/program files (x86)/atmel/studio/7.0/toolchain/avr8/avr8-gnu-toolchain/bin/../lib/gcc/avr/5.4.0/../../../../avr/lib/avr5\libm.a(divsf3x.o)
                              c:/program files (x86)/atmel/studio/7.0/toolchain/avr8/avr8-gnu-toolchain/bin/../lib/gcc/avr/5.4.0/../../../../avr/lib/avr5\libm.a(divsf3.o) (__divsf3x)
c:/program files (x86)/atmel/studio/7.0/toolchain/avr8/avr8-gnu-toolchain/bin/../lib/gcc/avr/5.4.0/../../../../avr/lib/avr5\libm.a(fixsfsi.o)
                              DHT.o (__fixsfsi)
c:/program files (x86)/atmel/studio/7.0/toolchain/avr8/avr8-gnu-toolchain/bin/../lib/gcc/avr/5.4.0/../../../../avr/lib/avr5\libm.a(fixunssfsi.o)
                              ServiceMenu.o (__fixunssfsi)
c:/program files (x86)/atmel/studio/7.0/toolchain/avr8/avr8-gnu-toolchain/bin/../lib/gcc/avr/5.4.0/../../../../avr/lib/avr5\libm.a(floatsisf.o)
                              main.o (__floatunsisf)
c:/program files (x86)/atmel/studio/7.0/toolchain/avr8/avr8-gnu-toolchain/bin/../lib/gcc/avr/5.4.0/../../../../avr/lib/avr5\libm.a(fp_cmp.o)
                              c:/program files (x86)/atmel/studio/7.0/toolchain/avr8/avr8-gnu-toolchain/bin/../lib/gcc/avr/5.4.0/../../../../avr/lib/avr5\libm.a(cmpsf2.o) (__fp_cmp)
c:/program files (x86)/atmel/studio/7.0/toolchain/avr8/avr8-gnu-toolchain/bin/../lib/gcc/avr/5.4.0/../../../../avr/lib/avr5\libm.a(fp_inf.o)
                              c:/program files (x86)/atmel/studio/7.0/toolchain/avr8/avr8-gnu-toolchain/bin/../lib/gcc/avr/5.4.0/../../../../avr/lib/avr5\libm.a(addsf3x.o) (__fp_inf)
c:/program files (x86)/atmel/studio/7.0/toolchain/avr8/avr8-gnu-toolchain/bin/../lib/gcc/avr/5.4.0/../../../../avr/lib/avr5\libm.a(fp_nan.o)
                              c:/program files (x86)/atmel/studio/7.0/toolchain/avr8/avr8-gnu-toolchain/bin/../lib/gcc/avr/5.4.0/../../../../avr/lib/avr5\libm.a(addsf3x.o) (__fp_nan)
c:/program files (x86)/atmel/studio/7.0/toolchain/avr8/avr8-gnu-toolchain/bin/../lib/gcc/avr/5.4.0/../../../../avr/lib/avr5\libm.a(fp_pscA.o)
                              c:/program files (x86)/atmel/studio/7.0/toolchain/avr8/avr8-gnu-toolchain/bin/../lib/gcc/avr/5.4.0/../../../../avr/lib/avr5\libm.a(addsf3x.o) (__fp_pscA)
c:/program files (x86)/atmel/studio/7.0/toolchain/avr8/avr8-gnu-toolchain/bin/../lib/gcc/avr/5.4.0/../../../../avr/lib/avr5\libm.a(fp_pscB.o)
                              c:/program files (x86)/atmel/studio/7.0/toolchain/avr8/avr8-gnu-toolchain/bin/../lib/gcc/avr/5.4.0/../../../../avr/lib/avr5\libm.a(addsf3x.o) (__fp_pscB)
c:/program files (x86)/atmel/studio/7.0/toolchain/avr8/avr8-gnu-toolchain/bin/../lib/gcc/avr/5.4.0/../../../../avr/lib/avr5\libm.a(fp_round.o)
                              c:/program files (x86)/atmel/studio/7.0/toolchain/avr8/avr8-gnu-toolchain/bin/../lib/gcc/avr/5.4.0/../../../../avr/lib/avr5\libm.a(addsf3.o) (__fp_round)
c:/program files (x86)/atmel/studio/7.0/toolchain/avr8/avr8-gnu-toolchain/bin/../lib/gcc/avr/5.4.0/../../../../avr/lib/avr5\libm.a(fp_split3.o)
                              c:/program files (x86)/atmel/studio/7.0/toolchain/avr8/avr8-gnu-toolchain/bin/../lib/gcc/avr/5.4.0/../../../../avr/lib/avr5\libm.a(addsf3x.o) (__fp_split3)
c:/program files (x86)/atmel/studio/7.0/toolchain/avr8/avr8-gnu-toolchain/bin/../lib/gcc/avr/5.4.0/../../../../avr/lib/avr5\libm.a(fp_zero.o)
                              c:/program files (x86)/atmel/studio/7.0/toolchain/avr8/avr8-gnu-toolchain/bin/../lib/gcc/avr/5.4.0/../../../../avr/lib/avr5\libm.a(addsf3x.o) (__fp_zero)
c:/program files (x86)/atmel/studio/7.0/toolchain/avr8/avr8-gnu-toolchain/bin/../lib/gcc/avr/5.4.0/../../../../avr/lib/avr5\libm.a(gesf2.o)
                              AirCond.o (__gesf2)
c:/program files (x86)/atmel/studio/7.0/toolchain/avr8/avr8-gnu-toolchain/bin/../lib/gcc/avr/5.4.0/../../../../avr/lib/avr5\libm.a(mulsf3.o)
                              DHT.o (__mulsf3)
c:/program files (x86)/atmel/studio/7.0/toolchain/avr8/avr8-gnu-toolchain/bin/../lib/gcc/avr/5.4.0/../../../../avr/lib/avr5\libm.a(mulsf3x.o)
                              c:/program files (x86)/atmel/studio/7.0/toolchain/avr8/avr8-gnu-toolchain/bin/../lib/gcc/avr/5.4.0/../../../../avr/lib/avr5\libm.a(mulsf3.o) (__mulsf3x)
c:/program files (x86)/atmel/studio/7.0/toolchain/avr8/avr8-gnu-toolchain/bin/../lib/gcc/avr/5.4.0/../../../../avr/lib/avr5\libc.a(ftoa_engine.o)
                              c:/program files (x86)/atmel/studio/7.0/toolchain/avr8/avr8-gnu-toolchain/bin/../lib/gcc/avr/5.4.0/../../../../avr/lib/avr5\libprintf_flt.a(vfprintf_flt.o) (__ftoa_engine)
c:/program files (x86)/atmel/studio/7.0/toolchain/avr8/avr8-gnu-toolchain/bin/../lib/gcc/avr/5.4.0/../../../../avr/lib/avr5\libc.a(strnlen_P.o)
                              c:/program files (x86)/atmel/studio/7.0/toolchain/avr8/avr8-gnu-toolchain/bin/../lib/gcc/avr/5.4.0/../../../../avr/lib/avr5\libprintf_flt.a(vfprintf_flt.o) (strnlen_P)
c:/program files (x86)/atmel/studio/7.0/toolchain/avr8/avr8-gnu-toolchain/bin/../lib/gcc/avr/5.4.0/../../../../avr/lib/avr5\libc.a(strnlen.o)
                              c:/program files (x86)/atmel/studio/7.0/toolchain/avr8/avr8-gnu-toolchain/bin/../lib/gcc/avr/5.4.0/../../../../avr/lib/avr5\libprintf_flt.a(vfprintf_flt.o) (strnlen)
c:/program files (x86)/atmel/studio/7.0/toolchain/avr8/avr8-gnu-toolchain/bin/../lib/gcc/avr/5.4.0/../../../../avr/lib/avr5\libc.a(fputc.o)
                              c:/program files (x86)/atmel/studio/7.0/toolchain/avr8/avr8-gnu-toolchain/bin/../lib/gcc/avr/5.4.0/../../../../avr/lib/avr5\libprintf_flt.a(vfprintf_flt.o) (fputc)
c:/program files (x86)/atmel/studio/7.0/toolchain/avr8/avr8-gnu-toolchain/bin/../lib/gcc/avr/5.4.0/../../../../avr/lib/avr5\libc.a(sprintf.o)
                              DHT.o (sprintf)
c:/program files (x86)/atmel/studio/7.0/toolchain/avr8/avr8-gnu-toolchain/bin/../lib/gcc/avr/5.4.0/../../../../avr/lib/avr5\libc.a(ultoa_invert.o)
                              c:/program files (x86)/atmel/studio/7.0/toolchain/avr8/avr8-gnu-toolchain/bin/../lib/gcc/avr/5.4.0/../../../../avr/lib/avr5\libprintf_flt.a(vfprintf_flt.o) (__ultoa_invert)

Allocating common symbols
Common symbol       size              file

hum                 0x1               ADConverter.o
tmp                 0x2               ADConverter.o
tct                 0x2               ADConverter.o
latch_1             0x1               ADConverter.o
pwr_count           0x2               ADConverter.o
v_1                 0x2               ADConverter.o
temp_alarm          0x1               ADConverter.o
soft_start          0x1               ADConverter.o
j                   0x2               ADConverter.o
search              0x1               ADConverter.o
dt2                 0x2               ADConverter.o
run_status          0x2               ADConverter.o
flv_alarm           0x1               ADConverter.o
tk                  0x2               ADConverter.o
dh                  0x4               ADConverter.o
input_bit           0x2               ADConverter.o
delta_U             0x2               ADConverter.o
pwr                 0x2               ADConverter.o
volt_2              0x2               ADConverter.o
u_1                 0x2               ADConverter.o
buff                0x10              ADConverter.o
mn_tm               0x2               Manual.o
w                   0x2               ADConverter.o
dh2                 0x2               ADConverter.o
revers              0x1               ADConverter.o
measure             0x2               ADConverter.o
temp_ID             0x2               ADConverter.o
relay               0x2               ADConverter.o
v_curr              0x2               ADConverter.o
flag2               0x1               ADConverter.o
volt_3              0x2               ADConverter.o
run_relay           0x1               ADConverter.o
active              0x2               ADConverter.o
voltage             0x2               ADConverter.o
adress_t            0x2               ADConverter.o
adres_call          0x2               ADConverter.o
lvl_1               0x1               ADConverter.o
pwr_flag            0x1               ADConverter.o
blink               0x2               ADConverter.o
norm                0x14              ADConverter.o
mode                0x1               ADConverter.o
dh1                 0x2               ADConverter.o
delta_H             0x4               ADConverter.o
test                0x2               ADConverter.o
device_ID           0x2               ADConverter.o
flag1               0x1               ADConverter.o
bit_flag            0x1               ADConverter.o
mcount              0x2               Manual.o
low                 0x2               ADConverter.o
v                   0x2               ADConverter.o
timer_M             0x2               ADConverter.o
hd                  0x4               ADConverter.o
tm                  0x4               ADConverter.o
faza                0x2               ADConverter.o
volts_level         0x1               ADConverter.o
faza_fall           0x1               ADConverter.o
al                  0x1               ADConverter.o
tt                  0x2               ADConverter.o
w_1                 0x2               ADConverter.o
pwm_finish          0x1               ADConverter.o
peak                0x2               ADConverter.o
counter             0x2               ADConverter.o
regim_fall          0x1               ADConverter.o
data                0x5               ADConverter.o
mn_time             0x2               ADConverter.o
lvl_2               0x1               ADConverter.o
interval            0x2               ADConverter.o
milis               0x2               ADConverter.o
external            0x1               ADConverter.o
run_auto_relay      0x1               ADConverter.o
d                   0x2               ADConverter.o
directive           0x2               ADConverter.o
answer              0x2               ADConverter.o
adress              0x2               ADConverter.o
w_curr              0x2               ADConverter.o
hi_flag             0x1               ADConverter.o
blink_detect        0x2               ADConverter.o
delta_T             0x4               ADConverter.o
lvl_3               0x1               ADConverter.o
past2               0x2               ADConverter.o
frame               0x2               ADConverter.o
check_sum           0x2               ADConverter.o
hum_alarm           0x1               ADConverter.o
rd                  0x4               ADConverter.o
u_curr              0x2               ADConverter.o
past                0x2               ADConverter.o
timer_U             0x2               ADConverter.o
faza_fall_1         0x1               ADConverter.o
stats               0x2               ADConverter.o
delta_F             0x2               ADConverter.o
stat                0x14              ADConverter.o
timer_FLV           0x2               ADConverter.o
detect              0x122             ADConverter.o
timing              0x2               ADConverter.o
dt                  0x4               ADConverter.o
flag3               0x1               ADConverter.o
volt_1              0x2               ADConverter.o
arm                 0x1               ADConverter.o
faza_fall_2         0x1               ADConverter.o
time_loop           0x1               ADConverter.o
receivemode         0x1               ADConverter.o
faza_counter        0x2               ADConverter.o
u                   0x2               ADConverter.o
dt1                 0x2               ADConverter.o
millis              0x2               ADConverter.o
regim               0x1               ADConverter.o
service             0x1               ADConverter.o

Discarded input sections

 .data          0x00000000        0x0 C:/Program Files (x86)/Atmel/Studio/7.0/Packs/atmel/ATmega_DFP/1.3.300/gcc/dev/atmega328p/avr5/crtatmega328p.o
 .bss           0x00000000        0x0 C:/Program Files (x86)/Atmel/Studio/7.0/Packs/atmel/ATmega_DFP/1.3.300/gcc/dev/atmega328p/avr5/crtatmega328p.o
 .text          0x00000000        0x0 ADConverter.o
 .data          0x00000000        0x0 ADConverter.o
 .bss           0x00000000        0x0 ADConverter.o
 .bss.tempdata  0x00000000        0x4 ADConverter.o
 .text          0x00000000        0x0 AirCond.o
 .data          0x00000000        0x0 AirCond.o
 .bss           0x00000000        0x0 AirCond.o
 .text.valve_status
                0x00000000       0x7e AirCond.o
 .bss.tempdata  0x00000000        0x4 AirCond.o
 .text          0x00000000        0x0 AutoSet.o
 .data          0x00000000        0x0 AutoSet.o
 .bss           0x00000000        0x0 AutoSet.o
 .rodata.str1.1
                0x00000000       0x52 AutoSet.o
 .text.AutoSet  0x00000000      0x1ec AutoSet.o
 .bss.tempdata  0x00000000        0x4 AutoSet.o
 .debug_info    0x00000000      0xc30 AutoSet.o
 .debug_abbrev  0x00000000      0x15e AutoSet.o
 .debug_loc     0x00000000       0xa9 AutoSet.o
 .debug_aranges
                0x00000000       0x20 AutoSet.o
 .debug_ranges  0x00000000       0x10 AutoSet.o
 .debug_line    0x00000000      0x2e6 AutoSet.o
 .debug_str     0x00000000      0x4e6 AutoSet.o
 .comment       0x00000000       0x31 AutoSet.o
 .debug_frame   0x00000000       0x38 AutoSet.o
 .text          0x00000000        0x0 AutoTemp.o
 .data          0x00000000        0x0 AutoTemp.o
 .bss           0x00000000        0x0 AutoTemp.o
 .bss.tempdata  0x00000000        0x4 AutoTemp.o
 .text          0x00000000        0x0 DHT.o
 .data          0x00000000        0x0 DHT.o
 .bss           0x00000000        0x0 DHT.o
 .bss.tempdata  0x00000000        0x4 DHT.o
 .text          0x00000000        0x0 EepromDATA.o
 .data          0x00000000        0x0 EepromDATA.o
 .bss           0x00000000        0x0 EepromDATA.o
 .bss.tempdata  0x00000000        0x4 EepromDATA.o
 .text          0x00000000        0x0 Inputs.o
 .data          0x00000000        0x0 Inputs.o
 .bss           0x00000000        0x0 Inputs.o
 .bss.tempdata  0x00000000        0x4 Inputs.o
 .text          0x00000000        0x0 LCD.o
 .data          0x00000000        0x0 LCD.o
 .bss           0x00000000        0x0 LCD.o
 .bss.tempdata  0x00000000        0x4 LCD.o
 .text          0x00000000        0x0 Led_driver.o
 .data          0x00000000        0x0 Led_driver.o
 .bss           0x00000000        0x0 Led_driver.o
 .bss.tempdata  0x00000000        0x4 Led_driver.o
 .text          0x00000000        0x0 main.o
 .data          0x00000000        0x0 main.o
 .bss           0x00000000        0x0 main.o
 .bss.read_enable
                0x00000000        0x1 main.o
 .bss.temperatur
                0x00000000        0x2 main.o
 .bss.tempdata  0x00000000        0x4 main.o
 .text          0x00000000        0x0 Manual.o
 .data          0x00000000        0x0 Manual.o
 .bss           0x00000000        0x0 Manual.o
 .bss.tempdata  0x00000000        0x4 Manual.o
 COMMON         0x00000000        0x4 Manual.o
 .text          0x00000000        0x0 ManualSet.o
 .data          0x00000000        0x0 ManualSet.o
 .bss           0x00000000        0x0 ManualSet.o
 .rodata.str1.1
                0x00000000       0x88 ManualSet.o
 .text.ManualSet
                0x00000000      0x34e ManualSet.o
 .bss.tempdata  0x00000000        0x4 ManualSet.o
 .debug_info    0x00000000      0xe2e ManualSet.o
 .debug_abbrev  0x00000000      0x146 ManualSet.o
 .debug_loc     0x00000000      0x120 ManualSet.o
 .debug_aranges
                0x00000000       0x20 ManualSet.o
 .debug_ranges  0x00000000       0x10 ManualSet.o
 .debug_line    0x00000000      0x429 ManualSet.o
 .debug_str     0x00000000      0x4eb ManualSet.o
 .comment       0x00000000       0x31 ManualSet.o
 .debug_frame   0x00000000       0x24 ManualSet.o
 .text          0x00000000        0x0 MenuStatus.o
 .data          0x00000000        0x0 MenuStatus.o
 .bss           0x00000000        0x0 MenuStatus.o
 .bss.tempdata  0x00000000        0x4 MenuStatus.o
 .text          0x00000000        0x0 Omega.o
 .data          0x00000000        0x0 Omega.o
 .bss           0x00000000        0x0 Omega.o
 .bss.tempdata  0x00000000        0x4 Omega.o
 .text          0x00000000        0x0 Registr.o
 .data          0x00000000        0x0 Registr.o
 .bss           0x00000000        0x0 Registr.o
 .text.write_to_74HC595
                0x00000000      0x16a Registr.o
 .text          0x00000000        0x0 Service.o
 .data          0x00000000        0x0 Service.o
 .bss           0x00000000        0x0 Service.o
 .rodata.str1.1
                0x00000000      0x12b Service.o
 .text.Service  0x00000000      0xa0a Service.o
 .bss.tempdata  0x00000000        0x4 Service.o
 .debug_info    0x00000000     0x1ba0 Service.o
 .debug_abbrev  0x00000000      0x14a Service.o
 .debug_loc     0x00000000      0x510 Service.o
 .debug_aranges
                0x00000000       0x20 Service.o
 .debug_ranges  0x00000000       0x10 Service.o
 .debug_line    0x00000000      0x863 Service.o
 .debug_str     0x00000000      0x4f6 Service.o
 .comment       0x00000000       0x31 Service.o
 .debug_frame   0x00000000       0x24 Service.o
 .text          0x00000000        0x0 ServiceMenu.o
 .data          0x00000000        0x0 ServiceMenu.o
 .bss           0x00000000        0x0 ServiceMenu.o
 .bss.tempdata  0x00000000        0x4 ServiceMenu.o
 .text          0x00000000        0x0 Voltmeter.o
 .data          0x00000000        0x0 Voltmeter.o
 .bss           0x00000000        0x0 Voltmeter.o
 .bss.tempdata  0x00000000        0x4 Voltmeter.o
 .text          0x00000000        0x0 c:/program files (x86)/atmel/studio/7.0/toolchain/avr8/avr8-gnu-toolchain/bin/../lib/gcc/avr/5.4.0/../../../../avr/lib/avr5\libprintf_flt.a(vfprintf_flt.o)
 .data          0x00000000        0x0 c:/program files (x86)/atmel/studio/7.0/toolchain/avr8/avr8-gnu-toolchain/bin/../lib/gcc/avr/5.4.0/../../../../avr/lib/avr5\libprintf_flt.a(vfprintf_flt.o)
 .bss           0x00000000        0x0 c:/program files (x86)/atmel/studio/7.0/toolchain/avr8/avr8-gnu-toolchain/bin/../lib/gcc/avr/5.4.0/../../../../avr/lib/avr5\libprintf_flt.a(vfprintf_flt.o)
 .text          0x00000000        0x0 c:/program files (x86)/atmel/studio/7.0/toolchain/avr8/avr8-gnu-toolchain/bin/../lib/gcc/avr/5.4.0/avr5\libgcc.a(_divmodhi4.o)
 .data          0x00000000        0x0 c:/program files (x86)/atmel/studio/7.0/toolchain/avr8/avr8-gnu-toolchain/bin/../lib/gcc/avr/5.4.0/avr5\libgcc.a(_divmodhi4.o)
 .bss           0x00000000        0x0 c:/program files (x86)/atmel/studio/7.0/toolchain/avr8/avr8-gnu-toolchain/bin/../lib/gcc/avr/5.4.0/avr5\libgcc.a(_divmodhi4.o)
 .text.libgcc.mul
                0x00000000        0x0 c:/program files (x86)/atmel/studio/7.0/toolchain/avr8/avr8-gnu-toolchain/bin/../lib/gcc/avr/5.4.0/avr5\libgcc.a(_divmodhi4.o)
 .text.libgcc   0x00000000        0x0 c:/program files (x86)/atmel/studio/7.0/toolchain/avr8/avr8-gnu-toolchain/bin/../lib/gcc/avr/5.4.0/avr5\libgcc.a(_divmodhi4.o)
 .text.libgcc.prologue
                0x00000000        0x0 c:/program files (x86)/atmel/studio/7.0/toolchain/avr8/avr8-gnu-toolchain/bin/../lib/gcc/avr/5.4.0/avr5\libgcc.a(_divmodhi4.o)
 .text.libgcc.builtins
                0x00000000        0x0 c:/program files (x86)/atmel/studio/7.0/toolchain/avr8/avr8-gnu-toolchain/bin/../lib/gcc/avr/5.4.0/avr5\libgcc.a(_divmodhi4.o)
 .text.libgcc.fmul
                0x00000000        0x0 c:/program files (x86)/atmel/studio/7.0/toolchain/avr8/avr8-gnu-toolchain/bin/../lib/gcc/avr/5.4.0/avr5\libgcc.a(_divmodhi4.o)
 .text.libgcc.fixed
                0x00000000        0x0 c:/program files (x86)/atmel/studio/7.0/toolchain/avr8/avr8-gnu-toolchain/bin/../lib/gcc/avr/5.4.0/avr5\libgcc.a(_divmodhi4.o)
 .text          0x00000000        0x0 c:/program files (x86)/atmel/studio/7.0/toolchain/avr8/avr8-gnu-toolchain/bin/../lib/gcc/avr/5.4.0/avr5\libgcc.a(_exit.o)
 .data          0x00000000        0x0 c:/program files (x86)/atmel/studio/7.0/toolchain/avr8/avr8-gnu-toolchain/bin/../lib/gcc/avr/5.4.0/avr5\libgcc.a(_exit.o)
 .bss           0x00000000        0x0 c:/program files (x86)/atmel/studio/7.0/toolchain/avr8/avr8-gnu-toolchain/bin/../lib/gcc/avr/5.4.0/avr5\libgcc.a(_exit.o)
 .text.libgcc.mul
                0x00000000        0x0 c:/program files (x86)/atmel/studio/7.0/toolchain/avr8/avr8-gnu-toolchain/bin/../lib/gcc/avr/5.4.0/avr5\libgcc.a(_exit.o)
 .text.libgcc.div
                0x00000000        0x0 c:/program files (x86)/atmel/studio/7.0/toolchain/avr8/avr8-gnu-toolchain/bin/../lib/gcc/avr/5.4.0/avr5\libgcc.a(_exit.o)
 .text.libgcc   0x00000000        0x0 c:/program files (x86)/atmel/studio/7.0/toolchain/avr8/avr8-gnu-toolchain/bin/../lib/gcc/avr/5.4.0/avr5\libgcc.a(_exit.o)
 .text.libgcc.prologue
                0x00000000        0x0 c:/program files (x86)/atmel/studio/7.0/toolchain/avr8/avr8-gnu-toolchain/bin/../lib/gcc/avr/5.4.0/avr5\libgcc.a(_exit.o)
 .text.libgcc.builtins
                0x00000000        0x0 c:/program files (x86)/atmel/studio/7.0/toolchain/avr8/avr8-gnu-toolchain/bin/../lib/gcc/avr/5.4.0/avr5\libgcc.a(_exit.o)
 .text.libgcc.fmul
                0x00000000        0x0 c:/program files (x86)/atmel/studio/7.0/toolchain/avr8/avr8-gnu-toolchain/bin/../lib/gcc/avr/5.4.0/avr5\libgcc.a(_exit.o)
 .text.libgcc.fixed
                0x00000000        0x0 c:/program files (x86)/atmel/studio/7.0/toolchain/avr8/avr8-gnu-toolchain/bin/../lib/gcc/avr/5.4.0/avr5\libgcc.a(_exit.o)
 .text          0x00000000        0x0 c:/program files (x86)/atmel/studio/7.0/toolchain/avr8/avr8-gnu-toolchain/bin/../lib/gcc/avr/5.4.0/avr5\libgcc.a(_tablejump2.o)
 .data          0x00000000        0x0 c:/program files (x86)/atmel/studio/7.0/toolchain/avr8/avr8-gnu-toolchain/bin/../lib/gcc/avr/5.4.0/avr5\libgcc.a(_tablejump2.o)
 .bss           0x00000000        0x0 c:/program files (x86)/atmel/studio/7.0/toolchain/avr8/avr8-gnu-toolchain/bin/../lib/gcc/avr/5.4.0/avr5\libgcc.a(_tablejump2.o)
 .text.libgcc.mul
                0x00000000        0x0 c:/program files (x86)/atmel/studio/7.0/toolchain/avr8/avr8-gnu-toolchain/bin/../lib/gcc/avr/5.4.0/avr5\libgcc.a(_tablejump2.o)
 .text.libgcc.div
                0x00000000        0x0 c:/program files (x86)/atmel/studio/7.0/toolchain/avr8/avr8-gnu-toolchain/bin/../lib/gcc/avr/5.4.0/avr5\libgcc.a(_tablejump2.o)
 .text.libgcc.prologue
                0x00000000        0x0 c:/program files (x86)/atmel/studio/7.0/toolchain/avr8/avr8-gnu-toolchain/bin/../lib/gcc/avr/5.4.0/avr5\libgcc.a(_tablejump2.o)
 .text.libgcc.builtins
                0x00000000        0x0 c:/program files (x86)/atmel/studio/7.0/toolchain/avr8/avr8-gnu-toolchain/bin/../lib/gcc/avr/5.4.0/avr5\libgcc.a(_tablejump2.o)
 .text.libgcc.fmul
                0x00000000        0x0 c:/program files (x86)/atmel/studio/7.0/toolchain/avr8/avr8-gnu-toolchain/bin/../lib/gcc/avr/5.4.0/avr5\libgcc.a(_tablejump2.o)
 .text.libgcc.fixed
                0x00000000        0x0 c:/program files (x86)/atmel/studio/7.0/toolchain/avr8/avr8-gnu-toolchain/bin/../lib/gcc/avr/5.4.0/avr5\libgcc.a(_tablejump2.o)
 .text          0x00000000        0x0 c:/program files (x86)/atmel/studio/7.0/toolchain/avr8/avr8-gnu-toolchain/bin/../lib/gcc/avr/5.4.0/avr5\libgcc.a(_copy_data.o)
 .data          0x00000000        0x0 c:/program files (x86)/atmel/studio/7.0/toolchain/avr8/avr8-gnu-toolchain/bin/../lib/gcc/avr/5.4.0/avr5\libgcc.a(_copy_data.o)
 .bss           0x00000000        0x0 c:/program files (x86)/atmel/studio/7.0/toolchain/avr8/avr8-gnu-toolchain/bin/../lib/gcc/avr/5.4.0/avr5\libgcc.a(_copy_data.o)
 .text.libgcc.mul
                0x00000000        0x0 c:/program files (x86)/atmel/studio/7.0/toolchain/avr8/avr8-gnu-toolchain/bin/../lib/gcc/avr/5.4.0/avr5\libgcc.a(_copy_data.o)
 .text.libgcc.div
                0x00000000        0x0 c:/program files (x86)/atmel/studio/7.0/toolchain/avr8/avr8-gnu-toolchain/bin/../lib/gcc/avr/5.4.0/avr5\libgcc.a(_copy_data.o)
 .text.libgcc   0x00000000        0x0 c:/program files (x86)/atmel/studio/7.0/toolchain/avr8/avr8-gnu-toolchain/bin/../lib/gcc/avr/5.4.0/avr5\libgcc.a(_copy_data.o)
 .text.libgcc.prologue
                0x00000000        0x0 c:/program files (x86)/atmel/studio/7.0/toolchain/avr8/avr8-gnu-toolchain/bin/../lib/gcc/avr/5.4.0/avr5\libgcc.a(_copy_data.o)
 .text.libgcc.builtins
                0x00000000        0x0 c:/program files (x86)/atmel/studio/7.0/toolchain/avr8/avr8-gnu-toolchain/bin/../lib/gcc/avr/5.4.0/avr5\libgcc.a(_copy_data.o)
 .text.libgcc.fmul
                0x00000000        0x0 c:/program files (x86)/atmel/studio/7.0/toolchain/avr8/avr8-gnu-toolchain/bin/../lib/gcc/avr/5.4.0/avr5\libgcc.a(_copy_data.o)
 .text.libgcc.fixed
                0x00000000        0x0 c:/program files (x86)/atmel/studio/7.0/toolchain/avr8/avr8-gnu-toolchain/bin/../lib/gcc/avr/5.4.0/avr5\libgcc.a(_copy_data.o)
 .text          0x00000000        0x0 c:/program files (x86)/atmel/studio/7.0/toolchain/avr8/avr8-gnu-toolchain/bin/../lib/gcc/avr/5.4.0/avr5\libgcc.a(_clear_bss.o)
 .data          0x00000000        0x0 c:/program files (x86)/atmel/studio/7.0/toolchain/avr8/avr8-gnu-toolchain/bin/../lib/gcc/avr/5.4.0/avr5\libgcc.a(_clear_bss.o)
 .bss           0x00000000        0x0 c:/program files (x86)/atmel/studio/7.0/toolchain/avr8/avr8-gnu-toolchain/bin/../lib/gcc/avr/5.4.0/avr5\libgcc.a(_clear_bss.o)
 .text.libgcc.mul
                0x00000000        0x0 c:/program files (x86)/atmel/studio/7.0/toolchain/avr8/avr8-gnu-toolchain/bin/../lib/gcc/avr/5.4.0/avr5\libgcc.a(_clear_bss.o)
 .text.libgcc.div
                0x00000000        0x0 c:/program files (x86)/atmel/studio/7.0/toolchain/avr8/avr8-gnu-toolchain/bin/../lib/gcc/avr/5.4.0/avr5\libgcc.a(_clear_bss.o)
 .text.libgcc   0x00000000        0x0 c:/program files (x86)/atmel/studio/7.0/toolchain/avr8/avr8-gnu-toolchain/bin/../lib/gcc/avr/5.4.0/avr5\libgcc.a(_clear_bss.o)
 .text.libgcc.prologue
                0x00000000        0x0 c:/program files (x86)/atmel/studio/7.0/toolchain/avr8/avr8-gnu-toolchain/bin/../lib/gcc/avr/5.4.0/avr5\libgcc.a(_clear_bss.o)
 .text.libgcc.builtins
                0x00000000        0x0 c:/program files (x86)/atmel/studio/7.0/toolchain/avr8/avr8-gnu-toolchain/bin/../lib/gcc/avr/5.4.0/avr5\libgcc.a(_clear_bss.o)
 .text.libgcc.fmul
                0x00000000        0x0 c:/program files (x86)/atmel/studio/7.0/toolchain/avr8/avr8-gnu-toolchain/bin/../lib/gcc/avr/5.4.0/avr5\libgcc.a(_clear_bss.o)
 .text.libgcc.fixed
                0x00000000        0x0 c:/program files (x86)/atmel/studio/7.0/toolchain/avr8/avr8-gnu-toolchain/bin/../lib/gcc/avr/5.4.0/avr5\libgcc.a(_clear_bss.o)
 .text          0x00000000        0x0 c:/program files (x86)/atmel/studio/7.0/toolchain/avr8/avr8-gnu-toolchain/bin/../lib/gcc/avr/5.4.0/avr5\libgcc.a(_umulhisi3.o)
 .data          0x00000000        0x0 c:/program files (x86)/atmel/studio/7.0/toolchain/avr8/avr8-gnu-toolchain/bin/../lib/gcc/avr/5.4.0/avr5\libgcc.a(_umulhisi3.o)
 .bss           0x00000000        0x0 c:/program files (x86)/atmel/studio/7.0/toolchain/avr8/avr8-gnu-toolchain/bin/../lib/gcc/avr/5.4.0/avr5\libgcc.a(_umulhisi3.o)
 .text.libgcc.div
                0x00000000        0x0 c:/program files (x86)/atmel/studio/7.0/toolchain/avr8/avr8-gnu-toolchain/bin/../lib/gcc/avr/5.4.0/avr5\libgcc.a(_umulhisi3.o)
 .text.libgcc   0x00000000        0x0 c:/program files (x86)/atmel/studio/7.0/toolchain/avr8/avr8-gnu-toolchain/bin/../lib/gcc/avr/5.4.0/avr5\libgcc.a(_umulhisi3.o)
 .text.libgcc.prologue
                0x00000000        0x0 c:/program files (x86)/atmel/studio/7.0/toolchain/avr8/avr8-gnu-toolchain/bin/../lib/gcc/avr/5.4.0/avr5\libgcc.a(_umulhisi3.o)
 .text.libgcc.builtins
                0x00000000        0x0 c:/program files (x86)/atmel/studio/7.0/toolchain/avr8/avr8-gnu-toolchain/bin/../lib/gcc/avr/5.4.0/avr5\libgcc.a(_umulhisi3.o)
 .text.libgcc.fmul
                0x00000000        0x0 c:/program files (x86)/atmel/studio/7.0/toolchain/avr8/avr8-gnu-toolchain/bin/../lib/gcc/avr/5.4.0/avr5\libgcc.a(_umulhisi3.o)
 .text.libgcc.fixed
                0x00000000        0x0 c:/program files (x86)/atmel/studio/7.0/toolchain/avr8/avr8-gnu-toolchain/bin/../lib/gcc/avr/5.4.0/avr5\libgcc.a(_umulhisi3.o)
 .text          0x00000000        0x0 c:/program files (x86)/atmel/studio/7.0/toolchain/avr8/avr8-gnu-toolchain/bin/../lib/gcc/avr/5.4.0/avr5\libgcc.a(_prologue.o)
 .data          0x00000000        0x0 c:/program files (x86)/atmel/studio/7.0/toolchain/avr8/avr8-gnu-toolchain/bin/../lib/gcc/avr/5.4.0/avr5\libgcc.a(_prologue.o)
 .bss           0x00000000        0x0 c:/program files (x86)/atmel/studio/7.0/toolchain/avr8/avr8-gnu-toolchain/bin/../lib/gcc/avr/5.4.0/avr5\libgcc.a(_prologue.o)
 .text.libgcc.mul
                0x00000000        0x0 c:/program files (x86)/atmel/studio/7.0/toolchain/avr8/avr8-gnu-toolchain/bin/../lib/gcc/avr/5.4.0/avr5\libgcc.a(_prologue.o)
 .text.libgcc.div
                0x00000000        0x0 c:/program files (x86)/atmel/studio/7.0/toolchain/avr8/avr8-gnu-toolchain/bin/../lib/gcc/avr/5.4.0/avr5\libgcc.a(_prologue.o)
 .text.libgcc   0x00000000        0x0 c:/program files (x86)/atmel/studio/7.0/toolchain/avr8/avr8-gnu-toolchain/bin/../lib/gcc/avr/5.4.0/avr5\libgcc.a(_prologue.o)
 .text.libgcc.builtins
                0x00000000        0x0 c:/program files (x86)/atmel/studio/7.0/toolchain/avr8/avr8-gnu-toolchain/bin/../lib/gcc/avr/5.4.0/avr5\libgcc.a(_prologue.o)
 .text.libgcc.fmul
                0x00000000        0x0 c:/program files (x86)/atmel/studio/7.0/toolchain/avr8/avr8-gnu-toolchain/bin/../lib/gcc/avr/5.4.0/avr5\libgcc.a(_prologue.o)
 .text.libgcc.fixed
                0x00000000        0x0 c:/program files (x86)/atmel/studio/7.0/toolchain/avr8/avr8-gnu-toolchain/bin/../lib/gcc/avr/5.4.0/avr5\libgcc.a(_prologue.o)
 .text          0x00000000        0x0 c:/program files (x86)/atmel/studio/7.0/toolchain/avr8/avr8-gnu-toolchain/bin/../lib/gcc/avr/5.4.0/avr5\libgcc.a(_epilogue.o)
 .data          0x00000000        0x0 c:/program files (x86)/atmel/studio/7.0/toolchain/avr8/avr8-gnu-toolchain/bin/../lib/gcc/avr/5.4.0/avr5\libgcc.a(_epilogue.o)
 .bss           0x00000000        0x0 c:/program files (x86)/atmel/studio/7.0/toolchain/avr8/avr8-gnu-toolchain/bin/../lib/gcc/avr/5.4.0/avr5\libgcc.a(_epilogue.o)
 .text.libgcc.mul
                0x00000000        0x0 c:/program files (x86)/atmel/studio/7.0/toolchain/avr8/avr8-gnu-toolchain/bin/../lib/gcc/avr/5.4.0/avr5\libgcc.a(_epilogue.o)
 .text.libgcc.div
                0x00000000        0x0 c:/program files (x86)/atmel/studio/7.0/toolchain/avr8/avr8-gnu-toolchain/bin/../lib/gcc/avr/5.4.0/avr5\libgcc.a(_epilogue.o)
 .text.libgcc   0x00000000        0x0 c:/program files (x86)/atmel/studio/7.0/toolchain/avr8/avr8-gnu-toolchain/bin/../lib/gcc/avr/5.4.0/avr5\libgcc.a(_epilogue.o)
 .text.libgcc.builtins
                0x00000000        0x0 c:/program files (x86)/atmel/studio/7.0/toolchain/avr8/avr8-gnu-toolchain/bin/../lib/gcc/avr/5.4.0/avr5\libgcc.a(_epilogue.o)
 .text.libgcc.fmul
                0x00000000        0x0 c:/program files (x86)/atmel/studio/7.0/toolchain/avr8/avr8-gnu-toolchain/bin/../lib/gcc/avr/5.4.0/avr5\libgcc.a(_epilogue.o)
 .text.libgcc.fixed
                0x00000000        0x0 c:/program files (x86)/atmel/studio/7.0/toolchain/avr8/avr8-gnu-toolchain/bin/../lib/gcc/avr/5.4.0/avr5\libgcc.a(_epilogue.o)
 .text          0x00000000        0x0 c:/program files (x86)/atmel/studio/7.0/toolchain/avr8/avr8-gnu-toolchain/bin/../lib/gcc/avr/5.4.0/avr5\libgcc.a(_udivmodhi4.o)
 .data          0x00000000        0x0 c:/program files (x86)/atmel/studio/7.0/toolchain/avr8/avr8-gnu-toolchain/bin/../lib/gcc/avr/5.4.0/avr5\libgcc.a(_udivmodhi4.o)
 .bss           0x00000000        0x0 c:/program files (x86)/atmel/studio/7.0/toolchain/avr8/avr8-gnu-toolchain/bin/../lib/gcc/avr/5.4.0/avr5\libgcc.a(_udivmodhi4.o)
 .text.libgcc.mul
                0x00000000        0x0 c:/program files (x86)/atmel/studio/7.0/toolchain/avr8/avr8-gnu-toolchain/bin/../lib/gcc/avr/5.4.0/avr5\libgcc.a(_udivmodhi4.o)
 .text.libgcc   0x00000000        0x0 c:/program files (x86)/atmel/studio/7.0/toolchain/avr8/avr8-gnu-toolchain/bin/../lib/gcc/avr/5.4.0/avr5\libgcc.a(_udivmodhi4.o)
 .text.libgcc.prologue
                0x00000000        0x0 c:/program files (x86)/atmel/studio/7.0/toolchain/avr8/avr8-gnu-toolchain/bin/../lib/gcc/avr/5.4.0/avr5\libgcc.a(_udivmodhi4.o)
 .text.libgcc.builtins
                0x00000000        0x0 c:/program files (x86)/atmel/studio/7.0/toolchain/avr8/avr8-gnu-toolchain/bin/../lib/gcc/avr/5.4.0/avr5\libgcc.a(_udivmodhi4.o)
 .text.libgcc.fmul
                0x00000000        0x0 c:/program files (x86)/atmel/studio/7.0/toolchain/avr8/avr8-gnu-toolchain/bin/../lib/gcc/avr/5.4.0/avr5\libgcc.a(_udivmodhi4.o)
 .text.libgcc.fixed
                0x00000000        0x0 c:/program files (x86)/atmel/studio/7.0/toolchain/avr8/avr8-gnu-toolchain/bin/../lib/gcc/avr/5.4.0/avr5\libgcc.a(_udivmodhi4.o)
 .text          0x00000000        0x0 c:/program files (x86)/atmel/studio/7.0/toolchain/avr8/avr8-gnu-toolchain/bin/../lib/gcc/avr/5.4.0/../../../../avr/lib/avr5\libm.a(addsf3.o)
 .data          0x00000000        0x0 c:/program files (x86)/atmel/studio/7.0/toolchain/avr8/avr8-gnu-toolchain/bin/../lib/gcc/avr/5.4.0/../../../../avr/lib/avr5\libm.a(addsf3.o)
 .bss           0x00000000        0x0 c:/program files (x86)/atmel/studio/7.0/toolchain/avr8/avr8-gnu-toolchain/bin/../lib/gcc/avr/5.4.0/../../../../avr/lib/avr5\libm.a(addsf3.o)
 .text          0x00000000        0x0 c:/program files (x86)/atmel/studio/7.0/toolchain/avr8/avr8-gnu-toolchain/bin/../lib/gcc/avr/5.4.0/../../../../avr/lib/avr5\libm.a(addsf3x.o)
 .data          0x00000000        0x0 c:/program files (x86)/atmel/studio/7.0/toolchain/avr8/avr8-gnu-toolchain/bin/../lib/gcc/avr/5.4.0/../../../../avr/lib/avr5\libm.a(addsf3x.o)
 .bss           0x00000000        0x0 c:/program files (x86)/atmel/studio/7.0/toolchain/avr8/avr8-gnu-toolchain/bin/../lib/gcc/avr/5.4.0/../../../../avr/lib/avr5\libm.a(addsf3x.o)
 .text          0x00000000        0x0 c:/program files (x86)/atmel/studio/7.0/toolchain/avr8/avr8-gnu-toolchain/bin/../lib/gcc/avr/5.4.0/../../../../avr/lib/avr5\libm.a(cmpsf2.o)
 .data          0x00000000        0x0 c:/program files (x86)/atmel/studio/7.0/toolchain/avr8/avr8-gnu-toolchain/bin/../lib/gcc/avr/5.4.0/../../../../avr/lib/avr5\libm.a(cmpsf2.o)
 .bss           0x00000000        0x0 c:/program files (x86)/atmel/studio/7.0/toolchain/avr8/avr8-gnu-toolchain/bin/../lib/gcc/avr/5.4.0/../../../../avr/lib/avr5\libm.a(cmpsf2.o)
 .text          0x00000000        0x0 c:/program files (x86)/atmel/studio/7.0/toolchain/avr8/avr8-gnu-toolchain/bin/../lib/gcc/avr/5.4.0/../../../../avr/lib/avr5\libm.a(divsf3.o)
 .data          0x00000000        0x0 c:/program files (x86)/atmel/studio/7.0/toolchain/avr8/avr8-gnu-toolchain/bin/../lib/gcc/avr/5.4.0/../../../../avr/lib/avr5\libm.a(divsf3.o)
 .bss           0x00000000        0x0 c:/program files (x86)/atmel/studio/7.0/toolchain/avr8/avr8-gnu-toolchain/bin/../lib/gcc/avr/5.4.0/../../../../avr/lib/avr5\libm.a(divsf3.o)
 .text          0x00000000        0x0 c:/program files (x86)/atmel/studio/7.0/toolchain/avr8/avr8-gnu-toolchain/bin/../lib/gcc/avr/5.4.0/../../../../avr/lib/avr5\libm.a(divsf3x.o)
 .data          0x00000000        0x0 c:/program files (x86)/atmel/studio/7.0/toolchain/avr8/avr8-gnu-toolchain/bin/../lib/gcc/avr/5.4.0/../../../../avr/lib/avr5\libm.a(divsf3x.o)
 .bss           0x00000000        0x0 c:/program files (x86)/atmel/studio/7.0/toolchain/avr8/avr8-gnu-toolchain/bin/../lib/gcc/avr/5.4.0/../../../../avr/lib/avr5\libm.a(divsf3x.o)
 .text          0x00000000        0x0 c:/program files (x86)/atmel/studio/7.0/toolchain/avr8/avr8-gnu-toolchain/bin/../lib/gcc/avr/5.4.0/../../../../avr/lib/avr5\libm.a(fixsfsi.o)
 .data          0x00000000        0x0 c:/program files (x86)/atmel/studio/7.0/toolchain/avr8/avr8-gnu-toolchain/bin/../lib/gcc/avr/5.4.0/../../../../avr/lib/avr5\libm.a(fixsfsi.o)
 .bss           0x00000000        0x0 c:/program files (x86)/atmel/studio/7.0/toolchain/avr8/avr8-gnu-toolchain/bin/../lib/gcc/avr/5.4.0/../../../../avr/lib/avr5\libm.a(fixsfsi.o)
 .text          0x00000000        0x0 c:/program files (x86)/atmel/studio/7.0/toolchain/avr8/avr8-gnu-toolchain/bin/../lib/gcc/avr/5.4.0/../../../../avr/lib/avr5\libm.a(fixunssfsi.o)
 .data          0x00000000        0x0 c:/program files (x86)/atmel/studio/7.0/toolchain/avr8/avr8-gnu-toolchain/bin/../lib/gcc/avr/5.4.0/../../../../avr/lib/avr5\libm.a(fixunssfsi.o)
 .bss           0x00000000        0x0 c:/program files (x86)/atmel/studio/7.0/toolchain/avr8/avr8-gnu-toolchain/bin/../lib/gcc/avr/5.4.0/../../../../avr/lib/avr5\libm.a(fixunssfsi.o)
 .text          0x00000000        0x0 c:/program files (x86)/atmel/studio/7.0/toolchain/avr8/avr8-gnu-toolchain/bin/../lib/gcc/avr/5.4.0/../../../../avr/lib/avr5\libm.a(floatsisf.o)
 .data          0x00000000        0x0 c:/program files (x86)/atmel/studio/7.0/toolchain/avr8/avr8-gnu-toolchain/bin/../lib/gcc/avr/5.4.0/../../../../avr/lib/avr5\libm.a(floatsisf.o)
 .bss           0x00000000        0x0 c:/program files (x86)/atmel/studio/7.0/toolchain/avr8/avr8-gnu-toolchain/bin/../lib/gcc/avr/5.4.0/../../../../avr/lib/avr5\libm.a(floatsisf.o)
 .text          0x00000000        0x0 c:/program files (x86)/atmel/studio/7.0/toolchain/avr8/avr8-gnu-toolchain/bin/../lib/gcc/avr/5.4.0/../../../../avr/lib/avr5\libm.a(fp_cmp.o)
 .data          0x00000000        0x0 c:/program files (x86)/atmel/studio/7.0/toolchain/avr8/avr8-gnu-toolchain/bin/../lib/gcc/avr/5.4.0/../../../../avr/lib/avr5\libm.a(fp_cmp.o)
 .bss           0x00000000        0x0 c:/program files (x86)/atmel/studio/7.0/toolchain/avr8/avr8-gnu-toolchain/bin/../lib/gcc/avr/5.4.0/../../../../avr/lib/avr5\libm.a(fp_cmp.o)
 .text          0x00000000        0x0 c:/program files (x86)/atmel/studio/7.0/toolchain/avr8/avr8-gnu-toolchain/bin/../lib/gcc/avr/5.4.0/../../../../avr/lib/avr5\libm.a(fp_inf.o)
 .data          0x00000000        0x0 c:/program files (x86)/atmel/studio/7.0/toolchain/avr8/avr8-gnu-toolchain/bin/../lib/gcc/avr/5.4.0/../../../../avr/lib/avr5\libm.a(fp_inf.o)
 .bss           0x00000000        0x0 c:/program files (x86)/atmel/studio/7.0/toolchain/avr8/avr8-gnu-toolchain/bin/../lib/gcc/avr/5.4.0/../../../../avr/lib/avr5\libm.a(fp_inf.o)
 .text          0x00000000        0x0 c:/program files (x86)/atmel/studio/7.0/toolchain/avr8/avr8-gnu-toolchain/bin/../lib/gcc/avr/5.4.0/../../../../avr/lib/avr5\libm.a(fp_nan.o)
 .data          0x00000000        0x0 c:/program files (x86)/atmel/studio/7.0/toolchain/avr8/avr8-gnu-toolchain/bin/../lib/gcc/avr/5.4.0/../../../../avr/lib/avr5\libm.a(fp_nan.o)
 .bss           0x00000000        0x0 c:/program files (x86)/atmel/studio/7.0/toolchain/avr8/avr8-gnu-toolchain/bin/../lib/gcc/avr/5.4.0/../../../../avr/lib/avr5\libm.a(fp_nan.o)
 .text          0x00000000        0x0 c:/program files (x86)/atmel/studio/7.0/toolchain/avr8/avr8-gnu-toolchain/bin/../lib/gcc/avr/5.4.0/../../../../avr/lib/avr5\libm.a(fp_pscA.o)
 .data          0x00000000        0x0 c:/program files (x86)/atmel/studio/7.0/toolchain/avr8/avr8-gnu-toolchain/bin/../lib/gcc/avr/5.4.0/../../../../avr/lib/avr5\libm.a(fp_pscA.o)
 .bss           0x00000000        0x0 c:/program files (x86)/atmel/studio/7.0/toolchain/avr8/avr8-gnu-toolchain/bin/../lib/gcc/avr/5.4.0/../../../../avr/lib/avr5\libm.a(fp_pscA.o)
 .text          0x00000000        0x0 c:/program files (x86)/atmel/studio/7.0/toolchain/avr8/avr8-gnu-toolchain/bin/../lib/gcc/avr/5.4.0/../../../../avr/lib/avr5\libm.a(fp_pscB.o)
 .data          0x00000000        0x0 c:/program files (x86)/atmel/studio/7.0/toolchain/avr8/avr8-gnu-toolchain/bin/../lib/gcc/avr/5.4.0/../../../../avr/lib/avr5\libm.a(fp_pscB.o)
 .bss           0x00000000        0x0 c:/program files (x86)/atmel/studio/7.0/toolchain/avr8/avr8-gnu-toolchain/bin/../lib/gcc/avr/5.4.0/../../../../avr/lib/avr5\libm.a(fp_pscB.o)
 .text          0x00000000        0x0 c:/program files (x86)/atmel/studio/7.0/toolchain/avr8/avr8-gnu-toolchain/bin/../lib/gcc/avr/5.4.0/../../../../avr/lib/avr5\libm.a(fp_round.o)
 .data          0x00000000        0x0 c:/program files (x86)/atmel/studio/7.0/toolchain/avr8/avr8-gnu-toolchain/bin/../lib/gcc/avr/5.4.0/../../../../avr/lib/avr5\libm.a(fp_round.o)
 .bss           0x00000000        0x0 c:/program files (x86)/atmel/studio/7.0/toolchain/avr8/avr8-gnu-toolchain/bin/../lib/gcc/avr/5.4.0/../../../../avr/lib/avr5\libm.a(fp_round.o)
 .text          0x00000000        0x0 c:/program files (x86)/atmel/studio/7.0/toolchain/avr8/avr8-gnu-toolchain/bin/../lib/gcc/avr/5.4.0/../../../../avr/lib/avr5\libm.a(fp_split3.o)
 .data          0x00000000        0x0 c:/program files (x86)/atmel/studio/7.0/toolchain/avr8/avr8-gnu-toolchain/bin/../lib/gcc/avr/5.4.0/../../../../avr/lib/avr5\libm.a(fp_split3.o)
 .bss           0x00000000        0x0 c:/program files (x86)/atmel/studio/7.0/toolchain/avr8/avr8-gnu-toolchain/bin/../lib/gcc/avr/5.4.0/../../../../avr/lib/avr5\libm.a(fp_split3.o)
 .text          0x00000000        0x0 c:/program files (x86)/atmel/studio/7.0/toolchain/avr8/avr8-gnu-toolchain/bin/../lib/gcc/avr/5.4.0/../../../../avr/lib/avr5\libm.a(fp_zero.o)
 .data          0x00000000        0x0 c:/program files (x86)/atmel/studio/7.0/toolchain/avr8/avr8-gnu-toolchain/bin/../lib/gcc/avr/5.4.0/../../../../avr/lib/avr5\libm.a(fp_zero.o)
 .bss           0x00000000        0x0 c:/program files (x86)/atmel/studio/7.0/toolchain/avr8/avr8-gnu-toolchain/bin/../lib/gcc/avr/5.4.0/../../../../avr/lib/avr5\libm.a(fp_zero.o)
 .text          0x00000000        0x0 c:/program files (x86)/atmel/studio/7.0/toolchain/avr8/avr8-gnu-toolchain/bin/../lib/gcc/avr/5.4.0/../../../../avr/lib/avr5\libm.a(gesf2.o)
 .data          0x00000000        0x0 c:/program files (x86)/atmel/studio/7.0/toolchain/avr8/avr8-gnu-toolchain/bin/../lib/gcc/avr/5.4.0/../../../../avr/lib/avr5\libm.a(gesf2.o)
 .bss           0x00000000        0x0 c:/program files (x86)/atmel/studio/7.0/toolchain/avr8/avr8-gnu-toolchain/bin/../lib/gcc/avr/5.4.0/../../../../avr/lib/avr5\libm.a(gesf2.o)
 .text          0x00000000        0x0 c:/program files (x86)/atmel/studio/7.0/toolchain/avr8/avr8-gnu-toolchain/bin/../lib/gcc/avr/5.4.0/../../../../avr/lib/avr5\libm.a(mulsf3.o)
 .data          0x00000000        0x0 c:/program files (x86)/atmel/studio/7.0/toolchain/avr8/avr8-gnu-toolchain/bin/../lib/gcc/avr/5.4.0/../../../../avr/lib/avr5\libm.a(mulsf3.o)
 .bss           0x00000000        0x0 c:/program files (x86)/atmel/studio/7.0/toolchain/avr8/avr8-gnu-toolchain/bin/../lib/gcc/avr/5.4.0/../../../../avr/lib/avr5\libm.a(mulsf3.o)
 .text          0x00000000        0x0 c:/program files (x86)/atmel/studio/7.0/toolchain/avr8/avr8-gnu-toolchain/bin/../lib/gcc/avr/5.4.0/../../../../avr/lib/avr5\libm.a(mulsf3x.o)
 .data          0x00000000        0x0 c:/program files (x86)/atmel/studio/7.0/toolchain/avr8/avr8-gnu-toolchain/bin/../lib/gcc/avr/5.4.0/../../../../avr/lib/avr5\libm.a(mulsf3x.o)
 .bss           0x00000000        0x0 c:/program files (x86)/atmel/studio/7.0/toolchain/avr8/avr8-gnu-toolchain/bin/../lib/gcc/avr/5.4.0/../../../../avr/lib/avr5\libm.a(mulsf3x.o)
 .text          0x00000000        0x0 c:/program files (x86)/atmel/studio/7.0/toolchain/avr8/avr8-gnu-toolchain/bin/../lib/gcc/avr/5.4.0/../../../../avr/lib/avr5\libc.a(ftoa_engine.o)
 .data          0x00000000        0x0 c:/program files (x86)/atmel/studio/7.0/toolchain/avr8/avr8-gnu-toolchain/bin/../lib/gcc/avr/5.4.0/../../../../avr/lib/avr5\libc.a(ftoa_engine.o)
 .bss           0x00000000        0x0 c:/program files (x86)/atmel/studio/7.0/toolchain/avr8/avr8-gnu-toolchain/bin/../lib/gcc/avr/5.4.0/../../../../avr/lib/avr5\libc.a(ftoa_engine.o)
 .text          0x00000000        0x0 c:/program files (x86)/atmel/studio/7.0/toolchain/avr8/avr8-gnu-toolchain/bin/../lib/gcc/avr/5.4.0/../../../../avr/lib/avr5\libc.a(strnlen_P.o)
 .data          0x00000000        0x0 c:/program files (x86)/atmel/studio/7.0/toolchain/avr8/avr8-gnu-toolchain/bin/../lib/gcc/avr/5.4.0/../../../../avr/lib/avr5\libc.a(strnlen_P.o)
 .bss           0x00000000        0x0 c:/program files (x86)/atmel/studio/7.0/toolchain/avr8/avr8-gnu-toolchain/bin/../lib/gcc/avr/5.4.0/../../../../avr/lib/avr5\libc.a(strnlen_P.o)
 .text          0x00000000        0x0 c:/program files (x86)/atmel/studio/7.0/toolchain/avr8/avr8-gnu-toolchain/bin/../lib/gcc/avr/5.4.0/../../../../avr/lib/avr5\libc.a(strnlen.o)
 .data          0x00000000        0x0 c:/program files (x86)/atmel/studio/7.0/toolchain/avr8/avr8-gnu-toolchain/bin/../lib/gcc/avr/5.4.0/../../../../avr/lib/avr5\libc.a(strnlen.o)
 .bss           0x00000000        0x0 c:/program files (x86)/atmel/studio/7.0/toolchain/avr8/avr8-gnu-toolchain/bin/../lib/gcc/avr/5.4.0/../../../../avr/lib/avr5\libc.a(strnlen.o)
 .text          0x00000000        0x0 c:/program files (x86)/atmel/studio/7.0/toolchain/avr8/avr8-gnu-toolchain/bin/../lib/gcc/avr/5.4.0/../../../../avr/lib/avr5\libc.a(fputc.o)
 .data          0x00000000        0x0 c:/program files (x86)/atmel/studio/7.0/toolchain/avr8/avr8-gnu-toolchain/bin/../lib/gcc/avr/5.4.0/../../../../avr/lib/avr5\libc.a(fputc.o)
 .bss           0x00000000        0x0 c:/program files (x86)/atmel/studio/7.0/toolchain/avr8/avr8-gnu-toolchain/bin/../lib/gcc/avr/5.4.0/../../../../avr/lib/avr5\libc.a(fputc.o)
 .text          0x00000000        0x0 c:/program files (x86)/atmel/studio/7.0/toolchain/avr8/avr8-gnu-toolchain/bin/../lib/gcc/avr/5.4.0/../../../../avr/lib/avr5\libc.a(sprintf.o)
 .data          0x00000000        0x0 c:/program files (x86)/atmel/studio/7.0/toolchain/avr8/avr8-gnu-toolchain/bin/../lib/gcc/avr/5.4.0/../../../../avr/lib/avr5\libc.a(sprintf.o)
 .bss           0x00000000        0x0 c:/program files (x86)/atmel/studio/7.0/toolchain/avr8/avr8-gnu-toolchain/bin/../lib/gcc/avr/5.4.0/../../../../avr/lib/avr5\libc.a(sprintf.o)
 .text          0x00000000        0x0 c:/program files (x86)/atmel/studio/7.0/toolchain/avr8/avr8-gnu-toolchain/bin/../lib/gcc/avr/5.4.0/../../../../avr/lib/avr5\libc.a(ultoa_invert.o)
 .data          0x00000000        0x0 c:/program files (x86)/atmel/studio/7.0/toolchain/avr8/avr8-gnu-toolchain/bin/../lib/gcc/avr/5.4.0/../../../../avr/lib/avr5\libc.a(ultoa_invert.o)
 .bss           0x00000000        0x0 c:/program files (x86)/atmel/studio/7.0/toolchain/avr8/avr8-gnu-toolchain/bin/../lib/gcc/avr/5.4.0/../../../../avr/lib/avr5\libc.a(ultoa_invert.o)

Memory Configuration

Name             Origin             Length             Attributes
text             0x00000000         0x00020000         xr
data             0x00800060         0x0000ffa0         rw !x
eeprom           0x00810000         0x00010000         rw !x
fuse             0x00820000         0x00000003         rw !x
lock             0x00830000         0x00000400         rw !x
signature        0x00840000         0x00000400         rw !x
user_signatures  0x00850000         0x00000400         rw !x
*default*        0x00000000         0xffffffff

Linker script and memory map

Address of section .data set to 0x800100
LOAD C:/Program Files (x86)/Atmel/Studio/7.0/Packs/atmel/ATmega_DFP/1.3.300/gcc/dev/atmega328p/avr5/crtatmega328p.o
LOAD ADConverter.o
LOAD AirCond.o
LOAD AutoSet.o
LOAD AutoTemp.o
LOAD DHT.o
LOAD EepromDATA.o
LOAD Inputs.o
LOAD LCD.o
LOAD Led_driver.o
LOAD main.o
LOAD Manual.o
LOAD ManualSet.o
LOAD MenuStatus.o
LOAD Omega.o
LOAD Registr.o
LOAD Service.o
LOAD ServiceMenu.o
LOAD Voltmeter.o
START GROUP
END GROUP
LOAD c:/program files (x86)/atmel/studio/7.0/toolchain/avr8/avr8-gnu-toolchain/bin/../lib/gcc/avr/5.4.0/../../../../avr/lib/avr5\libprintf_flt.a
LOAD c:/program files (x86)/atmel/studio/7.0/toolchain/avr8/avr8-gnu-toolchain/bin/../lib/gcc/avr/5.4.0/avr5\libgcc.a
LOAD c:/program files (x86)/atmel/studio/7.0/toolchain/avr8/avr8-gnu-toolchain/bin/../lib/gcc/avr/5.4.0/../../../../avr/lib/avr5\libm.a
START GROUP
LOAD c:/program files (x86)/atmel/studio/7.0/toolchain/avr8/avr8-gnu-toolchain/bin/../lib/gcc/avr/5.4.0/avr5\libgcc.a
LOAD c:/program files (x86)/atmel/studio/7.0/toolchain/avr8/avr8-gnu-toolchain/bin/../lib/gcc/avr/5.4.0/../../../../avr/lib/avr5\libm.a
LOAD c:/program files (x86)/atmel/studio/7.0/toolchain/avr8/avr8-gnu-toolchain/bin/../lib/gcc/avr/5.4.0/../../../../avr/lib/avr5\libc.a
LOAD C:/Program Files (x86)/Atmel/Studio/7.0/Packs/atmel/ATmega_DFP/1.3.300/gcc/dev/atmega328p/avr5\libatmega328p.a
END GROUP
                0x00000000                __TEXT_REGION_ORIGIN__ = DEFINED (__TEXT_REGION_ORIGIN__)?__TEXT_REGION_ORIGIN__:0x0
                0x00800060                __DATA_REGION_ORIGIN__ = DEFINED (__DATA_REGION_ORIGIN__)?__DATA_REGION_ORIGIN__:0x800060
                0x00020000                __TEXT_REGION_LENGTH__ = DEFINED (__TEXT_REGION_LENGTH__)?__TEXT_REGION_LENGTH__:0x20000
                0x0000ffa0                __DATA_REGION_LENGTH__ = DEFINED (__DATA_REGION_LENGTH__)?__DATA_REGION_LENGTH__:0xffa0
                0x00010000                __EEPROM_REGION_LENGTH__ = DEFINED (__EEPROM_REGION_LENGTH__)?__EEPROM_REGION_LENGTH__:0x10000
                [0x00000003]                __FUSE_REGION_LENGTH__ = DEFINED (__FUSE_REGION_LENGTH__)?__FUSE_REGION_LENGTH__:0x400
                0x00000400                __LOCK_REGION_LENGTH__ = DEFINED (__LOCK_REGION_LENGTH__)?__LOCK_REGION_LENGTH__:0x400
                0x00000400                __SIGNATURE_REGION_LENGTH__ = DEFINED (__SIGNATURE_REGION_LENGTH__)?__SIGNATURE_REGION_LENGTH__:0x400
                0x00000400                __USER_SIGNATURE_REGION_LENGTH__ = DEFINED (__USER_SIGNATURE_REGION_LENGTH__)?__USER_SIGNATURE_REGION_LENGTH__:0x400

.hash
 *(.hash)

.dynsym
 *(.dynsym)

.dynstr
 *(.dynstr)

.gnu.version
 *(.gnu.version)

.gnu.version_d
 *(.gnu.version_d)

.gnu.version_r
 *(.gnu.version_r)

.rel.init
 *(.rel.init)

.rela.init
 *(.rela.init)

.rel.text
 *(.rel.text)
 *(.rel.text.*)
 *(.rel.gnu.linkonce.t*)

.rela.text
 *(.rela.text)
 *(.rela.text.*)
 *(.rela.gnu.linkonce.t*)

.rel.fini
 *(.rel.fini)

.rela.fini
 *(.rela.fini)

.rel.rodata
 *(.rel.rodata)
 *(.rel.rodata.*)
 *(.rel.gnu.linkonce.r*)

.rela.rodata
 *(.rela.rodata)
 *(.rela.rodata.*)
 *(.rela.gnu.linkonce.r*)

.rel.data
 *(.rel.data)
 *(.rel.data.*)
 *(.rel.gnu.linkonce.d*)

.rela.data
 *(.rela.data)
 *(.rela.data.*)
 *(.rela.gnu.linkonce.d*)

.rel.ctors
 *(.rel.ctors)

.rela.ctors
 *(.rela.ctors)

.rel.dtors
 *(.rel.dtors)

.rela.dtors
 *(.rela.dtors)

.rel.got
 *(.rel.got)

.rela.got
 *(.rela.got)

.rel.bss
 *(.rel.bss)

.rela.bss
 *(.rela.bss)

.rel.plt
 *(.rel.plt)

.rela.plt
 *(.rela.plt)

.text           0x00000000     0x567a
 *(.vectors)
 .vectors       0x00000000       0x68 C:/Program Files (x86)/Atmel/Studio/7.0/Packs/atmel/ATmega_DFP/1.3.300/gcc/dev/atmega328p/avr5/crtatmega328p.o
                0x00000000                __vector_default
                0x00000000                __vectors
 *(.vectors)
 *(.progmem.gcc*)
 .progmem.gcc_sw_table.StatusBarTemp
                0x00000068       0x1c MenuStatus.o
                0x00000084                . = ALIGN (0x2)
                0x00000084                __trampolines_start = .
 *(.trampolines)
 .trampolines   0x00000084        0x0 linker stubs
 *(.trampolines*)
                0x00000084                __trampolines_end = .
 *libprintf_flt.a:*(.progmem.data)
 .progmem.data  0x00000084        0x8 c:/program files (x86)/atmel/studio/7.0/toolchain/avr8/avr8-gnu-toolchain/bin/../lib/gcc/avr/5.4.0/../../../../avr/lib/avr5\libprintf_flt.a(vfprintf_flt.o)
 *libc.a:*(.progmem.data)
 .progmem.data  0x0000008c       0xfa c:/program files (x86)/atmel/studio/7.0/toolchain/avr8/avr8-gnu-toolchain/bin/../lib/gcc/avr/5.4.0/../../../../avr/lib/avr5\libc.a(ftoa_engine.o)
 *(.progmem*)
                0x00000186                . = ALIGN (0x2)
 *(.jumptables)
 *(.jumptables*)
 *(.lowtext)
 *(.lowtext*)
                0x00000186                __ctors_start = .
 *(.ctors)
                0x00000186                __ctors_end = .
                0x00000186                __dtors_start = .
 *(.dtors)
                0x00000186                __dtors_end = .
 SORT(*)(.ctors)
 SORT(*)(.dtors)
 *(.init0)
 .init0         0x00000186        0x0 C:/Program Files (x86)/Atmel/Studio/7.0/Packs/atmel/ATmega_DFP/1.3.300/gcc/dev/atmega328p/avr5/crtatmega328p.o
                0x00000186                __init
 *(.init0)
 *(.init1)
 *(.init1)
 *(.init2)
 .init2         0x00000186        0xc C:/Program Files (x86)/Atmel/Studio/7.0/Packs/atmel/ATmega_DFP/1.3.300/gcc/dev/atmega328p/avr5/crtatmega328p.o
 *(.init2)
 *(.init3)
 *(.init3)
 *(.init4)
 .init4         0x00000192       0x16 c:/program files (x86)/atmel/studio/7.0/toolchain/avr8/avr8-gnu-toolchain/bin/../lib/gcc/avr/5.4.0/avr5\libgcc.a(_copy_data.o)
                0x00000192                __do_copy_data
 .init4         0x000001a8       0x10 c:/program files (x86)/atmel/studio/7.0/toolchain/avr8/avr8-gnu-toolchain/bin/../lib/gcc/avr/5.4.0/avr5\libgcc.a(_clear_bss.o)
                0x000001a8                __do_clear_bss
 *(.init4)
 *(.init5)
 *(.init5)
 *(.init6)
 *(.init6)
 *(.init7)
 *(.init7)
 *(.init8)
 *(.init8)
 *(.init9)
 .init9         0x000001b8        0x8 C:/Program Files (x86)/Atmel/Studio/7.0/Packs/atmel/ATmega_DFP/1.3.300/gcc/dev/atmega328p/avr5/crtatmega328p.o
 *(.init9)
 *(.text)
 .text          0x000001c0        0x4 C:/Program Files (x86)/Atmel/Studio/7.0/Packs/atmel/ATmega_DFP/1.3.300/gcc/dev/atmega328p/avr5/crtatmega328p.o
                0x000001c0                __vector_22
                0x000001c0                __vector_1
                0x000001c0                __vector_24
                0x000001c0                __vector_12
                0x000001c0                __bad_interrupt
                0x000001c0                __vector_6
                0x000001c0                __vector_3
                0x000001c0                __vector_23
                0x000001c0                __vector_25
                0x000001c0                __vector_11
                0x000001c0                __vector_13
                0x000001c0                __vector_17
                0x000001c0                __vector_19
                0x000001c0                __vector_5
                0x000001c0                __vector_4
                0x000001c0                __vector_9
                0x000001c0                __vector_2
                0x000001c0                __vector_21
                0x000001c0                __vector_15
                0x000001c0                __vector_8
                0x000001c0                __vector_14
                0x000001c0                __vector_10
                0x000001c0                __vector_16
                0x000001c0                __vector_18
                0x000001c0                __vector_20
                0x000001c4                . = ALIGN (0x2)
 *(.text.*)
 .text.read_adc
                0x000001c4       0x2c ADConverter.o
                0x000001c4                read_adc
 .text.current_adc
                0x000001f0       0xf0 ADConverter.o
                0x000001f0                current_adc
 .text.vent_status
                0x000002e0      0x1a4 AirCond.o
                0x000002e0                vent_status
 .text.AutoTemp
                0x00000484      0x246 AutoTemp.o
                0x00000484                AutoTemp
 .text.read_dht_hum
                0x000006ca       0xa0 DHT.o
                0x000006ca                read_dht_hum
 .text.dht_read
                0x0000076a      0x1d2 DHT.o
                0x0000076a                dht_read
 .text.pr       0x0000093c       0x6a DHT.o
                0x0000093c                pr
 .text.EEPROM_write
                0x000009a6       0x10 EepromDATA.o
                0x000009a6                EEPROM_write
 .text.EEPROM_read
                0x000009b6        0xe EepromDATA.o
                0x000009b6                EEPROM_read
 .text.Alarm_line
                0x000009c4       0x80 Inputs.o
                0x000009c4                Alarm_line
 .text.PS500_line
                0x00000a44       0xf4 Inputs.o
                0x00000a44                PS500_line
 .text.write_to_lcd
                0x00000b38      0x18a LCD.o
                0x00000b38                write_to_lcd
 .text.lcd_init
                0x00000cc2       0x22 LCD.o
                0x00000cc2                lcd_init
 .text.lcd_puts
                0x00000ce4       0x2e LCD.o
                0x00000ce4                lcd_puts
 .text.lcd_num_to_str
                0x00000d12      0x130 LCD.o
                0x00000d12                lcd_num_to_str
 .text.meter    0x00000e42      0x164 Led_driver.o
                0x00000e42                meter
 .text.status   0x00000fa6      0x19a Led_driver.o
                0x00000fa6                status
 .text.__vector_7
                0x00001140       0x76 main.o
                0x00001140                __vector_7
 .text.main     0x000011b6      0x5ac main.o
                0x000011b6                main
 .text.Manual   0x00001762      0x318 Manual.o
                0x00001762                Manual
 .text.StatusBarTemp
                0x00001a7a      0x438 MenuStatus.o
                0x00001a7a                StatusBarTemp
 .text.protocol
                0x00001eb2      0x666 Omega.o
                0x00001eb2                protocol
 .text.Omega_slave
                0x00002518      0x2e6 Omega.o
                0x00002518                Omega_slave
 .text.start    0x000027fe      0x15e Omega.o
                0x000027fe                start
 .text.registr  0x0000295c      0x254 Registr.o
                0x0000295c                registr
 .text.ServiceMenu
                0x00002bb0     0x1966 ServiceMenu.o
                0x00002bb0                ServiceMenu
 .text.volts    0x00004516      0x1ae Voltmeter.o
                0x00004516                volts
 .text.avr-libc
                0x000046c4      0x6fa c:/program files (x86)/atmel/studio/7.0/toolchain/avr8/avr8-gnu-toolchain/bin/../lib/gcc/avr/5.4.0/../../../../avr/lib/avr5\libprintf_flt.a(vfprintf_flt.o)
                0x000046c4                vfprintf
 .text.libgcc.div
                0x00004dbe       0x28 c:/program files (x86)/atmel/studio/7.0/toolchain/avr8/avr8-gnu-toolchain/bin/../lib/gcc/avr/5.4.0/avr5\libgcc.a(_divmodhi4.o)
                0x00004dbe                _div
                0x00004dbe                __divmodhi4
 .text.libgcc   0x00004de6        0xc c:/program files (x86)/atmel/studio/7.0/toolchain/avr8/avr8-gnu-toolchain/bin/../lib/gcc/avr/5.4.0/avr5\libgcc.a(_tablejump2.o)
                0x00004de6                __tablejump2__
 .text.libgcc.mul
                0x00004df2       0x1e c:/program files (x86)/atmel/studio/7.0/toolchain/avr8/avr8-gnu-toolchain/bin/../lib/gcc/avr/5.4.0/avr5\libgcc.a(_umulhisi3.o)
                0x00004df2                __umulhisi3
 .text.libgcc.prologue
                0x00004e10       0x38 c:/program files (x86)/atmel/studio/7.0/toolchain/avr8/avr8-gnu-toolchain/bin/../lib/gcc/avr/5.4.0/avr5\libgcc.a(_prologue.o)
                0x00004e10                __prologue_saves__
 .text.libgcc.prologue
                0x00004e48       0x36 c:/program files (x86)/atmel/studio/7.0/toolchain/avr8/avr8-gnu-toolchain/bin/../lib/gcc/avr/5.4.0/avr5\libgcc.a(_epilogue.o)
                0x00004e48                __epilogue_restores__
 .text.libgcc.div
                0x00004e7e       0x28 c:/program files (x86)/atmel/studio/7.0/toolchain/avr8/avr8-gnu-toolchain/bin/../lib/gcc/avr/5.4.0/avr5\libgcc.a(_udivmodhi4.o)
                0x00004e7e                __udivmodhi4
 .text.avr-libc.fplib
                0x00004ea6        0xe c:/program files (x86)/atmel/studio/7.0/toolchain/avr8/avr8-gnu-toolchain/bin/../lib/gcc/avr/5.4.0/../../../../avr/lib/avr5\libm.a(addsf3.o)
                0x00004ea6                __subsf3
                0x00004ea8                __addsf3
 .text.avr-libc.fplib
                0x00004eb4       0xcc c:/program files (x86)/atmel/studio/7.0/toolchain/avr8/avr8-gnu-toolchain/bin/../lib/gcc/avr/5.4.0/../../../../avr/lib/avr5\libm.a(addsf3x.o)
                0x00004ed6                __addsf3x
 .text.avr-libc.fplib
                0x00004f80        0xa c:/program files (x86)/atmel/studio/7.0/toolchain/avr8/avr8-gnu-toolchain/bin/../lib/gcc/avr/5.4.0/../../../../avr/lib/avr5\libm.a(cmpsf2.o)
                0x00004f80                __nesf2
                0x00004f80                __eqsf2
                0x00004f80                __cmpsf2
                0x00004f80                __ltsf2
                0x00004f80                __lesf2
 .text.avr-libc.fplib
                0x00004f8a        0x8 c:/program files (x86)/atmel/studio/7.0/toolchain/avr8/avr8-gnu-toolchain/bin/../lib/gcc/avr/5.4.0/../../../../avr/lib/avr5\libm.a(divsf3.o)
                0x00004f8a                __divsf3
 .text.avr-libc.fplib
                0x00004f92       0xdc c:/program files (x86)/atmel/studio/7.0/toolchain/avr8/avr8-gnu-toolchain/bin/../lib/gcc/avr/5.4.0/../../../../avr/lib/avr5\libm.a(divsf3x.o)
                0x00004fb2                __divsf3x
                0x00004fb8                __divsf3_pse
 .text.avr-libc.fplib
                0x0000506e        0xe c:/program files (x86)/atmel/studio/7.0/toolchain/avr8/avr8-gnu-toolchain/bin/../lib/gcc/avr/5.4.0/../../../../avr/lib/avr5\libm.a(fixsfsi.o)
                0x0000506e                __fixsfsi
 .text.avr-libc.fplib
                0x0000507c       0x5e c:/program files (x86)/atmel/studio/7.0/toolchain/avr8/avr8-gnu-toolchain/bin/../lib/gcc/avr/5.4.0/../../../../avr/lib/avr5\libm.a(fixunssfsi.o)
                0x0000507c                __fixunssfsi
 .text.avr-libc.fplib
                0x000050da       0x7a c:/program files (x86)/atmel/studio/7.0/toolchain/avr8/avr8-gnu-toolchain/bin/../lib/gcc/avr/5.4.0/../../../../avr/lib/avr5\libm.a(floatsisf.o)
                0x000050da                __floatunsisf
                0x000050de                __floatsisf
 .text.avr-libc.fplib
                0x00005154       0x48 c:/program files (x86)/atmel/studio/7.0/toolchain/avr8/avr8-gnu-toolchain/bin/../lib/gcc/avr/5.4.0/../../../../avr/lib/avr5\libm.a(fp_cmp.o)
                0x00005154                __fp_cmp
 .text.avr-libc.fplib
                0x0000519c        0xc c:/program files (x86)/atmel/studio/7.0/toolchain/avr8/avr8-gnu-toolchain/bin/../lib/gcc/avr/5.4.0/../../../../avr/lib/avr5\libm.a(fp_inf.o)
                0x0000519c                __fp_inf
 .text.avr-libc.fplib
                0x000051a8        0x6 c:/program files (x86)/atmel/studio/7.0/toolchain/avr8/avr8-gnu-toolchain/bin/../lib/gcc/avr/5.4.0/../../../../avr/lib/avr5\libm.a(fp_nan.o)
                0x000051a8                __fp_nan
 .text.avr-libc.fplib
                0x000051ae        0xe c:/program files (x86)/atmel/studio/7.0/toolchain/avr8/avr8-gnu-toolchain/bin/../lib/gcc/avr/5.4.0/../../../../avr/lib/avr5\libm.a(fp_pscA.o)
                0x000051ae                __fp_pscA
 .text.avr-libc.fplib
                0x000051bc        0xe c:/program files (x86)/atmel/studio/7.0/toolchain/avr8/avr8-gnu-toolchain/bin/../lib/gcc/avr/5.4.0/../../../../avr/lib/avr5\libm.a(fp_pscB.o)
                0x000051bc                __fp_pscB
 .text.avr-libc.fplib
                0x000051ca       0x22 c:/program files (x86)/atmel/studio/7.0/toolchain/avr8/avr8-gnu-toolchain/bin/../lib/gcc/avr/5.4.0/../../../../avr/lib/avr5\libm.a(fp_round.o)
                0x000051ca                __fp_round
 .text.avr-libc.fplib
                0x000051ec       0x44 c:/program files (x86)/atmel/studio/7.0/toolchain/avr8/avr8-gnu-toolchain/bin/../lib/gcc/avr/5.4.0/../../../../avr/lib/avr5\libm.a(fp_split3.o)
                0x000051ec                __fp_split3
                0x000051fc                __fp_splitA
 .text.avr-libc.fplib
                0x00005230        0xe c:/program files (x86)/atmel/studio/7.0/toolchain/avr8/avr8-gnu-toolchain/bin/../lib/gcc/avr/5.4.0/../../../../avr/lib/avr5\libm.a(fp_zero.o)
                0x00005230                __fp_zero
                0x00005232                __fp_szero
 .text.avr-libc.fplib
                0x0000523e        0xa c:/program files (x86)/atmel/studio/7.0/toolchain/avr8/avr8-gnu-toolchain/bin/../lib/gcc/avr/5.4.0/../../../../avr/lib/avr5\libm.a(gesf2.o)
                0x0000523e                __gesf2
                0x0000523e                __gtsf2
 .text.avr-libc.fplib
                0x00005248        0x8 c:/program files (x86)/atmel/studio/7.0/toolchain/avr8/avr8-gnu-toolchain/bin/../lib/gcc/avr/5.4.0/../../../../avr/lib/avr5\libm.a(mulsf3.o)
                0x00005248                __mulsf3
 .text.avr-libc.fplib
                0x00005250       0xd2 c:/program files (x86)/atmel/studio/7.0/toolchain/avr8/avr8-gnu-toolchain/bin/../lib/gcc/avr/5.4.0/../../../../avr/lib/avr5\libm.a(mulsf3x.o)
                0x0000526e                __mulsf3x
                0x00005274                __mulsf3_pse
 .text.avr-libc
                0x00005322      0x1b0 c:/program files (x86)/atmel/studio/7.0/toolchain/avr8/avr8-gnu-toolchain/bin/../lib/gcc/avr/5.4.0/../../../../avr/lib/avr5\libc.a(ftoa_engine.o)
                0x00005322                __ftoa_engine
 .text.avr-libc
                0x000054d2       0x16 c:/program files (x86)/atmel/studio/7.0/toolchain/avr8/avr8-gnu-toolchain/bin/../lib/gcc/avr/5.4.0/../../../../avr/lib/avr5\libc.a(strnlen_P.o)
                0x000054d2                strnlen_P
 .text.avr-libc
                0x000054e8       0x16 c:/program files (x86)/atmel/studio/7.0/toolchain/avr8/avr8-gnu-toolchain/bin/../lib/gcc/avr/5.4.0/../../../../avr/lib/avr5\libc.a(strnlen.o)
                0x000054e8                strnlen
 .text.avr-libc
                0x000054fe       0x78 c:/program files (x86)/atmel/studio/7.0/toolchain/avr8/avr8-gnu-toolchain/bin/../lib/gcc/avr/5.4.0/../../../../avr/lib/avr5\libc.a(fputc.o)
                0x000054fe                fputc
 .text.avr-libc
                0x00005576       0x44 c:/program files (x86)/atmel/studio/7.0/toolchain/avr8/avr8-gnu-toolchain/bin/../lib/gcc/avr/5.4.0/../../../../avr/lib/avr5\libc.a(sprintf.o)
                0x00005576                sprintf
 .text.avr-libc
                0x000055ba       0xbc c:/program files (x86)/atmel/studio/7.0/toolchain/avr8/avr8-gnu-toolchain/bin/../lib/gcc/avr/5.4.0/../../../../avr/lib/avr5\libc.a(ultoa_invert.o)
                0x000055ba                __ultoa_invert
                0x00005676                . = ALIGN (0x2)
 *(.fini9)
 .fini9         0x00005676        0x0 c:/program files (x86)/atmel/studio/7.0/toolchain/avr8/avr8-gnu-toolchain/bin/../lib/gcc/avr/5.4.0/avr5\libgcc.a(_exit.o)
                0x00005676                _exit
                0x00005676                exit
 *(.fini9)
 *(.fini8)
 *(.fini8)
 *(.fini7)
 *(.fini7)
 *(.fini6)
 *(.fini6)
 *(.fini5)
 *(.fini5)
 *(.fini4)
 *(.fini4)
 *(.fini3)
 *(.fini3)
 *(.fini2)
 *(.fini2)
 *(.fini1)
 *(.fini1)
 *(.fini0)
 .fini0         0x00005676        0x4 c:/program files (x86)/atmel/studio/7.0/toolchain/avr8/avr8-gnu-toolchain/bin/../lib/gcc/avr/5.4.0/avr5\libgcc.a(_exit.o)
 *(.fini0)
                0x0000567a                _etext = .

.data           0x00800100      0x27a load address 0x0000567a
                0x00800100                PROVIDE (__data_start, .)
 *(.data)
 *(.data*)
 .data.k        0x00800100        0x2 main.o
                0x00800100                k
 *(.gnu.linkonce.d*)
 *(.rodata)
 *(.rodata*)
 .rodata.str1.1
                0x00800102       0x33 AutoTemp.o
 .rodata.str1.1
                0x00800135       0x14 DHT.o
 .rodata.str1.1
                0x00800149       0x26 main.o
 .rodata.str1.1
                0x0080016f       0x22 Manual.o
                                 0x33 (size before relaxing)
 .rodata.str1.1
                0x00800191       0x77 MenuStatus.o
 .rodata.str1.1
                0x00800208      0x168 ServiceMenu.o
                                0x175 (size before relaxing)
 .rodata.str1.1
                0x00800370        0xa Voltmeter.o
 *(.gnu.linkonce.r*)
                0x0080037a                . = ALIGN (0x2)
                0x0080037a                _edata = .
                0x0080037a                PROVIDE (__data_end, .)

.bss            0x0080037a      0x227
                0x0080037a                PROVIDE (__bss_start, .)
 *(.bss)
 *(.bss*)
 .bss.ind_h     0x0080037a        0x1 AirCond.o
                0x0080037a                ind_h
 .bss.ind_t     0x0080037b        0x1 AirCond.o
                0x0080037b                ind_t
 .bss.flag      0x0080037c        0x1 main.o
                0x0080037c                flag
 .bss.autorun   0x0080037d        0x1 main.o
                0x0080037d                autorun
 .bss.working   0x0080037e        0x1 main.o
                0x0080037e                working
 .bss.technic   0x0080037f        0x1 main.o
                0x0080037f                technic
 .bss.preasure  0x00800380        0x2 main.o
                0x00800380                preasure
 .bss.preority  0x00800382        0x1 main.o
                0x00800382                preority
 .bss.fire      0x00800383        0x2 main.o
                0x00800383                fire
 .bss.TypeAL    0x00800385        0x1 main.o
                0x00800385                TypeAL
 .bss.TypePS    0x00800386        0x1 main.o
                0x00800386                TypePS
 .bss.tempdata  0x00800387        0x4 Registr.o
 .bss.menu_t    0x0080038b        0x2 ServiceMenu.o
                0x0080038b                menu_t
 *(COMMON)
 COMMON         0x0080038d      0x214 ADConverter.o
                0x0080038d                hum
                0x0080038e                tmp
                0x00800390                tct
                0x00800392                latch_1
                0x00800393                pwr_count
                0x00800395                v_1
                0x00800397                temp_alarm
                0x00800398                soft_start
                0x00800399                j
                0x0080039b                search
                0x0080039c                dt2
                0x0080039e                run_status
                0x008003a0                flv_alarm
                0x008003a1                tk
                0x008003a3                dh
                0x008003a7                input_bit
                0x008003a9                delta_U
                0x008003ab                pwr
                0x008003ad                volt_2
                0x008003af                u_1
                0x008003b1                buff
                0x008003c1                w
                0x008003c3                dh2
                0x008003c5                revers
                0x008003c6                measure
                0x008003c8                temp_ID
                0x008003ca                relay
                0x008003cc                v_curr
                0x008003ce                flag2
                0x008003cf                volt_3
                0x008003d1                run_relay
                0x008003d2                active
                0x008003d4                voltage
                0x008003d6                adress_t
                0x008003d8                adres_call
                0x008003da                lvl_1
                0x008003db                pwr_flag
                0x008003dc                blink
                0x008003de                norm
                0x008003f2                mode
                0x008003f3                dh1
                0x008003f5                delta_H
                0x008003f9                test
                0x008003fb                device_ID
                0x008003fd                flag1
                0x008003fe                bit_flag
                0x008003ff                low
                0x00800401                v
                0x00800403                timer_M
                0x00800405                hd
                0x00800409                tm
                0x0080040d                faza
                0x0080040f                volts_level
                0x00800410                faza_fall
                0x00800411                al
                0x00800412                tt
                0x00800414                w_1
                0x00800416                pwm_finish
                0x00800417                peak
                0x00800419                counter
                0x0080041b                regim_fall
                0x0080041c                data
                0x00800421                mn_time
                0x00800423                lvl_2
                0x00800424                interval
                0x00800426                milis
                0x00800428                external
                0x00800429                run_auto_relay
                0x0080042a                d
                0x0080042c                directive
                0x0080042e                answer
                0x00800430                adress
                0x00800432                w_curr
                0x00800434                hi_flag
                0x00800435                blink_detect
                0x00800437                delta_T
                0x0080043b                lvl_3
                0x0080043c                past2
                0x0080043e                frame
                0x00800440                check_sum
                0x00800442                hum_alarm
                0x00800443                rd
                0x00800447                u_curr
                0x00800449                past
                0x0080044b                timer_U
                0x0080044d                faza_fall_1
                0x0080044e                stats
                0x00800450                delta_F
                0x00800452                stat
                0x00800466                timer_FLV
                0x00800468                detect
                0x0080058a                timing
                0x0080058c                dt
                0x00800590                flag3
                0x00800591                volt_1
                0x00800593                arm
                0x00800594                faza_fall_2
                0x00800595                time_loop
                0x00800596                receivemode
                0x00800597                faza_counter
                0x00800599                u
                0x0080059b                dt1
                0x0080059d                millis
                0x0080059f                regim
                0x008005a0                service
                0x008005a1                PROVIDE (__bss_end, .)
                0x0000567a                __data_load_start = LOADADDR (.data)
                0x000058f4                __data_load_end = (__data_load_start + SIZEOF (.data))

.noinit         0x008005a1        0x0
                [!provide]                PROVIDE (__noinit_start, .)
 *(.noinit*)
                [!provide]                PROVIDE (__noinit_end, .)
                0x008005a1                _end = .
                [!provide]                PROVIDE (__heap_start, .)

.eeprom         0x00810000        0x0
 *(.eeprom*)
                0x00810000                __eeprom_end = .

.fuse
 *(.fuse)
 *(.lfuse)
 *(.hfuse)
 *(.efuse)

.lock
 *(.lock*)

.signature
 *(.signature*)

.user_signatures
 *(.user_signatures*)

.stab
 *(.stab)

.stabstr
 *(.stabstr)

.stab.excl
 *(.stab.excl)

.stab.exclstr
 *(.stab.exclstr)

.stab.index
 *(.stab.index)

.stab.indexstr
 *(.stab.indexstr)

.comment        0x00000000       0x5c
 *(.comment)
 .comment       0x00000000       0x30 ADConverter.o
                                 0x31 (size before relaxing)
 .comment       0x00000030       0x31 AirCond.o
 .comment       0x00000030       0x31 AutoTemp.o
 .comment       0x00000030       0x31 DHT.o
 .comment       0x00000030       0x31 EepromDATA.o
 .comment       0x00000030       0x31 Inputs.o
 .comment       0x00000030       0x31 LCD.o
 .comment       0x00000030       0x31 Led_driver.o
 .comment       0x00000030       0x31 main.o
 .comment       0x00000030       0x31 Manual.o
 .comment       0x00000030       0x31 MenuStatus.o
 .comment       0x00000030       0x31 Omega.o
 .comment       0x00000030       0x31 Registr.o
 .comment       0x00000030       0x31 ServiceMenu.o
 .comment       0x00000030       0x31 Voltmeter.o
 .comment       0x00000030       0x2c c:/program files (x86)/atmel/studio/7.0/toolchain/avr8/avr8-gnu-toolchain/bin/../lib/gcc/avr/5.4.0/../../../../avr/lib/avr5\libprintf_flt.a(vfprintf_flt.o)
                                 0x2d (size before relaxing)
 .comment       0x0000005c       0x31 c:/program files (x86)/atmel/studio/7.0/toolchain/avr8/avr8-gnu-toolchain/bin/../lib/gcc/avr/5.4.0/../../../../avr/lib/avr5\libc.a(fputc.o)
 .comment       0x0000005c       0x31 c:/program files (x86)/atmel/studio/7.0/toolchain/avr8/avr8-gnu-toolchain/bin/../lib/gcc/avr/5.4.0/../../../../avr/lib/avr5\libc.a(sprintf.o)

.note.gnu.avr.deviceinfo
                0x00000000       0x40
 .note.gnu.avr.deviceinfo
                0x00000000       0x40 C:/Program Files (x86)/Atmel/Studio/7.0/Packs/atmel/ATmega_DFP/1.3.300/gcc/dev/atmega328p/avr5/crtatmega328p.o

.note.gnu.build-id
 *(.note.gnu.build-id)

.debug
 *(.debug)

.line
 *(.line)

.debug_srcinfo
 *(.debug_srcinfo)

.debug_sfnames
 *(.debug_sfnames)

.debug_aranges  0x00000000      0x250
 *(.debug_aranges)
 .debug_aranges
                0x00000000       0x28 ADConverter.o
 .debug_aranges
                0x00000028       0x28 AirCond.o
 .debug_aranges
                0x00000050       0x20 AutoTemp.o
 .debug_aranges
                0x00000070       0x30 DHT.o
 .debug_aranges
                0x000000a0       0x28 EepromDATA.o
 .debug_aranges
                0x000000c8       0x28 Inputs.o
 .debug_aranges
                0x000000f0       0x38 LCD.o
 .debug_aranges
                0x00000128       0x28 Led_driver.o
 .debug_aranges
                0x00000150       0x28 main.o
 .debug_aranges
                0x00000178       0x20 Manual.o
 .debug_aranges
                0x00000198       0x20 MenuStatus.o
 .debug_aranges
                0x000001b8       0x30 Omega.o
 .debug_aranges
                0x000001e8       0x28 Registr.o
 .debug_aranges
                0x00000210       0x20 ServiceMenu.o
 .debug_aranges
                0x00000230       0x20 Voltmeter.o

.debug_pubnames
 *(.debug_pubnames)

.debug_info     0x00000000     0xb5f6
 *(.debug_info .gnu.linkonce.wi.*)
 .debug_info    0x00000000      0x5f4 C:/Program Files (x86)/Atmel/Studio/7.0/Packs/atmel/ATmega_DFP/1.3.300/gcc/dev/atmega328p/avr5/crtatmega328p.o
 .debug_info    0x000005f4      0x97d ADConverter.o
 .debug_info    0x00000f71      0x9bc AirCond.o
 .debug_info    0x0000192d      0xbdb AutoTemp.o
 .debug_info    0x00002508      0xb11 DHT.o
 .debug_info    0x00003019      0x93b EepromDATA.o
 .debug_info    0x00003954      0x9d9 Inputs.o
 .debug_info    0x0000432d      0xe14 LCD.o
 .debug_info    0x00005141      0xa21 Led_driver.o
 .debug_info    0x00005b62      0xf52 main.o
 .debug_info    0x00006ab4      0xda2 Manual.o
 .debug_info    0x00007856      0xcbd MenuStatus.o
 .debug_info    0x00008513      0x9fc Omega.o
 .debug_info    0x00008f0f      0xc1a Registr.o
 .debug_info    0x00009b29     0x1002 ServiceMenu.o
 .debug_info    0x0000ab2b      0xacb Voltmeter.o

.debug_abbrev   0x00000000     0x171f
 *(.debug_abbrev)
 .debug_abbrev  0x00000000      0x5a2 C:/Program Files (x86)/Atmel/Studio/7.0/Packs/atmel/ATmega_DFP/1.3.300/gcc/dev/atmega328p/avr5/crtatmega328p.o
 .debug_abbrev  0x000005a2      0x106 ADConverter.o
 .debug_abbrev  0x000006a8       0xeb AirCond.o
 .debug_abbrev  0x00000793      0x146 AutoTemp.o
 .debug_abbrev  0x000008d9      0x1ca DHT.o
 .debug_abbrev  0x00000aa3       0xd7 EepromDATA.o
 .debug_abbrev  0x00000b7a       0xe7 Inputs.o
 .debug_abbrev  0x00000c61      0x192 LCD.o
 .debug_abbrev  0x00000df3      0x107 Led_driver.o
 .debug_abbrev  0x00000efa      0x165 main.o
 .debug_abbrev  0x0000105f      0x13b Manual.o
 .debug_abbrev  0x0000119a      0x19b MenuStatus.o
 .debug_abbrev  0x00001335      0x110 Omega.o
 .debug_abbrev  0x00001445       0xdf Registr.o
 .debug_abbrev  0x00001524      0x11f ServiceMenu.o
 .debug_abbrev  0x00001643       0xdc Voltmeter.o

.debug_line     0x00000000     0x4208
 *(.debug_line .debug_line.* .debug_line_end)
 .debug_line    0x00000000      0x133 C:/Program Files (x86)/Atmel/Studio/7.0/Packs/atmel/ATmega_DFP/1.3.300/gcc/dev/atmega328p/avr5/crtatmega328p.o
 .debug_line    0x00000133      0x1c7 ADConverter.o
 .debug_line    0x000002fa      0x212 AirCond.o
 .debug_line    0x0000050c      0x380 AutoTemp.o
 .debug_line    0x0000088c      0x326 DHT.o
 .debug_line    0x00000bb2      0x15a EepromDATA.o
 .debug_line    0x00000d0c      0x21b Inputs.o
 .debug_line    0x00000f27      0x319 LCD.o
 .debug_line    0x00001240      0x2ec Led_driver.o
 .debug_line    0x0000152c      0x5cf main.o
 .debug_line    0x00001afb      0x42d Manual.o
 .debug_line    0x00001f28      0x49d MenuStatus.o
 .debug_line    0x000023c5      0x83b Omega.o
 .debug_line    0x00002c00      0x496 Registr.o
 .debug_line    0x00003096      0xfd2 ServiceMenu.o
 .debug_line    0x00004068      0x1a0 Voltmeter.o

.debug_frame    0x00000000      0x4ac
 *(.debug_frame)
 .debug_frame   0x00000000       0x48 ADConverter.o
 .debug_frame   0x00000048       0x50 AirCond.o
 .debug_frame   0x00000098       0x24 AutoTemp.o
 .debug_frame   0x000000bc       0xb4 DHT.o
 .debug_frame   0x00000170       0x34 EepromDATA.o
 .debug_frame   0x000001a4       0x34 Inputs.o
 .debug_frame   0x000001d8       0x78 LCD.o
 .debug_frame   0x00000250       0x34 Led_driver.o
 .debug_frame   0x00000284       0x7c main.o
 .debug_frame   0x00000300       0x24 Manual.o
 .debug_frame   0x00000324       0x30 MenuStatus.o
 .debug_frame   0x00000354       0x50 Omega.o
 .debug_frame   0x000003a4       0x54 Registr.o
 .debug_frame   0x000003f8       0x7c ServiceMenu.o
 .debug_frame   0x00000474       0x38 Voltmeter.o

.debug_str      0x00000000      0x8bd
 *(.debug_str)
 .debug_str     0x00000000      0x208 C:/Program Files (x86)/Atmel/Studio/7.0/Packs/atmel/ATmega_DFP/1.3.300/gcc/dev/atmega328p/avr5/crtatmega328p.o
 .debug_str     0x00000208      0x41e ADConverter.o
                                0x476 (size before relaxing)
 .debug_str     0x00000626       0x3c AirCond.o
                                0x481 (size before relaxing)
 .debug_str     0x00000662       0x88 AutoTemp.o
                                0x4d5 (size before relaxing)
 .debug_str     0x000006ea       0x38 DHT.o
                                0x4de (size before relaxing)
 .debug_str     0x00000722       0x3c EepromDATA.o
                                0x48a (size before relaxing)
 .debug_str     0x0000075e       0x24 Inputs.o
                                0x47a (size before relaxing)
 .debug_str     0x00000782       0x30 LCD.o
                                0x4de (size before relaxing)
 .debug_str     0x000007b2       0x18 Led_driver.o
                                0x46c (size before relaxing)
 .debug_str     0x000007ca       0x58 main.o
                                0x58e (size before relaxing)
 .debug_str     0x00000822       0x1b Manual.o
                                0x4de (size before relaxing)
 .debug_str     0x0000083d       0x12 MenuStatus.o
                                0x4d7 (size before relaxing)
 .debug_str     0x0000084f       0x16 Omega.o
                                0x47e (size before relaxing)
 .debug_str     0x00000865       0x2d Registr.o
                                0x47a (size before relaxing)
 .debug_str     0x00000892       0x1a ServiceMenu.o
                                0x4b6 (size before relaxing)
 .debug_str     0x000008ac       0x11 Voltmeter.o
                                0x48d (size before relaxing)

.debug_loc      0x00000000      0xea3
 *(.debug_loc)
 .debug_loc     0x00000000       0xba ADConverter.o
 .debug_loc     0x000000ba       0x56 AirCond.o
 .debug_loc     0x00000110       0x48 AutoTemp.o
 .debug_loc     0x00000158      0x32f DHT.o
 .debug_loc     0x00000487       0x24 EepromDATA.o
 .debug_loc     0x000004ab      0x251 LCD.o
 .debug_loc     0x000006fc       0x14 Led_driver.o
 .debug_loc     0x00000710      0x1eb main.o
 .debug_loc     0x000008fb      0x1b0 Manual.o
 .debug_loc     0x00000aab      0x13f MenuStatus.o
 .debug_loc     0x00000bea       0x2f Omega.o
 .debug_loc     0x00000c19       0xf4 Registr.o
 .debug_loc     0x00000d0d      0x14d ServiceMenu.o
 .debug_loc     0x00000e5a       0x49 Voltmeter.o

.debug_macinfo
 *(.debug_macinfo)

.debug_weaknames
 *(.debug_weaknames)

.debug_funcnames
 *(.debug_funcnames)

.debug_typenames
 *(.debug_typenames)

.debug_varnames
 *(.debug_varnames)

.debug_pubtypes
 *(.debug_pubtypes)

.debug_ranges   0x00000000      0x190
 *(.debug_ranges)
 .debug_ranges  0x00000000       0x18 ADConverter.o
 .debug_ranges  0x00000018       0x18 AirCond.o
 .debug_ranges  0x00000030       0x10 AutoTemp.o
 .debug_ranges  0x00000040       0x20 DHT.o
 .debug_ranges  0x00000060       0x18 EepromDATA.o
 .debug_ranges  0x00000078       0x18 Inputs.o
 .debug_ranges  0x00000090       0x28 LCD.o
 .debug_ranges  0x000000b8       0x18 Led_driver.o
 .debug_ranges  0x000000d0       0x18 main.o
 .debug_ranges  0x000000e8       0x10 Manual.o
 .debug_ranges  0x000000f8       0x40 MenuStatus.o
 .debug_ranges  0x00000138       0x20 Omega.o
 .debug_ranges  0x00000158       0x18 Registr.o
 .debug_ranges  0x00000170       0x10 ServiceMenu.o
 .debug_ranges  0x00000180       0x10 Voltmeter.o

.debug_macro
 *(.debug_macro)
OUTPUT(Vent_box.elf elf32-avr)
LOAD linker stubs
